Component: ARM Compiler 5.06 update 6 (build 750) Tool: armlink [4d35ed]

==============================================================================

Section Cross References

    main.o(i.globalInit) refers to stm32f4xx_hal.o(i.HAL_Init) for HAL_Init
    main.o(i.globalInit) refers to sys.o(i.Stm32_Clock_Init) for Stm32_Clock_Init
    main.o(i.globalInit) refers to delay.o(i.delay_init) for delay_init
    main.o(i.globalInit) refers to gpio.o(i.MX_GPIO_Init) for MX_GPIO_Init
    main.o(i.globalInit) refers to dma.o(i.MX_DMA_Init) for MX_DMA_Init
    main.o(i.globalInit) refers to usart.o(i.MX_USART1_UART_Init) for MX_USART1_UART_Init
    main.o(i.globalInit) refers to usart.o(i.MX_USART3_UART_Init) for MX_USART3_UART_Init
    main.o(i.globalInit) refers to tim.o(i.MX_TIM5_Init) for MX_TIM5_Init
    main.o(i.globalInit) refers to uart_dma.o(i.StartUartRxDMA) for StartUartRxDMA
    main.o(i.globalInit) refers to stm32f4xx_hal_uart.o(i.HAL_UART_Receive_IT) for HAL_UART_Receive_IT
    main.o(i.globalInit) refers to led.o(i.LED_Init) for LED_Init
    main.o(i.globalInit) refers to key.o(i.KEY_Init) for KEY_Init
    main.o(i.globalInit) refers to stm32f4xx_hal_tim.o(i.HAL_TIM_Base_Start_IT) for HAL_TIM_Base_Start_IT
    main.o(i.globalInit) refers to beep.o(i.BEEP_Init) for BEEP_Init
    main.o(i.globalInit) refers to sdram.o(i.SDRAM_Init) for SDRAM_Init
    main.o(i.globalInit) refers to lcd.o(i.LCD_Init) for LCD_Init
    main.o(i.globalInit) refers to screen_app.o(i.Draw_INIT_Screen) for Draw_INIT_Screen
    main.o(i.globalInit) refers to tim.o(i.MX_TIM1_Init) for MX_TIM1_Init
    main.o(i.globalInit) refers to tim.o(i.MX_TIM2_Init) for MX_TIM2_Init
    main.o(i.globalInit) refers to tim.o(i.MX_TIM3_Init) for MX_TIM3_Init
    main.o(i.globalInit) refers to tim.o(i.MX_TIM4_Init) for MX_TIM4_Init
    main.o(i.globalInit) refers to stm32f4xx_hal_tim.o(i.HAL_TIM_Encoder_Start) for HAL_TIM_Encoder_Start
    main.o(i.globalInit) refers to printfa.o(i.__0printf) for __2printf
    main.o(i.globalInit) refers to beep.o(i.BEEP_ONCE) for BEEP_ONCE
    main.o(i.globalInit) refers to main.o(.data) for .data
    main.o(i.globalInit) refers to usart.o(.bss) for huart3
    main.o(i.globalInit) refers to tim.o(.bss) for htim5
    main.o(i.globalInit) refers to touch.o(.data) for tp_dev
    main.o(i.globalInit) refers to lcd.o(.data) for POINT_COLOR
    main.o(i.main) refers to main.o(i.globalInit) for globalInit
    main.o(i.main) refers to key.o(i.KEY_Scan) for KEY_Scan
    main.o(i.main) refers to screen_app.o(i.Button_App) for Button_App
    main.o(i.main) refers to delay.o(i.delay_ms) for delay_ms
    main.o(i.main) refers to screen_app.o(i.INIT_Action) for INIT_Action
    main.o(i.main) refers to screen_app.o(i.AUTO1_Action) for AUTO1_Action
    main.o(i.main) refers to screen_app.o(i.MANUAL_Action) for MANUAL_Action
    main.o(i.main) refers to stm32f4xx_hal_gpio.o(i.HAL_GPIO_TogglePin) for HAL_GPIO_TogglePin
    main.o(i.main) refers to touch.o(.data) for tp_dev
    main.o(i.main) refers to main.o(.data) for .data
    stm32f4xx_it.o(i.DMA1_Stream1_IRQHandler) refers to stm32f4xx_hal_dma.o(i.HAL_DMA_IRQHandler) for HAL_DMA_IRQHandler
    stm32f4xx_it.o(i.DMA1_Stream1_IRQHandler) refers to usart.o(.bss) for hdma_usart3_rx
    stm32f4xx_it.o(i.DMA1_Stream3_IRQHandler) refers to stm32f4xx_hal_dma.o(i.HAL_DMA_IRQHandler) for HAL_DMA_IRQHandler
    stm32f4xx_it.o(i.DMA1_Stream3_IRQHandler) refers to usart.o(.bss) for hdma_usart3_tx
    stm32f4xx_it.o(i.SysTick_Handler) refers to stm32f4xx_hal.o(i.HAL_IncTick) for HAL_IncTick
    stm32f4xx_it.o(i.TIM5_IRQHandler) refers to stm32f4xx_hal_tim.o(i.HAL_TIM_IRQHandler) for HAL_TIM_IRQHandler
    stm32f4xx_it.o(i.TIM5_IRQHandler) refers to tim.o(.bss) for htim5
    stm32f4xx_it.o(i.USART3_IRQHandler) refers to uart_dma.o(i.HAL_UART_IdleCallback) for HAL_UART_IdleCallback
    stm32f4xx_it.o(i.USART3_IRQHandler) refers to stm32f4xx_hal_uart.o(i.HAL_UART_IRQHandler) for HAL_UART_IRQHandler
    stm32f4xx_it.o(i.USART3_IRQHandler) refers to usart.o(.bss) for huart3
    system_stm32f4xx.o(i.SystemCoreClockUpdate) refers to system_stm32f4xx.o(.data) for .data
    startup_stm32f429xx.o(RESET) refers to startup_stm32f429xx.o(STACK) for __initial_sp
    startup_stm32f429xx.o(RESET) refers to startup_stm32f429xx.o(.text) for Reset_Handler
    startup_stm32f429xx.o(RESET) refers to stm32f4xx_it.o(i.NMI_Handler) for NMI_Handler
    startup_stm32f429xx.o(RESET) refers to stm32f4xx_it.o(i.HardFault_Handler) for HardFault_Handler
    startup_stm32f429xx.o(RESET) refers to stm32f4xx_it.o(i.MemManage_Handler) for MemManage_Handler
    startup_stm32f429xx.o(RESET) refers to stm32f4xx_it.o(i.BusFault_Handler) for BusFault_Handler
    startup_stm32f429xx.o(RESET) refers to stm32f4xx_it.o(i.UsageFault_Handler) for UsageFault_Handler
    startup_stm32f429xx.o(RESET) refers to stm32f4xx_it.o(i.SVC_Handler) for SVC_Handler
[...]
    t                                        0x200000b1   Data           1  ft5206.o(.data)
    .data                                    0x200000b8   Section       12  screen_app.o(.data)
    .data                                    0x200000c4   Section        2  timer.o(.data)
    .data                                    0x200000c8   Section        4  stdout.o(.data)
    .data                                    0x200000cc   Section        4  errno.o(.data)
    _errno                                   0x200000cc   Data           4  errno.o(.data)
    .bss                                     0x200000d0   Section      304  usart.o(.bss)
    .bss                                     0x20000200   Section       94  lcd.o(.bss)
    .bss                                     0x20000260   Section       52  sdram.o(.bss)
    .bss                                     0x20000294   Section      200  ltdc.o(.bss)
    .bss                                     0x2000035c   Section      256  uart_dma.o(.bss)
    .bss                                     0x2000045c   Section      660  tim.o(.bss)
    STACK                                    0x200006f0   Section     1024  startup_stm32f429xx.o(STACK)
    .ARM.__AT_0xC0000000                     0xc0000000   Section    2048000  ltdc.o(.ARM.__AT_0xC0000000)

    Global Symbols

    Symbol Name                              Value     Ov Type        Size  Object(Section)

    BuildAttributes$$THM_ISAv4$E$P$D$K$B$S$7EM$VFPi3$EXTD16$VFPS$VFMA$PE$A:L22UL41UL21$X:L11$S22US41US21$IEEE1$IW$USESV6$~STKCKD$USESV7$~SHL$OTIME$ROPI$IEEEJ$EBA8$MICROLIB$REQ8$PRES8$EABIv2 0x00000000   Number         0  anon$$obj.o ABSOLUTE
    __ARM_use_no_argv                        0x00000000   Number         0  main.o ABSOLUTE
    _printf_a                                0x00000000   Number         0  stubs.o ABSOLUTE
    _printf_c                                0x00000000   Number         0  stubs.o ABSOLUTE
    _printf_charcount                        0x00000000   Number         0  stubs.o ABSOLUTE
    _printf_d                                0x00000000   Number         0  stubs.o ABSOLUTE
    _printf_e                                0x00000000   Number         0  stubs.o ABSOLUTE
    _printf_f                                0x00000000   Number         0  stubs.o ABSOLUTE
    _printf_flags                            0x00000000   Number         0  stubs.o ABSOLUTE
    _printf_fp_dec                           0x00000000   Number         0  stubs.o ABSOLUTE
    _printf_fp_hex                           0x00000000   Number         0  stubs.o ABSOLUTE
    _printf_g                                0x00000000   Number         0  stubs.o ABSOLUTE
    _printf_i                                0x00000000   Number         0  stubs.o ABSOLUTE
    _printf_int_dec                          0x00000000   Number         0  stubs.o ABSOLUTE
    _printf_l                                0x00000000   Number         0  stubs.o ABSOLUTE
    _printf_lc                               0x00000000   Number         0  stubs.o ABSOLUTE
    _printf_ll                               0x00000000   Number         0  stubs.o ABSOLUTE
    _printf_lld                              0x00000000   Number         0  stubs.o ABSOLUTE
    _printf_lli                              0x00000000   Number         0  stubs.o ABSOLUTE
    _printf_llo                              0x00000000   Number         0  stubs.o ABSOLUTE
    _printf_llu                              0x00000000   Number         0  stubs.o ABSOLUTE
    _printf_llx                              0x00000000   Number         0  stubs.o ABSOLUTE
    _printf_longlong_dec                     0x00000000   Number         0  stubs.o ABSOLUTE
    _printf_longlong_hex                     0x00000000   Number         0  stubs.o ABSOLUTE
    _printf_longlong_oct                     0x00000000   Number         0  stubs.o ABSOLUTE
    _printf_ls                               0x00000000   Number         0  stubs.o ABSOLUTE
    _printf_mbtowc                           0x00000000   Number         0  stubs.o ABSOLUTE
    _printf_n                                0x00000000   Number         0  stubs.o ABSOLUTE
    _printf_o                                0x00000000   Number         0  stubs.o ABSOLUTE
    _printf_p                                0x00000000   Number         0  stubs.o ABSOLUTE
    _printf_percent                          0x00000000   Number         0  stubs.o ABSOLUTE
    _printf_pre_padding                      0x00000000   Number         0  stubs.o ABSOLUTE
    _printf_return_value                     0x00000000   Number         0  stubs.o ABSOLUTE
    _printf_s                                0x00000000   Number         0  stubs.o ABSOLUTE
    _printf_sizespec                         0x00000000   Number         0  stubs.o ABSOLUTE
    _printf_str                              0x00000000   Number         0  stubs.o ABSOLUTE
    _printf_truncate_signed                  0x00000000   Number         0  stubs.o ABSOLUTE
    _printf_truncate_unsigned                0x00000000   Number         0  stubs.o ABSOLUTE
    _printf_u                                0x00000000   Number         0  stubs.o ABSOLUTE
    _printf_wc                               0x00000000   Number         0  stubs.o ABSOLUTE
    _printf_wctomb                           0x00000000   Number         0  stubs.o ABSOLUTE
    _printf_widthprec                        0x00000000   Number         0  stubs.o ABSOLUTE
    _printf_x                                0x00000000   Number         0  stubs.o ABSOLUTE
    __cpp_initialize__aeabi_                  - Undefined Weak Reference
    __cxa_finalize                            - Undefined Weak Reference
    __decompress                              - Undefined Weak Reference
    _clock_init                               - Undefined Weak Reference
    _microlib_exit                            - Undefined Weak Reference
    __Vectors_Size                           0x000001ac   Number         0  startup_stm32f429xx.o ABSOLUTE
    __Vectors                                0x08000000   Data           4  startup_stm32f429xx.o(RESET)
    __Vectors_End                            0x080001ac   Data           0  startup_stm32f429xx.o(RESET)
    __main                                   0x080001ad   Thumb Code     0  entry.o(.ARM.Collect$$$$00000000)
    _main_stk                                0x080001ad   Thumb Code     0  entry2.o(.ARM.Collect$$$$00000001)
    _main_scatterload                        0x080001b1   Thumb Code     0  entry5.o(.ARM.Collect$$$$00000004)
    __main_after_scatterload                 0x080001b5   Thumb Code     0  entry5.o(.ARM.Collect$$$$00000004)
    _main_clock                              0x080001b5   Thumb Code     0  entry7b.o(.ARM.Collect$$$$00000008)
    _main_cpp_init                           0x080001b5   Thumb Code     0  entry8b.o(.ARM.Collect$$$$0000000A)
    _main_init                               0x080001b5   Thumb Code     0  entry9a.o(.ARM.Collect$$$$0000000B)
    __rt_final_cpp                           0x080001bd   Thumb Code     0  entry10a.o(.ARM.Collect$$$$0000000D)
    __rt_final_exit                          0x080001bd   Thumb Code     0  entry11a.o(.ARM.Collect$$$$0000000F)
    Reset_Handler                            0x080001c1   Thumb Code     8  startup_stm32f429xx.o(.text)
    ADC_IRQHandler                           0x080001db   Thumb Code     0  startup_stm32f429xx.o(.text)
    CAN1_RX0_IRQHandler                      0x080001db   Thumb Code     0  startup_stm32f429xx.o(.text)
    CAN1_RX1_IRQHandler                      0x080001db   Thumb Code     0  startup_stm32f429xx.o(.text)
    CAN1_SCE_IRQHandler                      0x080001db   Thumb Code     0  startup_stm32f429xx.o(.text)
    CAN1_TX_IRQHandler                       0x080001db   Thumb Code     0  startup_stm32f429xx.o(.text)
    CAN2_RX0_IRQHandler                      0x080001db   Thumb Code     0  startup_stm32f429xx.o(.text)
    CAN2_RX1_IRQHandler                      0x080001db   Thumb Code     0  startup_stm32f429xx.o(.text)
    CAN2_SCE_IRQHandler                      0x080001db   Thumb Code     0  startup_stm32f429xx.o(.text)
    CAN2_TX_IRQHandler                       0x080001db   Thumb Code     0  startup_stm32f429xx.o(.text)
    DCMI_IRQHandler                          0x080001db   Thumb Code     0  startup_stm32f429xx.o(.text)
    DMA1_Stream0_IRQHandler                  0x080001db   Thumb Code     0  startup_stm32f429xx.o(.text)
    DMA1_Stream2_IRQHandler                  0x080001db   Thumb Code     0  startup_stm32f429xx.o(.text)
    DMA1_Stream4_IRQHandler                  0x080001db   Thumb Code     0  startup_stm32f429xx.o(.text)
    DMA1_Stream5_IRQHandler                  0x080001db   Thumb Code     0  startup_stm32f429xx.o(.text)
    DMA1_Stream6_IRQHandler                  0x080001db   Thumb Code     0  startup_stm32f429xx.o(.text)
    DMA1_Stream7_IRQHandler                  0x080001db   Thumb Code     0  startup_stm32f429xx.o(.text)
    DMA2D_IRQHandler                         0x080001db   Thumb Code     0  startup_stm32f429xx.o(.text)
    DMA2_Stream0_IRQHandler                  0x080001db   Thumb Code     0  startup_stm32f429xx.o(.text)
    DMA2_Stream1_IRQHandler                  0x080001db   Thumb Code     0  startup_stm32f429xx.o(.text)
    DMA2_Stream2_IRQHandler                  0x080001db   Thumb Code     0  startup_stm32f429xx.o(.text)
    DMA2_Stream3_IRQHandler                  0x080001db   Thumb Code     0  startup_stm32f429xx.o(.text)
    DMA2_Stream4_IRQHandler                  0x080001db   Thumb Code     0  startup_stm32f429xx.o(.text)
    DMA2_Stream5_IRQHandler                  0x080001db   Thumb Code     0  startup_stm32f429xx.o(.text)
    DMA2_Stream6_IRQHandler                  0x080001db   Thumb Code     0  startup_stm32f429xx.o(.text)
    DMA2_Stream7_IRQHandler                  0x080001db   Thumb Code     0  startup_stm32f429xx.o(.text)
    ETH_IRQHandler                           0x080001db   Thumb Code     0  startup_stm32f429xx.o(.text)
    ETH_WKUP_IRQHandler                      0x080001db   Thumb Code     0  startup_stm32f429xx.o(.text)
    EXTI0_IRQHandler                         0x080001db   Thumb Code     0  startup_stm32f429xx.o(.text)
    EXTI15_10_IRQHandler                     0x080001db   Thumb Code     0  startup_stm32f429xx.o(.text)
    EXTI1_IRQHandler                         0x080001db   Thumb Code     0  startup_stm32f429xx.o(.text)
    EXTI2_IRQHandler                         0x080001db   Thumb Code     0  startup_stm32f429xx.o(.text)
    EXTI3_IRQHandler                         0x080001db   Thumb Code     0  startup_stm32f429xx.o(.text)
    EXTI4_IRQHandler                         0x080001db   Thumb Code     0  startup_stm32f429xx.o(.text)
    EXTI9_5_IRQHandler                       0x080001db   Thumb Code     0  startup_stm32f429xx.o(.text)
    FLASH_IRQHandler                         0x080001db   Thumb Code     0  startup_stm32f429xx.o(.text)
    FMC_IRQHandler                           0x080001db   Thumb Code     0  startup_stm32f429xx.o(.text)
    FPU_IRQHandler                           0x080001db   Thumb Code     0  startup_stm32f429xx.o(.text)
    HASH_RNG_IRQHandler                      0x080001db   Thumb Code     0  startup_stm32f429xx.o(.text)
    I2C1_ER_IRQHandler                       0x080001db   Thumb Code     0  startup_stm32f429xx.o(.text)
    I2C1_EV_IRQHandler                       0x080001db   Thumb Code     0  startup_stm32f429xx.o(.text)
    I2C2_ER_IRQHandler                       0x080001db   Thumb Code     0  startup_stm32f429xx.o(.text)
    I2C2_EV_IRQHandler                       0x080001db   Thumb Code     0  startup_stm32f429xx.o(.text)
    I2C3_ER_IRQHandler                       0x080001db   Thumb Code     0  startup_stm32f429xx.o(.text)
    I2C3_EV_IRQHandler                       0x080001db   Thumb Code     0  startup_stm32f429xx.o(.text)
    LTDC_ER_IRQHandler                       0x080001db   Thumb Code     0  startup_stm32f429xx.o(.text)
    LTDC_IRQHandler                          0x080001db   Thumb Code     0  startup_stm32f429xx.o(.text)
    OTG_FS_IRQHandler                        0x080001db   Thumb Code     0  startup_stm32f429xx.o(.text)
    OTG_FS_WKUP_IRQHandler                   0x080001db   Thumb Code     0  startup_stm32f429xx.o(.text)
    OTG_HS_EP1_IN_IRQHandler                 0x080001db   Thumb Code     0  startup_stm32f429xx.o(.text)
    OTG_HS_EP1_OUT_IRQHandler                0x080001db   Thumb Code     0  startup_stm32f429xx.o(.text)
    OTG_HS_IRQHandler                        0x080001db   Thumb Code     0  startup_stm32f429xx.o(.text)
    OTG_HS_WKUP_IRQHandler                   0x080001db   Thumb Code     0  startup_stm32f429xx.o(.text)
    PVD_IRQHandler                           0x080001db   Thumb Code     0  startup_stm32f429xx.o(.text)
    RCC_IRQHandler                           0x080001db   Thumb Code     0  startup_stm32f429xx.o(.text)
    RTC_Alarm_IRQHandler                     0x080001db   Thumb Code     0  startup_stm32f429xx.o(.text)
    RTC_WKUP_IRQHandler                      0x080001db   Thumb Code     0  startup_stm32f429xx.o(.text)
    SAI1_IRQHandler                          0x080001db   Thumb Code     0  startup_stm32f429xx.o(.text)
    SDIO_IRQHandler                          0x080001db   Thumb Code     0  startup_stm32f429xx.o(.text)
    SPI1_IRQHandler                          0x080001db   Thumb Code     0  startup_stm32f429xx.o(.text)
    SPI2_IRQHandler                          0x080001db   Thumb Code     0  startup_stm32f429xx.o(.text)
    SPI3_IRQHandler                          0x080001db   Thumb Code     0  startup_stm32f429xx.o(.text)
    SPI4_IRQHandler                          0x080001db   Thumb Code     0  startup_stm32f429xx.o(.text)
    SPI5_IRQHandler                          0x080001db   Thumb Code     0  startup_stm32f429xx.o(.text)
    SPI6_IRQHandler                          0x080001db   Thumb Code     0  startup_stm32f429xx.o(.text)
    TAMP_STAMP_IRQHandler                    0x080001db   Thumb Code     0  startup_stm32f429xx.o(.text)
    TIM1_BRK_TIM9_IRQHandler                 0x080001db   Thumb Code     0  startup_stm32f429xx.o(.text)
    TIM1_CC_IRQHandler                       0x080001db   Thumb Code     0  startup_stm32f429xx.o(.text)
    TIM1_TRG_COM_TIM11_IRQHandler            0x080001db   Thumb Code     0  startup_stm32f429xx.o(.text)
    TIM1_UP_TIM10_IRQHandler                 0x080001db   Thumb Code     0  startup_stm32f429xx.o(.text)
    TIM2_IRQHandler                          0x080001db   Thumb Code     0  startup_stm32f429xx.o(.text)
    TIM3_IRQHandler                          0x080001db   Thumb Code     0  startup_stm32f429xx.o(.text)
    TIM4_IRQHandler                          0x080001db   Thumb Code     0  startup_stm32f429xx.o(.text)
    TIM6_DAC_IRQHandler                      0x080001db   Thumb Code     0  startup_stm32f429xx.o(.text)
    TIM7_IRQHandler                          0x080001db   Thumb Code     0  startup_stm32f429xx.o(.text)
    TIM8_BRK_TIM12_IRQHandler                0x080001db   Thumb Code     0  startup_stm32f429xx.o(.text)
    TIM8_CC_IRQHandler                       0x080001db   Thumb Code     0  startup_stm32f429xx.o(.text)
    TIM8_TRG_COM_TIM14_IRQHandler            0x080001db   Thumb Code     0  startup_stm32f429xx.o(.text)
    TIM8_UP_TIM13_IRQHandler                 0x080001db   Thumb Code     0  startup_stm32f429xx.o(.text)
    UART4_IRQHandler                         0x080001db   Thumb Code     0  startup_stm32f429xx.o(.text)
    UART5_IRQHandler                         0x080001db   Thumb Code     0  startup_stm32f429xx.o(.text)
    UART7_IRQHandler                         0x080001db   Thumb Code     0  startup_stm32f429xx.o(.text)
    UART8_IRQHandler                         0x080001db   Thumb Code     0  startup_stm32f429xx.o(.text)
    USART1_IRQHandler                        0x080001db   Thumb Code     0  startup_stm32f429xx.o(.text)
    USART2_IRQHandler                        0x080001db   Thumb Code     0  startup_stm32f429xx.o(.text)
    USART6_IRQHandler                        0x080001db   Thumb Code     0  startup_stm32f429xx.o(.text)
    WWDG_IRQHandler                          0x080001db   Thumb Code     0  startup_stm32f429xx.o(.text)
    __aeabi_memcpy                           0x080001e5   Thumb Code    36  memcpya.o(.text)
    __aeabi_memcpy4                          0x080001e5   Thumb Code     0  memcpya.o(.text)
    __aeabi_memcpy8                          0x080001e5   Thumb Code     0  memcpya.o(.text)
    __aeabi_memset                           0x08000209   Thumb Code    14  memseta.o(.text)
    __aeabi_memset4                          0x08000209   Thumb Code     0  memseta.o(.text)
    __aeabi_memset8                          0x08000209   Thumb Code     0  memseta.o(.text)
    __aeabi_memclr                           0x08000217   Thumb Code     4  memseta.o(.text)
    __aeabi_memclr4                          0x08000217   Thumb Code     0  memseta.o(.text)
    __aeabi_memclr8                          0x08000217   Thumb Code     0  memseta.o(.text)
    _memset$wrapper                          0x0800021b   Thumb Code    18  memseta.o(.text)
    strcmp                                   0x0800022d   Thumb Code    28  strcmp.o(.text)
    atoi                                     0x08000249   Thumb Code    26  atoi.o(.text)
    __aeabi_dadd                             0x08000263   Thumb Code   322  dadd.o(.text)
    __aeabi_dsub                             0x080003a5   Thumb Code     6  dadd.o(.text)
    __aeabi_drsub                            0x080003ab   Thumb Code     6  dadd.o(.text)
    __aeabi_dmul                             0x080003b1   Thumb Code   228  dmul.o(.text)
    __aeabi_ddiv                             0x08000495   Thumb Code   222  ddiv.o(.text)
    __aeabi_i2d                              0x08000573   Thumb Code    34  dflti.o(.text)
    __aeabi_ui2d                             0x08000595   Thumb Code    26  dfltui.o(.text)
    __aeabi_d2uiz                            0x080005af   Thumb Code    50  dfixui.o(.text)
    __aeabi_f2d                              0x080005e1   Thumb Code    38  f2d.o(.text)
    __aeabi_cdcmpeq                          0x08000609   Thumb Code     0  cdcmple.o(.text)
    __aeabi_cdcmple                          0x08000609   Thumb Code    48  cdcmple.o(.text)
    __aeabi_cdrcmple                         0x08000639   Thumb Code    48  cdrcmple.o(.text)
    __aeabi_uidiv                            0x08000669   Thumb Code     0  uidiv.o(.text)
    __aeabi_uidivmod                         0x08000669   Thumb Code    44  uidiv.o(.text)
    __aeabi_uldivmod                         0x08000695   Thumb Code    98  uldiv.o(.text)
    __aeabi_llsl                             0x080006f7   Thumb Code    30  llshl.o(.text)
    _ll_shift_l                              0x080006f7   Thumb Code     0  llshl.o(.text)
    __aeabi_llsr                             0x08000715   Thumb Code    32  llushr.o(.text)
    _ll_ushift_r                             0x08000715   Thumb Code     0  llushr.o(.text)
    __aeabi_lasr                             0x08000735   Thumb Code    36  llsshr.o(.text)
    _ll_sshift_r                             0x08000735   Thumb Code     0  llsshr.o(.text)
    strtol                                   0x08000759   Thumb Code   112  strtol.o(.text)
    __I$use$fp                               0x080007c9   Thumb Code     0  iusefp.o(.text)
    _double_round                            0x080007c9   Thumb Code    30  depilogue.o(.text)
    _double_epilogue                         0x080007e7   Thumb Code   156  depilogue.o(.text)
    _dsqrt                                   0x08000883   Thumb Code   162  dsqrt.o(.text)
    __aeabi_d2ulz                            0x08000925   Thumb Code    48  dfixul.o(.text)
    __scatterload                            0x08000955   Thumb Code    28  init.o(.text)
    __scatterload_rt2                        0x08000955   Thumb Code     0  init.o(.text)
    __rt_ctype_table                         0x08000979   Thumb Code     4  ctype_o.o(.text)
    _strtoul                                 0x08000981   Thumb Code   158  _strtoul.o(.text)
    _chval                                   0x08000a1f   Thumb Code    28  _chval.o(.text)
    AT24CXX_Init                             0x08000a3b   Thumb Code     4  24cxx.o(i.AT24CXX_Init)
    AT24CXX_ReadLenByte                      0x08000a3f   Thumb Code    42  24cxx.o(i.AT24CXX_ReadLenByte)
    AT24CXX_ReadOneByte                      0x08000a69   Thumb Code    66  24cxx.o(i.AT24CXX_ReadOneByte)
    AT24CXX_WriteLenByte                     0x08000aab   Thumb Code    42  24cxx.o(i.AT24CXX_WriteLenByte)
    AT24CXX_WriteOneByte                     0x08000ad5   Thumb Code    62  24cxx.o(i.AT24CXX_WriteOneByte)
    AUTO1_Action                             0x08000b13   Thumb Code     2  screen_app.o(i.AUTO1_Action)
    BEEP_Init                                0x08000b15   Thumb Code    58  beep.o(i.BEEP_Init)
    BEEP_ONCE                                0x08000b59   Thumb Code     2  beep.o(i.BEEP_ONCE)
    BusFault_Handler                         0x08000b5b   Thumb Code     2  stm32f4xx_it.o(i.BusFault_Handler)
    Button_App                               0x08000b5d   Thumb Code    20  screen_app.o(i.Button_App)
    CT_IIC_Ack                               0x08000ba1   Thumb Code    58  ctiic.o(i.CT_IIC_Ack)
    CT_IIC_Init                              0x08000be9   Thumb Code    88  ctiic.o(i.CT_IIC_Init)
    CT_IIC_NAck                              0x08000c55   Thumb Code    58  ctiic.o(i.CT_IIC_NAck)
    CT_IIC_Read_Byte                         0x08000c9d   Thumb Code   106  ctiic.o(i.CT_IIC_Read_Byte)
    CT_IIC_Send_Byte                         0x08000d15   Thumb Code    90  ctiic.o(i.CT_IIC_Send_Byte)
    CT_IIC_Start                             0x08000d7d   Thumb Code    62  ctiic.o(i.CT_IIC_Start)
    CT_IIC_Stop                              0x08000dc9   Thumb Code    62  ctiic.o(i.CT_IIC_Stop)
    CT_IIC_Wait_Ack                          0x08000e15   Thumb Code    70  ctiic.o(i.CT_IIC_Wait_Ack)
    DMA1_Stream1_IRQHandler                  0x08000e69   Thumb Code     6  stm32f4xx_it.o(i.DMA1_Stream1_IRQHandler)
    DMA1_Stream3_IRQHandler                  0x08000e75   Thumb Code     6  stm32f4xx_it.o(i.DMA1_Stream3_IRQHandler)
    DataProcess                              0x08000ed1   Thumb Code    86  uart_dma.o(i.DataProcess)
    DebugMon_Handler                         0x08000f31   Thumb Code     2  stm32f4xx_it.o(i.DebugMon_Handler)
    Draw_AUTO1_Screen                        0x08000f33   Thumb Code     2  screen_app.o(i.Draw_AUTO1_Screen)
    Draw_INIT_Screen                         0x08000f35   Thumb Code   166  screen_app.o(i.Draw_INIT_Screen)
    Draw_MAUAL_Screen                        0x08001001   Thumb Code   992  screen_app.o(i.Draw_MAUAL_Screen)
    Error_Handler                            0x08001455   Thumb Code     4  main.o(i.Error_Handler)
    FMC_NORSRAM_Extended_Timing_Init         0x08001459   Thumb Code    60  stm32f4xx_ll_fmc.o(i.FMC_NORSRAM_Extended_Timing_Init)
    FMC_NORSRAM_Init                         0x08001499   Thumb Code   110  stm32f4xx_ll_fmc.o(i.FMC_NORSRAM_Init)
    FMC_NORSRAM_Timing_Init                  0x08001511   Thumb Code    86  stm32f4xx_ll_fmc.o(i.FMC_NORSRAM_Timing_Init)
    FMC_SDRAM_Init                           0x0800156d   Thumb Code    76  stm32f4xx_ll_fmc.o(i.FMC_SDRAM_Init)
    FMC_SDRAM_ProgramRefreshRate             0x080015b9   Thumb Code    12  stm32f4xx_ll_fmc.o(i.FMC_SDRAM_ProgramRefreshRate)
    FMC_SDRAM_SendCommand                    0x080015c5   Thumb Code    72  stm32f4xx_ll_fmc.o(i.FMC_SDRAM_SendCommand)
    FMC_SDRAM_Timing_Init                    0x0800160d   Thumb Code   124  stm32f4xx_ll_fmc.o(i.FMC_SDRAM_Timing_Init)
    FT5206_Init                              0x08001689   Thumb Code   298  ft5206.o(i.FT5206_Init)
    FT5206_RD_Reg                            0x08001809   Thumb Code    86  ft5206.o(i.FT5206_RD_Reg)
    FT5206_Scan                              0x08001861   Thumb Code   586  ft5206.o(i.FT5206_Scan)
    FT5206_WR_Reg                            0x08001ac1   Thumb Code    72  ft5206.o(i.FT5206_WR_Reg)
    GT9147_Init                              0x08001b09   Thumb Code   256  gt9147.o(i.GT9147_Init)
    GT9147_RD_Reg                            0x08001c59   Thumb Code    96  gt9147.o(i.GT9147_RD_Reg)
    GT9147_Scan                              0x08001cb9   Thumb Code   496  gt9147.o(i.GT9147_Scan)
    GT9147_Send_Cfg                          0x08001eb9   Thumb Code    72  gt9147.o(i.GT9147_Send_Cfg)
    GT9147_WR_Reg                            0x08001f05   Thumb Code    82  gt9147.o(i.GT9147_WR_Reg)
    HAL_DMA_Abort                            0x08001f57   Thumb Code    82  stm32f4xx_hal_dma.o(i.HAL_DMA_Abort)
    HAL_DMA_IRQHandler                       0x08001fa9   Thumb Code   414  stm32f4xx_hal_dma.o(i.HAL_DMA_IRQHandler)
    HAL_DMA_Init                             0x0800214d   Thumb Code   116  stm32f4xx_hal_dma.o(i.HAL_DMA_Init)
    HAL_DMA_Start_IT                         0x080021c5   Thumb Code    78  stm32f4xx_hal_dma.o(i.HAL_DMA_Start_IT)
    HAL_GPIO_Init                            0x08002215   Thumb Code   422  stm32f4xx_hal_gpio.o(i.HAL_GPIO_Init)
    HAL_GPIO_ReadPin                         0x080023f1   Thumb Code    10  stm32f4xx_hal_gpio.o(i.HAL_GPIO_ReadPin)
    HAL_GPIO_TogglePin                       0x080023fb   Thumb Code     8  stm32f4xx_hal_gpio.o(i.HAL_GPIO_TogglePin)
    HAL_GPIO_WritePin                        0x08002403   Thumb Code    10  stm32f4xx_hal_gpio.o(i.HAL_GPIO_WritePin)
    HAL_GetTick                              0x0800240d   Thumb Code     6  stm32f4xx_hal.o(i.HAL_GetTick)
    HAL_IncTick                              0x08002419   Thumb Code    10  stm32f4xx_hal.o(i.HAL_IncTick)
    HAL_Init                                 0x08002429   Thumb Code    48  stm32f4xx_hal.o(i.HAL_Init)
    HAL_InitTick                             0x0800245d   Thumb Code    34  stm32f4xx_hal.o(i.HAL_InitTick)
    HAL_LTDC_ConfigLayer                     0x0800247f   Thumb Code    82  stm32f4xx_hal_ltdc.o(i.HAL_LTDC_ConfigLayer)
    HAL_LTDC_Init                            0x080024d1   Thumb Code   248  stm32f4xx_hal_ltdc.o(i.HAL_LTDC_Init)
    HAL_LTDC_MspInit                         0x080025cd   Thumb Code   218  ltdc.o(i.HAL_LTDC_MspInit)
    HAL_LTDC_SetWindowPosition               0x080026c1   Thumb Code    84  stm32f4xx_hal_ltdc.o(i.HAL_LTDC_SetWindowPosition)
    HAL_LTDC_SetWindowSize                   0x08002715   Thumb Code    84  stm32f4xx_hal_ltdc.o(i.HAL_LTDC_SetWindowSize)
    HAL_MspInit                              0x08002769   Thumb Code     8  stm32f4xx_hal.o(i.HAL_MspInit)
    HAL_NVIC_EnableIRQ                       0x08002771   Thumb Code    22  stm32f4xx_hal_cortex.o(i.HAL_NVIC_EnableIRQ)
    HAL_NVIC_SetPriority                     0x08002789   Thumb Code    60  stm32f4xx_hal_cortex.o(i.HAL_NVIC_SetPriority)
    HAL_NVIC_SetPriorityGrouping             0x080027c9   Thumb Code    26  stm32f4xx_hal_cortex.o(i.HAL_NVIC_SetPriorityGrouping)
    HAL_PWREx_EnableOverDrive                0x080027ed   Thumb Code   122  stm32f4xx_hal_pwr_ex.o(i.HAL_PWREx_EnableOverDrive)
    HAL_RCCEx_PeriphCLKConfig                0x08002875   Thumb Code   644  stm32f4xx_hal_rcc_ex.o(i.HAL_RCCEx_PeriphCLKConfig)
    HAL_RCC_ClockConfig                      0x08002b1d   Thumb Code   512  stm32f4xx_hal_rcc.o(i.HAL_RCC_ClockConfig)
    HAL_RCC_GetHCLKFreq                      0x08002d25   Thumb Code    38  stm32f4xx_hal_rcc.o(i.HAL_RCC_GetHCLKFreq)
    HAL_RCC_GetPCLK1Freq                     0x08002d59   Thumb Code    36  stm32f4xx_hal_rcc.o(i.HAL_RCC_GetPCLK1Freq)
    HAL_RCC_GetPCLK2Freq                     0x08002d85   Thumb Code    36  stm32f4xx_hal_rcc.o(i.HAL_RCC_GetPCLK2Freq)
    HAL_RCC_GetSysClockFreq                  0x08002db1   Thumb Code   104  stm32f4xx_hal_rcc.o(i.HAL_RCC_GetSysClockFreq)
    HAL_RCC_OscConfig                        0x08002e25   Thumb Code   774  stm32f4xx_hal_rcc.o(i.HAL_RCC_OscConfig)
    HAL_SDRAM_Init                           0x08003141   Thumb Code    66  stm32f4xx_hal_sdram.o(i.HAL_SDRAM_Init)
    HAL_SDRAM_MspInit                        0x08003185   Thumb Code   194  sdram.o(i.HAL_SDRAM_MspInit)
    HAL_SDRAM_ProgramRefreshRate             0x08003261   Thumb Code    34  stm32f4xx_hal_sdram.o(i.HAL_SDRAM_ProgramRefreshRate)
    HAL_SDRAM_SendCommand                    0x08003283   Thumb Code    46  stm32f4xx_hal_sdram.o(i.HAL_SDRAM_SendCommand)
    HAL_SRAM_Init                            0x080032b1   Thumb Code    86  stm32f4xx_hal_sram.o(i.HAL_SRAM_Init)
    HAL_SRAM_MspInit                         0x08003309   Thumb Code   106  lcd.o(i.HAL_SRAM_MspInit)
    HAL_SYSTICK_CLKSourceConfig              0x08003381   Thumb Code    24  stm32f4xx_hal_cortex.o(i.HAL_SYSTICK_CLKSourceConfig)
    HAL_SYSTICK_Config                       0x08003399   Thumb Code    40  stm32f4xx_hal_cortex.o(i.HAL_SYSTICK_Config)
    HAL_TIMEx_BreakCallback                  0x080033c1   Thumb Code     2  stm32f4xx_hal_tim_ex.o(i.HAL_TIMEx_BreakCallback)
    HAL_TIMEx_CommutationCallback            0x080033c3   Thumb Code     2  stm32f4xx_hal_tim_ex.o(i.HAL_TIMEx_CommutationCallback)
    HAL_TIMEx_MasterConfigSynchronization    0x080033c5   Thumb Code    80  stm32f4xx_hal_tim_ex.o(i.HAL_TIMEx_MasterConfigSynchronization)
    HAL_TIM_Base_Init                        0x08003415   Thumb Code    54  stm32f4xx_hal_tim.o(i.HAL_TIM_Base_Init)
    HAL_TIM_Base_MspInit                     0x0800344d   Thumb Code   120  tim.o(i.HAL_TIM_Base_MspInit)
    HAL_TIM_Base_Start_IT                    0x080034d9   Thumb Code    24  stm32f4xx_hal_tim.o(i.HAL_TIM_Base_Start_IT)
    HAL_TIM_ConfigClockSource                0x080034f1   Thumb Code   240  stm32f4xx_hal_tim.o(i.HAL_TIM_ConfigClockSource)
    HAL_TIM_Encoder_Init                     0x080035e1   Thumb Code   150  stm32f4xx_hal_tim.o(i.HAL_TIM_Encoder_Init)
    HAL_TIM_Encoder_MspInit                  0x08003679   Thumb Code   292  tim.o(i.HAL_TIM_Encoder_MspInit)
    HAL_TIM_Encoder_Start                    0x080037bd   Thumb Code    50  stm32f4xx_hal_tim.o(i.HAL_TIM_Encoder_Start)
    HAL_TIM_IC_CaptureCallback               0x080037ef   Thumb Code     2  stm32f4xx_hal_tim.o(i.HAL_TIM_IC_CaptureCallback)
    HAL_TIM_IRQHandler                       0x080037f1   Thumb Code   358  stm32f4xx_hal_tim.o(i.HAL_TIM_IRQHandler)
    HAL_TIM_OC_DelayElapsedCallback          0x08003957   Thumb Code     2  stm32f4xx_hal_tim.o(i.HAL_TIM_OC_DelayElapsedCallback)
    HAL_TIM_PWM_PulseFinishedCallback        0x08003959   Thumb Code     2  stm32f4xx_hal_tim.o(i.HAL_TIM_PWM_PulseFinishedCallback)
    HAL_TIM_PeriodElapsedCallback            0x0800395d   Thumb Code    76  timer.o(i.HAL_TIM_PeriodElapsedCallback)
    HAL_TIM_TriggerCallback                  0x080039c1   Thumb Code     2  stm32f4xx_hal_tim.o(i.HAL_TIM_TriggerCallback)
    HAL_UART_DMAStop                         0x080039c3   Thumb Code    50  stm32f4xx_hal_uart.o(i.HAL_UART_DMAStop)
    HAL_UART_ErrorCallback                   0x080039f5   Thumb Code     2  stm32f4xx_hal_uart.o(i.HAL_UART_ErrorCallback)
    HAL_UART_IRQHandler                      0x080039f7   Thumb Code   244  stm32f4xx_hal_uart.o(i.HAL_UART_IRQHandler)
    HAL_UART_IdleCallback                    0x08003aeb   Thumb Code    26  uart_dma.o(i.HAL_UART_IdleCallback)
    HAL_UART_Init                            0x08003b05   Thumb Code    94  stm32f4xx_hal_uart.o(i.HAL_UART_Init)
    HAL_UART_MspInit                         0x08003b65   Thumb Code   256  usart.o(i.HAL_UART_MspInit)
    HAL_UART_Receive_DMA                     0x08003c81   Thumb Code   118  stm32f4xx_hal_uart.o(i.HAL_UART_Receive_DMA)
    HAL_UART_Receive_IT                      0x08003d05   Thumb Code   104  stm32f4xx_hal_uart.o(i.HAL_UART_Receive_IT)
    HAL_UART_RxCpltCallback                  0x08003d6d   Thumb Code    22  uart_dma.o(i.HAL_UART_RxCpltCallback)
    HAL_UART_RxHalfCpltCallback              0x08003d89   Thumb Code     2  stm32f4xx_hal_uart.o(i.HAL_UART_RxHalfCpltCallback)
    HAL_UART_Transmit                        0x08003d8b   Thumb Code   200  stm32f4xx_hal_uart.o(i.HAL_UART_Transmit)
    HAL_UART_Transmit_DMA                    0x08003e55   Thumb Code   132  stm32f4xx_hal_uart.o(i.HAL_UART_Transmit_DMA)
    HAL_UART_TxCpltCallback                  0x08003ee5   Thumb Code    14  uart_dma.o(i.HAL_UART_TxCpltCallback)
    HAL_UART_TxHalfCpltCallback              0x08003efd   Thumb Code     2  stm32f4xx_hal_uart.o(i.HAL_UART_TxHalfCpltCallback)
    HardFault_Handler                        0x08003eff   Thumb Code     2  stm32f4xx_it.o(i.HardFault_Handler)
    IIC_Ack                                  0x08003f01   Thumb Code    56  myiic.o(i.IIC_Ack)
    IIC_Init                                 0x08003f41   Thumb Code    58  myiic.o(i.IIC_Init)
    IIC_NAck                                 0x08003f89   Thumb Code    56  myiic.o(i.IIC_NAck)
    IIC_Read_Byte                            0x08003fc9   Thumb Code    96  myiic.o(i.IIC_Read_Byte)
    IIC_Send_Byte                            0x08004031   Thumb Code    86  myiic.o(i.IIC_Send_Byte)
    IIC_Start                                0x08004091   Thumb Code    56  myiic.o(i.IIC_Start)
    IIC_Stop                                 0x080040d1   Thumb Code    58  myiic.o(i.IIC_Stop)
    IIC_Wait_Ack                             0x08004115   Thumb Code    74  myiic.o(i.IIC_Wait_Ack)
    INIT_Action                              0x08004169   Thumb Code   186  screen_app.o(i.INIT_Action)
    Init_To_Auto1                            0x08004231   Thumb Code    20  status_transmit.o(i.Init_To_Auto1)
    Init_To_Auto2                            0x0800424d   Thumb Code     8  status_transmit.o(i.Init_To_Auto2)
    Init_To_Follow                           0x08004259   Thumb Code     8  status_transmit.o(i.Init_To_Follow)
    Init_To_Manual                           0x08004265   Thumb Code    18  status_transmit.o(i.Init_To_Manual)
    KEY_Init                                 0x08004281   Thumb Code    86  key.o(i.KEY_Init)
    KEY_Scan                                 0x080042e5   Thumb Code   190  key.o(i.KEY_Scan)
    LCD_Clear                                0x080043b1   Thumb Code    58  lcd.o(i.LCD_Clear)
    LCD_Display_Dir                          0x080043f9   Thumb Code   234  lcd.o(i.LCD_Display_Dir)
    LCD_DrawLine                             0x080044ed   Thumb Code   150  lcd.o(i.LCD_DrawLine)
    LCD_DrawPoint                            0x08004585   Thumb Code    36  lcd.o(i.LCD_DrawPoint)
    LCD_DrawRectangle                        0x080045b5   Thumb Code    58  lcd.o(i.LCD_DrawRectangle)
    LCD_Draw_Circle                          0x080045ef   Thumb Code   176  lcd.o(i.LCD_Draw_Circle)
    LCD_Fast_DrawPoint                       0x080046a1   Thumb Code   238  lcd.o(i.LCD_Fast_DrawPoint)
    LCD_Init                                 0x0800479d   Thumb Code  9106  lcd.o(i.LCD_Init)
    LCD_Pow                                  0x08006b35   Thumb Code    16  lcd.o(i.LCD_Pow)
    LCD_RD_DATA                              0x08006b45   Thumb Code    16  lcd.o(i.LCD_RD_DATA)
    LCD_SSD_BackLightSet                     0x08006b59   Thumb Code    72  lcd.o(i.LCD_SSD_BackLightSet)
    LCD_Scan_Dir                             0x08006ba9   Thumb Code   434  lcd.o(i.LCD_Scan_Dir)
    LCD_SetCursor                            0x08006d61   Thumb Code   254  lcd.o(i.LCD_SetCursor)
    LCD_ShowChar                             0x08006e65   Thumb Code   196  lcd.o(i.LCD_ShowChar)
    LCD_ShowNum                              0x08006f41   Thumb Code   118  lcd.o(i.LCD_ShowNum)
    LCD_ShowString                           0x08006fb7   Thumb Code    84  lcd.o(i.LCD_ShowString)
    LCD_ShowxNum                             0x0800700b   Thumb Code   134  lcd.o(i.LCD_ShowxNum)
    LCD_WR_DATA                              0x08007091   Thumb Code    20  lcd.o(i.LCD_WR_DATA)
    LCD_WR_REG                               0x080070a9   Thumb Code    20  lcd.o(i.LCD_WR_REG)
    LCD_WriteRAM_Prepare                     0x080070c1   Thumb Code    10  lcd.o(i.LCD_WriteRAM_Prepare)
    LCD_WriteReg                             0x080070d5   Thumb Code    10  lcd.o(i.LCD_WriteReg)
    LED_Init                                 0x080070e5   Thumb Code    60  led.o(i.LED_Init)
    LTDC_Clear                               0x08007129   Thumb Code    28  ltdc.o(i.LTDC_Clear)
    LTDC_Clk_Set                             0x08007149   Thumb Code    30  ltdc.o(i.LTDC_Clk_Set)
    LTDC_Display_Dir                         0x08007169   Thumb Code    34  ltdc.o(i.LTDC_Display_Dir)
    LTDC_Draw_Point                          0x08007191   Thumb Code    52  ltdc.o(i.LTDC_Draw_Point)
    LTDC_Fill                                0x080071cd   Thumb Code   162  ltdc.o(i.LTDC_Fill)
    LTDC_Init                                0x08007281   Thumb Code   470  ltdc.o(i.LTDC_Init)
    LTDC_Layer_Parameter_Config              0x08007471   Thumb Code    86  ltdc.o(i.LTDC_Layer_Parameter_Config)
    LTDC_Layer_Window_Config                 0x080074cd   Thumb Code    32  ltdc.o(i.LTDC_Layer_Window_Config)
    LTDC_PanelID_Read                        0x080074f1   Thumb Code   170  ltdc.o(i.LTDC_PanelID_Read)
    MANUAL_Action                            0x0800770d   Thumb Code  1202  screen_app.o(i.MANUAL_Action)
    MX_DMA_Init                              0x08007bc5   Thumb Code    56  dma.o(i.MX_DMA_Init)
    MX_GPIO_Init                             0x08007c01   Thumb Code   202  gpio.o(i.MX_GPIO_Init)
    MX_TIM1_Init                             0x08007cd9   Thumb Code    98  tim.o(i.MX_TIM1_Init)
    MX_TIM2_Init                             0x08007d45   Thumb Code    96  tim.o(i.MX_TIM2_Init)
    MX_TIM3_Init                             0x08007da9   Thumb Code    96  tim.o(i.MX_TIM3_Init)
    MX_TIM4_Init                             0x08007e11   Thumb Code    96  tim.o(i.MX_TIM4_Init)
    MX_TIM5_Init                             0x08007e79   Thumb Code    92  tim.o(i.MX_TIM5_Init)
    MX_USART1_UART_Init                      0x08007edd   Thumb Code    32  usart.o(i.MX_USART1_UART_Init)
    MX_USART3_UART_Init                      0x08007f05   Thumb Code    32  usart.o(i.MX_USART3_UART_Init)
    Manual_To_Init                           0x08007f2d   Thumb Code    20  status_transmit.o(i.Manual_To_Init)
    MemManage_Handler                        0x08007f49   Thumb Code     2  stm32f4xx_it.o(i.MemManage_Handler)
    NMI_Handler                              0x08007f4b   Thumb Code     2  stm32f4xx_it.o(i.NMI_Handler)
    OTT2001A_Init                            0x08007f6d   Thumb Code   152  ott2001a.o(i.OTT2001A_Init)
    OTT2001A_RD_Reg                          0x08008039   Thumb Code    96  ott2001a.o(i.OTT2001A_RD_Reg)
    OTT2001A_Scan                            0x08008099   Thumb Code   336  ott2001a.o(i.OTT2001A_Scan)
    OTT2001A_SensorControl                   0x0800820d   Thumb Code    30  ott2001a.o(i.OTT2001A_SensorControl)
    OTT2001A_WR_Reg                          0x0800822b   Thumb Code    82  ott2001a.o(i.OTT2001A_WR_Reg)
    PendSV_Handler                           0x0800827d   Thumb Code     2  stm32f4xx_it.o(i.PendSV_Handler)
    ProcessData                              0x08008281   Thumb Code    60  uart_dma.o(i.ProcessData)
    Read_Encoder                             0x080082c9   Thumb Code    96  motor.o(i.Read_Encoder)
    SDRAM_Init                               0x0800835d   Thumb Code    86  sdram.o(i.SDRAM_Init)
    SDRAM_Initialization_Sequence            0x080083bd   Thumb Code    74  sdram.o(i.SDRAM_Initialization_Sequence)
    SDRAM_Send_Cmd                           0x0800840d   Thumb Code    48  sdram.o(i.SDRAM_Send_Cmd)
    SVC_Handler                              0x08008441   Thumb Code     2  stm32f4xx_it.o(i.SVC_Handler)
    StartUartRxDMA                           0x08008445   Thumb Code    10  uart_dma.o(i.StartUartRxDMA)
    StartUartTxDMA                           0x08008459   Thumb Code    12  uart_dma.o(i.StartUartTxDMA)
    Stm32_Clock_Init                         0x08008471   Thumb Code   122  sys.o(i.Stm32_Clock_Init)
    SysTick_Handler                          0x080084f5   Thumb Code     4  stm32f4xx_it.o(i.SysTick_Handler)
    SystemInit                               0x080084f9   Thumb Code    66  system_stm32f4xx.o(i.SystemInit)
    TIM5_IRQHandler                          0x0800854d   Thumb Code     6  stm32f4xx_it.o(i.TIM5_IRQHandler)
    TIM_Base_SetConfig                       0x08008559   Thumb Code   148  stm32f4xx_hal_tim.o(i.TIM_Base_SetConfig)
    TIM_CCxChannelCmd                        0x08008619   Thumb Code    22  stm32f4xx_hal_tim.o(i.TIM_CCxChannelCmd)
    TP_Adj_Info_Show                         0x08008699   Thumb Code   326  touch.o(i.TP_Adj_Info_Show)
    TP_Adjust                                0x08008811   Thumb Code  1338  touch.o(i.TP_Adjust)
    TP_Drow_Touch_Point                      0x08008d7d   Thumb Code   106  touch.o(i.TP_Drow_Touch_Point)
    TP_Get_Adjdata                           0x08008ded   Thumb Code   132  touch.o(i.TP_Get_Adjdata)
    TP_Init                                  0x08008e79   Thumb Code   294  touch.o(i.TP_Init)
    TP_Read_AD                               0x08008fc5   Thumb Code   128  touch.o(i.TP_Read_AD)
    TP_Read_XOY                              0x08009051   Thumb Code    96  touch.o(i.TP_Read_XOY)
    TP_Read_XY                               0x080090b1   Thumb Code    34  touch.o(i.TP_Read_XY)
    TP_Read_XY2                              0x080090d9   Thumb Code   124  touch.o(i.TP_Read_XY2)
    TP_Save_Adjdata                          0x08009155   Thumb Code   110  touch.o(i.TP_Save_Adjdata)
    TP_Scan                                  0x080091cd   Thumb Code   184  touch.o(i.TP_Scan)
    TP_Write_Byte                            0x0800928d   Thumb Code    62  touch.o(i.TP_Write_Byte)
    USART3_IRQHandler                        0x0800967d   Thumb Code    28  stm32f4xx_it.o(i.USART3_IRQHandler)
    UartRxData                               0x0800969d   Thumb Code    32  uart_dma.o(i.UartRxData)
    UartTxData                               0x080096bd   Thumb Code    38  uart_dma.o(i.UartTxData)
    UsageFault_Handler                       0x080096e9   Thumb Code     2  stm32f4xx_it.o(i.UsageFault_Handler)
    __0printf                                0x080096ed   Thumb Code    22  printfa.o(i.__0printf)
    __1printf                                0x080096ed   Thumb Code     0  printfa.o(i.__0printf)
    __2printf                                0x080096ed   Thumb Code     0  printfa.o(i.__0printf)
    __c89printf                              0x080096ed   Thumb Code     0  printfa.o(i.__0printf)
    printf                                   0x080096ed   Thumb Code     0  printfa.o(i.__0printf)
    __aeabi_errno_addr                       0x0800970d   Thumb Code     4  errno.o(i.__aeabi_errno_addr)
    __rt_errno_addr                          0x0800970d   Thumb Code     0  errno.o(i.__aeabi_errno_addr)
    __hardfp_sqrt                            0x08009715   Thumb Code   122  sqrt.o(i.__hardfp_sqrt)
    __scatterload_copy                       0x0800978f   Thumb Code    14  handlers.o(i.__scatterload_copy)
    __scatterload_null                       0x0800979d   Thumb Code     2  handlers.o(i.__scatterload_null)
    __scatterload_zeroinit                   0x0800979f   Thumb Code    14  handlers.o(i.__scatterload_zeroinit)
    __set_errno                              0x080097ad   Thumb Code     6  errno.o(i.__set_errno)
    delay_init                               0x0800a06d   Thumb Code    16  delay.o(i.delay_init)
    delay_ms                                 0x0800a081   Thumb Code    26  delay.o(i.delay_ms)
    delay_us                                 0x0800a09d   Thumb Code    48  delay.o(i.delay_us)
    fputc                                    0x0800a0d1   Thumb Code    24  usart.o(i.fputc)
    globalInit                               0x0800a0ed   Thumb Code   164  main.o(i.globalInit)
    main                                     0x0800a1d5   Thumb Code    86  main.o(i.main)
    str2double                               0x0800a239   Thumb Code   206  numandstr.o(i.str2double)
    str2int                                  0x0800a311   Thumb Code    68  numandstr.o(i.str2int)
    APBAHBPrescTable                         0x0800a354   Data          16  stm32f4xx_hal_rcc.o(.constdata)
    asc2_1206                                0x0800a36c   Data        1140  lcd.o(.constdata)
    asc2_1608                                0x0800a7e0   Data        1520  lcd.o(.constdata)
    asc2_2412                                0x0800add0   Data        3420  lcd.o(.constdata)
    asc2_3216                                0x0800bb2c   Data       12160  lcd.o(.constdata)
    GT9147_CFG_TBL                           0x0800eaac   Data         184  gt9147.o(.constdata)
    GT9147_TPX_TBL                           0x0800eb64   Data          10  gt9147.o(.constdata)
    OTT_TPX_TBL                              0x0800eb6e   Data          10  ott2001a.o(.constdata)
    TP_REMIND_MSG_TBL                        0x0800eb78   Data           4  touch.o(.constdata)
    FT5206_TPX_TBL                           0x0800eb7c   Data          10  ft5206.o(.constdata)
    GT911_TPX_TBL                            0x0800eb86   Data          10  ft5206.o(.constdata)
    __ctype_table                            0x0800eb90   Data         129  ctype_o.o(.constdata)
    Region$$Table$$Base                      0x0800ec94   Number         0  anon$$obj.o(Region$$Table)
    Region$$Table$$Limit                     0x0800ecb4   Number         0  anon$$obj.o(Region$$Table)
    staSystem                                0x20000000   Data           1  main.o(.data)
    keyValue                                 0x20000001   Data           1  main.o(.data)
    temp_usart3                              0x20000002   Data           1  main.o(.data)
    screen_cnt                               0x20000004   Data           2  main.o(.data)
    ipsPointerPosition                       0x20000006   Data           2  main.o(.data)
    SystemCoreClock                          0x20000008   Data           4  system_stm32f4xx.o(.data)
    AHBPrescTable                            0x2000000c   Data          16  system_stm32f4xx.o(.data)
    POINT_COLOR                              0x20000028   Data           4  lcd.o(.data)
    BACK_COLOR                               0x2000002c   Data           4  lcd.o(.data)
    ltdc_framebuf                            0x20000030   Data           8  ltdc.o(.data)
    CMD_RDX                                  0x2000003c   Data           1  touch.o(.data)
    CMD_RDY                                  0x2000003d   Data           1  touch.o(.data)
    tp_dev                                   0x20000040   Data          72  touch.o(.data)
    sendCompleteSign                         0x20000088   Data           1  uart_dma.o(.data)
    TxLen                                    0x20000089   Data           1  uart_dma.o(.data)
    a                                        0x2000008c   Data           4  uart_dma.o(.data)
    b                                        0x20000090   Data           4  uart_dma.o(.data)
    c                                        0x20000094   Data           4  uart_dma.o(.data)
    d                                        0x20000098   Data           8  uart_dma.o(.data)
    e                                        0x200000a0   Data           8  uart_dma.o(.data)
    f                                        0x200000a8   Data           8  uart_dma.o(.data)
    g_gt_tnum                                0x200000b0   Data           1  ft5206.o(.data)
    CIP                                      0x200000b2   Data           5  ft5206.o(.data)
    t                                        0x200000b8   Data           1  screen_app.o(.data)
    manualInputNum1                          0x200000bc   Data           4  screen_app.o(.data)
    manualInputNum2                          0x200000c0   Data           4  screen_app.o(.data)
    tim_cnt_10                               0x200000c4   Data           2  timer.o(.data)
    __stdout                                 0x200000c8   Data           4  stdout.o(.data)
    huart1                                   0x200000d0   Data          64  usart.o(.bss)
    huart3                                   0x20000110   Data          64  usart.o(.bss)
    hdma_usart3_rx                           0x20000150   Data          88  usart.o(.bss)
    hdma_usart3_tx                           0x200001a8   Data          88  usart.o(.bss)
    SRAM_Handler                             0x20000200   Data          80  lcd.o(.bss)
    lcddev                                   0x20000250   Data          14  lcd.o(.bss)
    SDRAM_Handler                            0x20000260   Data          52  sdram.o(.bss)
    LTDC_Handler                             0x20000294   Data         168  ltdc.o(.bss)
    lcdltdc                                  0x2000033c   Data          32  ltdc.o(.bss)
    RxBuffer                                 0x2000035c   Data         128  uart_dma.o(.bss)
    TxBuffer                                 0x200003dc   Data         128  uart_dma.o(.bss)
    htim1                                    0x2000045c   Data          60  tim.o(.bss)
    htim2                                    0x20000498   Data          60  tim.o(.bss)
    htim3                                    0x200004d4   Data          60  tim.o(.bss)
    htim4                                    0x20000510   Data          60  tim.o(.bss)
    htim5                                    0x2000054c   Data          60  tim.o(.bss)
    htim8                                    0x20000588   Data          60  tim.o(.bss)
    htim9                                    0x200005c4   Data          60  tim.o(.bss)
    htim11                                   0x20000600   Data          60  tim.o(.bss)
    htim12                                   0x2000063c   Data          60  tim.o(.bss)
    htim13                                   0x20000678   Data          60  tim.o(.bss)
    htim14                                   0x200006b4   Data          60  tim.o(.bss)
    __initial_sp                             0x20000af0   Data           0  startup_stm32f429xx.o(STACK)
    ltdc_lcd_framebuf                        0xc0000000   Data       2048000  ltdc.o(.ARM.__AT_0xC0000000)



==============================================================================

Memory Map of the image

  Image Entry point : 0x080001ad

  Load Region LR_IROM1 (Base: 0x08000000, Size: 0x0000ed84, Max: 0x00100000, ABSOLUTE)

    Execution Region ER_IROM1 (Exec base: 0x08000000, Load base: 0x08000000, Size: 0x0000ecb4, Max: 0x00100000, ABSOLUTE)

    Exec Addr    Load Addr    Size         Type   Attr      Idx    E Section Name        Object

    0x08000000   0x08000000   0x000001ac   Data   RO          581    RESET               startup_stm32f429xx.o
    0x080001ac   0x080001ac   0x00000000   Code   RO         5664  * .ARM.Collect$$$$00000000  mc_w.l(entry.o)
    0x080001ac   0x080001ac   0x00000004   Code   RO         5956    .ARM.Collect$$$$00000001  mc_w.l(entry2.o)
    0x080001b0   0x080001b0   0x00000004   Code   RO         5959    .ARM.Collect$$$$00000004  mc_w.l(entry5.o)
    0x080001b4   0x080001b4   0x00000000   Code   RO         5961    .ARM.Collect$$$$00000008  mc_w.l(entry7b.o)
    0x080001b4   0x080001b4   0x00000000   Code   RO         5963    .ARM.Collect$$$$0000000A  mc_w.l(entry8b.o)
    0x080001b4   0x080001b4   0x00000008   Code   RO         5964    .ARM.Collect$$$$0000000B  mc_w.l(entry9a.o)
    0x080001bc   0x080001bc   0x00000000   Code   RO         5966    .ARM.Collect$$$$0000000D  mc_w.l(entry10a.o)
    0x080001bc   0x080001bc   0x00000000   Code   RO         5968    .ARM.Collect$$$$0000000F  mc_w.l(entry11a.o)
    0x080001bc   0x080001bc   0x00000004   Code   RO         5957    .ARM.Collect$$$$00002712  mc_w.l(entry2.o)
    0x080001c0   0x080001c0   0x00000024   Code   RO          582    .text               startup_stm32f429xx.o
    0x080001e4   0x080001e4   0x00000024   Code   RO         5667    .text               mc_w.l(memcpya.o)
    0x08000208   0x08000208   0x00000024   Code   RO         5669    .text               mc_w.l(memseta.o)
    0x0800022c   0x0800022c   0x0000001c   Code   RO         5671    .text               mc_w.l(strcmp.o)
    0x08000248   0x08000248   0x0000001a   Code   RO         5936    .text               mc_w.l(atoi.o)
    0x08000262   0x08000262   0x0000014e   Code   RO         5938    .text               mf_w.l(dadd.o)
    0x080003b0   0x080003b0   0x000000e4   Code   RO         5940    .text               mf_w.l(dmul.o)
    0x08000494   0x08000494   0x000000de   Code   RO         5942    .text               mf_w.l(ddiv.o)
    0x08000572   0x08000572   0x00000022   Code   RO         5944    .text               mf_w.l(dflti.o)
    0x08000594   0x08000594   0x0000001a   Code   RO         5946    .text               mf_w.l(dfltui.o)
    0x080005ae   0x080005ae   0x00000032   Code   RO         5948    .text               mf_w.l(dfixui.o)
    0x080005e0   0x080005e0   0x00000026   Code   RO         5950    .text               mf_w.l(f2d.o)
    0x08000606   0x08000606   0x00000002   PAD
    0x08000608   0x08000608   0x00000030   Code   RO         5952    .text               mf_w.l(cdcmple.o)
    0x08000638   0x08000638   0x00000030   Code   RO         5954    .text               mf_w.l(cdrcmple.o)
    0x08000668   0x08000668   0x0000002c   Code   RO         5971    .text               mc_w.l(uidiv.o)
    0x08000694   0x08000694   0x00000062   Code   RO         5973    .text               mc_w.l(uldiv.o)
    0x080006f6   0x080006f6   0x0000001e   Code   RO         5975    .text               mc_w.l(llshl.o)
    0x08000714   0x08000714   0x00000020   Code   RO         5977    .text               mc_w.l(llushr.o)
    0x08000734   0x08000734   0x00000024   Code   RO         5979    .text               mc_w.l(llsshr.o)
    0x08000758   0x08000758   0x00000070   Code   RO         5988    .text               mc_w.l(strtol.o)
    0x080007c8   0x080007c8   0x00000000   Code   RO         5990    .text               mc_w.l(iusefp.o)
    0x080007c8   0x080007c8   0x000000ba   Code   RO         5991    .text               mf_w.l(depilogue.o)
    0x08000882   0x08000882   0x000000a2   Code   RO         5993    .text               mf_w.l(dsqrt.o)
    0x08000924   0x08000924   0x00000030   Code   RO         5995    .text               mf_w.l(dfixul.o)
    0x08000954   0x08000954   0x00000024   Code   RO         5997    .text               mc_w.l(init.o)
    0x08000978   0x08000978   0x00000008   Code   RO         5999    .text               mc_w.l(ctype_o.o)
    0x08000980   0x08000980   0x0000009e   Code   RO         6027    .text               mc_w.l(_strtoul.o)
    0x08000a1e   0x08000a1e   0x0000001c   Code   RO         6029    .text               mc_w.l(_chval.o)
    0x08000a3a   0x08000a3a   0x00000004   Code   RO         4532    i.AT24CXX_Init      24cxx.o
    0x08000a3e   0x08000a3e   0x0000002a   Code   RO         4534    i.AT24CXX_ReadLenByte  24cxx.o
    0x08000a68   0x08000a68   0x00000042   Code   RO         4535    i.AT24CXX_ReadOneByte  24cxx.o
    0x08000aaa   0x08000aaa   0x0000002a   Code   RO         4537    i.AT24CXX_WriteLenByte  24cxx.o
    0x08000ad4   0x08000ad4   0x0000003e   Code   RO         4538    i.AT24CXX_WriteOneByte  24cxx.o
    0x08000b12   0x08000b12   0x00000002   Code   RO         5416    i.AUTO1_Action      screen_app.o
    0x08000b14   0x08000b14   0x00000044   Code   RO         5386    i.BEEP_Init         beep.o
    0x08000b58   0x08000b58   0x00000002   Code   RO         5387    i.BEEP_ONCE         beep.o
    0x08000b5a   0x08000b5a   0x00000002   Code   RO          342    i.BusFault_Handler  stm32f4xx_it.o
    0x08000b5c   0x08000b5c   0x00000044   Code   RO         5417    i.Button_App        screen_app.o
    0x08000ba0   0x08000ba0   0x00000048   Code   RO         4601    i.CT_IIC_Ack        ctiic.o
    0x08000be8   0x08000be8   0x0000006c   Code   RO         4602    i.CT_IIC_Init       ctiic.o
    0x08000c54   0x08000c54   0x00000048   Code   RO         4603    i.CT_IIC_NAck       ctiic.o
    0x08000c9c   0x08000c9c   0x00000078   Code   RO         4604    i.CT_IIC_Read_Byte  ctiic.o
    0x08000d14   0x08000d14   0x00000068   Code   RO         4605    i.CT_IIC_Send_Byte  ctiic.o
    0x08000d7c   0x08000d7c   0x0000004c   Code   RO         4606    i.CT_IIC_Start      ctiic.o
    0x08000dc8   0x08000dc8   0x0000004c   Code   RO         4607    i.CT_IIC_Stop       ctiic.o
    0x08000e14   0x08000e14   0x00000054   Code   RO         4608    i.CT_IIC_Wait_Ack   ctiic.o
    0x08000e68   0x08000e68   0x0000000c   Code   RO          343    i.DMA1_Stream1_IRQHandler  stm32f4xx_it.o
    0x08000e74   0x08000e74   0x0000000c   Code   RO          344    i.DMA1_Stream3_IRQHandler  stm32f4xx_it.o
    0x08000e80   0x08000e80   0x00000028   Code   RO         1724    i.DMA_CalcBaseAndBitshift  stm32f4xx_hal_dma.o
    0x08000ea8   0x08000ea8   0x00000028   Code   RO         1725    i.DMA_SetConfig     stm32f4xx_hal_dma.o
    0x08000ed0   0x08000ed0   0x00000060   Code   RO         4919    i.DataProcess       uart_dma.o
    0x08000f30   0x08000f30   0x00000002   Code   RO          345    i.DebugMon_Handler  stm32f4xx_it.o
    0x08000f32   0x08000f32   0x00000002   Code   RO         5418    i.Draw_AUTO1_Screen  screen_app.o
    0x08000f34   0x08000f34   0x000000cc   Code   RO         5421    i.Draw_INIT_Screen  screen_app.o
    0x08001000   0x08001000   0x00000454   Code   RO         5422    i.Draw_MAUAL_Screen  screen_app.o
    0x08001454   0x08001454   0x00000004   Code   RO            4    i.Error_Handler     main.o
    0x08001458   0x08001458   0x00000040   Code   RO         2726    i.FMC_NORSRAM_Extended_Timing_Init  stm32f4xx_ll_fmc.o
    0x08001498   0x08001498   0x00000078   Code   RO         2727    i.FMC_NORSRAM_Init  stm32f4xx_ll_fmc.o
    0x08001510   0x08001510   0x0000005c   Code   RO         2728    i.FMC_NORSRAM_Timing_Init  stm32f4xx_ll_fmc.o
    0x0800156c   0x0800156c   0x0000004c   Code   RO         2738    i.FMC_SDRAM_Init    stm32f4xx_ll_fmc.o
    0x080015b8   0x080015b8   0x0000000c   Code   RO         2739    i.FMC_SDRAM_ProgramRefreshRate  stm32f4xx_ll_fmc.o
    0x080015c4   0x080015c4   0x00000048   Code   RO         2740    i.FMC_SDRAM_SendCommand  stm32f4xx_ll_fmc.o
    0x0800160c   0x0800160c   0x0000007c   Code   RO         2742    i.FMC_SDRAM_Timing_Init  stm32f4xx_ll_fmc.o
    0x08001688   0x08001688   0x00000180   Code   RO         5208    i.FT5206_Init       ft5206.o
    0x08001808   0x08001808   0x00000056   Code   RO         5209    i.FT5206_RD_Reg     ft5206.o
    0x0800185e   0x0800185e   0x00000002   PAD
    0x08001860   0x08001860   0x00000260   Code   RO         5210    i.FT5206_Scan       ft5206.o
    0x08001ac0   0x08001ac0   0x00000048   Code   RO         5211    i.FT5206_WR_Reg     ft5206.o
    0x08001b08   0x08001b08   0x00000150   Code   RO         4675    i.GT9147_Init       gt9147.o
    0x08001c58   0x08001c58   0x00000060   Code   RO         4676    i.GT9147_RD_Reg     gt9147.o
    0x08001cb8   0x08001cb8   0x00000200   Code   RO         4677    i.GT9147_Scan       gt9147.o
    0x08001eb8   0x08001eb8   0x0000004c   Code   RO         4678    i.GT9147_Send_Cfg   gt9147.o
    0x08001f04   0x08001f04   0x00000052   Code   RO         4679    i.GT9147_WR_Reg     gt9147.o
    0x08001f56   0x08001f56   0x00000052   Code   RO         1726    i.HAL_DMA_Abort     stm32f4xx_hal_dma.o
    0x08001fa8   0x08001fa8   0x000001a4   Code   RO         1730    i.HAL_DMA_IRQHandler  stm32f4xx_hal_dma.o
    0x0800214c   0x0800214c   0x00000078   Code   RO         1731    i.HAL_DMA_Init      stm32f4xx_hal_dma.o
    0x080021c4   0x080021c4   0x0000004e   Code   RO         1734    i.HAL_DMA_Start_IT  stm32f4xx_hal_dma.o
    0x08002212   0x08002212   0x00000002   PAD
    0x08002214   0x08002214   0x000001dc   Code   RO          873    i.HAL_GPIO_Init     stm32f4xx_hal_gpio.o
    0x080023f0   0x080023f0   0x0000000a   Code   RO          875    i.HAL_GPIO_ReadPin  stm32f4xx_hal_gpio.o
    0x080023fa   0x080023fa   0x00000008   Code   RO          876    i.HAL_GPIO_TogglePin  stm32f4xx_hal_gpio.o
    0x08002402   0x08002402   0x0000000a   Code   RO          877    i.HAL_GPIO_WritePin  stm32f4xx_hal_gpio.o
    0x0800240c   0x0800240c   0x0000000c   Code   RO          604    i.HAL_GetTick       stm32f4xx_hal.o
    0x08002418   0x08002418   0x00000010   Code   RO          605    i.HAL_IncTick       stm32f4xx_hal.o
    0x08002428   0x08002428   0x00000034   Code   RO          606    i.HAL_Init          stm32f4xx_hal.o
    0x0800245c   0x0800245c   0x00000022   Code   RO          607    i.HAL_InitTick      stm32f4xx_hal.o
    0x0800247e   0x0800247e   0x00000052   Code   RO         3176    i.HAL_LTDC_ConfigLayer  stm32f4xx_hal_ltdc.o
    0x080024d0   0x080024d0   0x000000fc   Code   RO         3188    i.HAL_LTDC_Init     stm32f4xx_hal_ltdc.o
    0x080025cc   0x080025cc   0x000000f4   Code   RO         4348    i.HAL_LTDC_MspInit  ltdc.o
    0x080026c0   0x080026c0   0x00000054   Code   RO         3197    i.HAL_LTDC_SetWindowPosition  stm32f4xx_hal_ltdc.o
    0x08002714   0x08002714   0x00000054   Code   RO         3198    i.HAL_LTDC_SetWindowSize  stm32f4xx_hal_ltdc.o
    0x08002768   0x08002768   0x00000008   Code   RO          609    i.HAL_MspInit       stm32f4xx_hal.o
    0x08002770   0x08002770   0x00000016   Code   RO          750    i.HAL_NVIC_EnableIRQ  stm32f4xx_hal_cortex.o
    0x08002786   0x08002786   0x00000002   PAD
    0x08002788   0x08002788   0x00000040   Code   RO          756    i.HAL_NVIC_SetPriority  stm32f4xx_hal_cortex.o
    0x080027c8   0x080027c8   0x00000024   Code   RO          757    i.HAL_NVIC_SetPriorityGrouping  stm32f4xx_hal_cortex.o
    0x080027ec   0x080027ec   0x00000088   Code   RO         1062    i.HAL_PWREx_EnableOverDrive  stm32f4xx_hal_pwr_ex.o
    0x08002874   0x08002874   0x000002a8   Code   RO         1234    i.HAL_RCCEx_PeriphCLKConfig  stm32f4xx_hal_rcc_ex.o
    0x08002b1c   0x08002b1c   0x00000208   Code   RO         1129    i.HAL_RCC_ClockConfig  stm32f4xx_hal_rcc.o
    0x08002d24   0x08002d24   0x00000034   Code   RO         1134    i.HAL_RCC_GetHCLKFreq  stm32f4xx_hal_rcc.o
    0x08002d58   0x08002d58   0x0000002c   Code   RO         1136    i.HAL_RCC_GetPCLK1Freq  stm32f4xx_hal_rcc.o
    0x08002d84   0x08002d84   0x0000002c   Code   RO         1137    i.HAL_RCC_GetPCLK2Freq  stm32f4xx_hal_rcc.o
    0x08002db0   0x08002db0   0x00000074   Code   RO         1138    i.HAL_RCC_GetSysClockFreq  stm32f4xx_hal_rcc.o
    0x08002e24   0x08002e24   0x0000031c   Code   RO         1141    i.HAL_RCC_OscConfig  stm32f4xx_hal_rcc.o
    0x08003140   0x08003140   0x00000042   Code   RO         3024    i.HAL_SDRAM_Init    stm32f4xx_hal_sdram.o
    0x08003182   0x08003182   0x00000002   PAD
    0x08003184   0x08003184   0x000000dc   Code   RO         4290    i.HAL_SDRAM_MspInit  sdram.o
    0x08003260   0x08003260   0x00000022   Code   RO         3027    i.HAL_SDRAM_ProgramRefreshRate  stm32f4xx_hal_sdram.o
    0x08003282   0x08003282   0x0000002e   Code   RO         3033    i.HAL_SDRAM_SendCommand  stm32f4xx_hal_sdram.o
    0x080032b0   0x080032b0   0x00000056   Code   RO         2902    i.HAL_SRAM_Init     stm32f4xx_hal_sram.o
    0x08003306   0x08003306   0x00000002   PAD
    0x08003308   0x08003308   0x00000078   Code   RO         4061    i.HAL_SRAM_MspInit  lcd.o
    0x08003380   0x08003380   0x00000018   Code   RO          759    i.HAL_SYSTICK_CLKSourceConfig  stm32f4xx_hal_cortex.o
    0x08003398   0x08003398   0x00000028   Code   RO          761    i.HAL_SYSTICK_Config  stm32f4xx_hal_cortex.o
    0x080033c0   0x080033c0   0x00000002   Code   RO         2479    i.HAL_TIMEx_BreakCallback  stm32f4xx_hal_tim_ex.o
    0x080033c2   0x080033c2   0x00000002   Code   RO         2480    i.HAL_TIMEx_CommutationCallback  stm32f4xx_hal_tim_ex.o
    0x080033c4   0x080033c4   0x00000050   Code   RO         2496    i.HAL_TIMEx_MasterConfigSynchronization  stm32f4xx_hal_tim_ex.o
    0x08003414   0x08003414   0x00000036   Code   RO         1850    i.HAL_TIM_Base_Init  stm32f4xx_hal_tim.o
    0x0800344a   0x0800344a   0x00000002   PAD
    0x0800344c   0x0800344c   0x0000008c   Code   RO         5255    i.HAL_TIM_Base_MspInit  tim.o
    0x080034d8   0x080034d8   0x00000018   Code   RO         1855    i.HAL_TIM_Base_Start_IT  stm32f4xx_hal_tim.o
    0x080034f0   0x080034f0   0x000000f0   Code   RO         1859    i.HAL_TIM_ConfigClockSource  stm32f4xx_hal_tim.o
    0x080035e0   0x080035e0   0x00000096   Code   RO         1868    i.HAL_TIM_Encoder_Init  stm32f4xx_hal_tim.o
    0x08003676   0x08003676   0x00000002   PAD
    0x08003678   0x08003678   0x00000144   Code   RO         5257    i.HAL_TIM_Encoder_MspInit  tim.o
    0x080037bc   0x080037bc   0x00000032   Code   RO         1871    i.HAL_TIM_Encoder_Start  stm32f4xx_hal_tim.o
    0x080037ee   0x080037ee   0x00000002   Code   RO         1879    i.HAL_TIM_IC_CaptureCallback  stm32f4xx_hal_tim.o
    0x080037f0   0x080037f0   0x00000166   Code   RO         1892    i.HAL_TIM_IRQHandler  stm32f4xx_hal_tim.o
    0x08003956   0x08003956   0x00000002   Code   RO         1895    i.HAL_TIM_OC_DelayElapsedCallback  stm32f4xx_hal_tim.o
    0x08003958   0x08003958   0x00000002   Code   RO         1922    i.HAL_TIM_PWM_PulseFinishedCallback  stm32f4xx_hal_tim.o
    0x0800395a   0x0800395a   0x00000002   PAD
    0x0800395c   0x0800395c   0x00000064   Code   RO         5598    i.HAL_TIM_PeriodElapsedCallback  timer.o
    0x080039c0   0x080039c0   0x00000002   Code   RO         1933    i.HAL_TIM_TriggerCallback  stm32f4xx_hal_tim.o
    0x080039c2   0x080039c2   0x00000032   Code   RO         1279    i.HAL_UART_DMAStop  stm32f4xx_hal_uart.o
    0x080039f4   0x080039f4   0x00000002   Code   RO         1281    i.HAL_UART_ErrorCallback  stm32f4xx_hal_uart.o
    0x080039f6   0x080039f6   0x000000f4   Code   RO         1284    i.HAL_UART_IRQHandler  stm32f4xx_hal_uart.o
    0x08003aea   0x08003aea   0x0000001a   Code   RO         4920    i.HAL_UART_IdleCallback  uart_dma.o
    0x08003b04   0x08003b04   0x0000005e   Code   RO         1285    i.HAL_UART_Init     stm32f4xx_hal_uart.o
    0x08003b62   0x08003b62   0x00000002   PAD
    0x08003b64   0x08003b64   0x0000011c   Code   RO         3949    i.HAL_UART_MspInit  usart.o
    0x08003c80   0x08003c80   0x00000084   Code   RO         1289    i.HAL_UART_Receive_DMA  stm32f4xx_hal_uart.o
    0x08003d04   0x08003d04   0x00000068   Code   RO         1290    i.HAL_UART_Receive_IT  stm32f4xx_hal_uart.o
    0x08003d6c   0x08003d6c   0x0000001c   Code   RO         4921    i.HAL_UART_RxCpltCallback  uart_dma.o
    0x08003d88   0x08003d88   0x00000002   Code   RO         1292    i.HAL_UART_RxHalfCpltCallback  stm32f4xx_hal_uart.o
    0x08003d8a   0x08003d8a   0x000000c8   Code   RO         1293    i.HAL_UART_Transmit  stm32f4xx_hal_uart.o
    0x08003e52   0x08003e52   0x00000002   PAD
    0x08003e54   0x08003e54   0x00000090   Code   RO         1294    i.HAL_UART_Transmit_DMA  stm32f4xx_hal_uart.o
    0x08003ee4   0x08003ee4   0x00000018   Code   RO         4922    i.HAL_UART_TxCpltCallback  uart_dma.o
    0x08003efc   0x08003efc   0x00000002   Code   RO         1297    i.HAL_UART_TxHalfCpltCallback  stm32f4xx_hal_uart.o
    0x08003efe   0x08003efe   0x00000002   Code   RO          346    i.HardFault_Handler  stm32f4xx_it.o
    0x08003f00   0x08003f00   0x00000040   Code   RO         4462    i.IIC_Ack           myiic.o
    0x08003f40   0x08003f40   0x00000048   Code   RO         4463    i.IIC_Init          myiic.o
    0x08003f88   0x08003f88   0x00000040   Code   RO         4464    i.IIC_NAck          myiic.o
    0x08003fc8   0x08003fc8   0x00000068   Code   RO         4465    i.IIC_Read_Byte     myiic.o
    0x08004030   0x08004030   0x00000060   Code   RO         4466    i.IIC_Send_Byte     myiic.o
    0x08004090   0x08004090   0x00000040   Code   RO         4467    i.IIC_Start         myiic.o
    0x080040d0   0x080040d0   0x00000044   Code   RO         4468    i.IIC_Stop          myiic.o
    0x08004114   0x08004114   0x00000054   Code   RO         4469    i.IIC_Wait_Ack      myiic.o
    0x08004168   0x08004168   0x000000c8   Code   RO         5423    i.INIT_Action       screen_app.o
    0x08004230   0x08004230   0x0000001c   Code   RO         5535    i.Init_To_Auto1     status_transmit.o
    0x0800424c   0x0800424c   0x0000000c   Code   RO         5536    i.Init_To_Auto2     status_transmit.o
    0x08004258   0x08004258   0x0000000c   Code   RO         5537    i.Init_To_Follow    status_transmit.o
    0x08004264   0x08004264   0x0000001c   Code   RO         5538    i.Init_To_Manual    status_transmit.o
    0x08004280   0x08004280   0x00000064   Code   RO         4030    i.KEY_Init          key.o
    0x080042e4   0x080042e4   0x000000cc   Code   RO         4031    i.KEY_Scan          key.o
    0x080043b0   0x080043b0   0x00000048   Code   RO         4063    i.LCD_Clear         lcd.o
    0x080043f8   0x080043f8   0x000000f4   Code   RO         4067    i.LCD_Display_Dir   lcd.o
    0x080044ec   0x080044ec   0x00000096   Code   RO         4068    i.LCD_DrawLine      lcd.o
    0x08004582   0x08004582   0x00000002   PAD
    0x08004584   0x08004584   0x00000030   Code   RO         4069    i.LCD_DrawPoint     lcd.o
    0x080045b4   0x080045b4   0x0000003a   Code   RO         4070    i.LCD_DrawRectangle  lcd.o
    0x080045ee   0x080045ee   0x000000b0   Code   RO         4071    i.LCD_Draw_Circle   lcd.o
    0x0800469e   0x0800469e   0x00000002   PAD
    0x080046a0   0x080046a0   0x000000fc   Code   RO         4072    i.LCD_Fast_DrawPoint  lcd.o
    0x0800479c   0x0800479c   0x00002398   Code   RO         4074    i.LCD_Init          lcd.o
    0x08006b34   0x08006b34   0x00000010   Code   RO         4075    i.LCD_Pow           lcd.o
    0x08006b44   0x08006b44   0x00000014   Code   RO         4076    i.LCD_RD_DATA       lcd.o
    0x08006b58   0x08006b58   0x00000050   Code   RO         4079    i.LCD_SSD_BackLightSet  lcd.o
    0x08006ba8   0x08006ba8   0x000001b8   Code   RO         4080    i.LCD_Scan_Dir      lcd.o
    0x08006d60   0x08006d60   0x00000104   Code   RO         4081    i.LCD_SetCursor     lcd.o
    0x08006e64   0x08006e64   0x000000dc   Code   RO         4083    i.LCD_ShowChar      lcd.o
    0x08006f40   0x08006f40   0x00000076   Code   RO         4084    i.LCD_ShowNum       lcd.o
    0x08006fb6   0x08006fb6   0x00000054   Code   RO         4085    i.LCD_ShowString    lcd.o
    0x0800700a   0x0800700a   0x00000086   Code   RO         4086    i.LCD_ShowxNum      lcd.o
    0x08007090   0x08007090   0x00000018   Code   RO         4087    i.LCD_WR_DATA       lcd.o
    0x080070a8   0x080070a8   0x00000018   Code   RO         4088    i.LCD_WR_REG        lcd.o
    0x080070c0   0x080070c0   0x00000014   Code   RO         4090    i.LCD_WriteRAM_Prepare  lcd.o
    0x080070d4   0x080070d4   0x00000010   Code   RO         4091    i.LCD_WriteReg      lcd.o
    0x080070e4   0x080070e4   0x00000044   Code   RO         4006    i.LED_Init          led.o
    0x08007128   0x08007128   0x00000020   Code   RO         4349    i.LTDC_Clear        ltdc.o
    0x08007148   0x08007148   0x0000001e   Code   RO         4350    i.LTDC_Clk_Set      ltdc.o
    0x08007166   0x08007166   0x00000002   PAD
    0x08007168   0x08007168   0x00000028   Code   RO         4352    i.LTDC_Display_Dir  ltdc.o
    0x08007190   0x08007190   0x0000003c   Code   RO         4353    i.LTDC_Draw_Point   ltdc.o
    0x080071cc   0x080071cc   0x000000b4   Code   RO         4354    i.LTDC_Fill         ltdc.o
    0x08007280   0x08007280   0x000001f0   Code   RO         4355    i.LTDC_Init         ltdc.o
    0x08007470   0x08007470   0x0000005c   Code   RO         4356    i.LTDC_Layer_Parameter_Config  ltdc.o
    0x080074cc   0x080074cc   0x00000024   Code   RO         4358    i.LTDC_Layer_Window_Config  ltdc.o
    0x080074f0   0x080074f0   0x000000b8   Code   RO         4359    i.LTDC_PanelID_Read  ltdc.o
    0x080075a8   0x080075a8   0x00000162   Code   RO         3199    i.LTDC_SetConfig    stm32f4xx_hal_ltdc.o
    0x0800770a   0x0800770a   0x00000002   PAD
    0x0800770c   0x0800770c   0x000004b8   Code   RO         5424    i.MANUAL_Action     screen_app.o
    0x08007bc4   0x08007bc4   0x0000003c   Code   RO         5015    i.MX_DMA_Init       dma.o
    0x08007c00   0x08007c00   0x000000d8   Code   RO         5039    i.MX_GPIO_Init      gpio.o
    0x08007cd8   0x08007cd8   0x0000006c   Code   RO         5265    i.MX_TIM1_Init      tim.o
    0x08007d44   0x08007d44   0x00000064   Code   RO         5266    i.MX_TIM2_Init      tim.o
    0x08007da8   0x08007da8   0x00000068   Code   RO         5267    i.MX_TIM3_Init      tim.o
    0x08007e10   0x08007e10   0x00000068   Code   RO         5268    i.MX_TIM4_Init      tim.o
    0x08007e78   0x08007e78   0x00000064   Code   RO         5269    i.MX_TIM5_Init      tim.o
    0x08007edc   0x08007edc   0x00000028   Code   RO         3950    i.MX_USART1_UART_Init  usart.o
    0x08007f04   0x08007f04   0x00000028   Code   RO         3951    i.MX_USART3_UART_Init  usart.o
    0x08007f2c   0x08007f2c   0x0000001c   Code   RO         5539    i.Manual_To_Init    status_transmit.o
    0x08007f48   0x08007f48   0x00000002   Code   RO          347    i.MemManage_Handler  stm32f4xx_it.o
    0x08007f4a   0x08007f4a   0x00000002   Code   RO          348    i.NMI_Handler       stm32f4xx_it.o
    0x08007f4c   0x08007f4c   0x00000020   Code   RO          763    i.NVIC_SetPriority  stm32f4xx_hal_cortex.o
    0x08007f6c   0x08007f6c   0x000000cc   Code   RO         4730    i.OTT2001A_Init     ott2001a.o
    0x08008038   0x08008038   0x00000060   Code   RO         4731    i.OTT2001A_RD_Reg   ott2001a.o
    0x08008098   0x08008098   0x00000174   Code   RO         4732    i.OTT2001A_Scan     ott2001a.o
    0x0800820c   0x0800820c   0x0000001e   Code   RO         4733    i.OTT2001A_SensorControl  ott2001a.o
    0x0800822a   0x0800822a   0x00000052   Code   RO         4734    i.OTT2001A_WR_Reg   ott2001a.o
    0x0800827c   0x0800827c   0x00000002   Code   RO          349    i.PendSV_Handler    stm32f4xx_it.o
    0x0800827e   0x0800827e   0x00000002   PAD
    0x08008280   0x08008280   0x00000048   Code   RO         4923    i.ProcessData       uart_dma.o
    0x080082c8   0x080082c8   0x00000094   Code   RO         5631    i.Read_Encoder      motor.o
    0x0800835c   0x0800835c   0x00000060   Code   RO         4291    i.SDRAM_Init        sdram.o
    0x080083bc   0x080083bc   0x00000050   Code   RO         4292    i.SDRAM_Initialization_Sequence  sdram.o
    0x0800840c   0x0800840c   0x00000034   Code   RO         4293    i.SDRAM_Send_Cmd    sdram.o
    0x08008440   0x08008440   0x00000002   Code   RO          350    i.SVC_Handler       stm32f4xx_it.o
    0x08008442   0x08008442   0x00000002   PAD
    0x08008444   0x08008444   0x00000014   Code   RO         4924    i.StartUartRxDMA    uart_dma.o
    0x08008458   0x08008458   0x00000018   Code   RO         4925    i.StartUartTxDMA    uart_dma.o
    0x08008470   0x08008470   0x00000084   Code   RO         3921    i.Stm32_Clock_Init  sys.o
    0x080084f4   0x080084f4   0x00000004   Code   RO          351    i.SysTick_Handler   stm32f4xx_it.o
    0x080084f8   0x080084f8   0x00000054   Code   RO          447    i.SystemInit        system_stm32f4xx.o
    0x0800854c   0x0800854c   0x0000000c   Code   RO          352    i.TIM5_IRQHandler   stm32f4xx_it.o
    0x08008558   0x08008558   0x000000c0   Code   RO         1934    i.TIM_Base_SetConfig  stm32f4xx_hal_tim.o
    0x08008618   0x08008618   0x00000016   Code   RO         1935    i.TIM_CCxChannelCmd  stm32f4xx_hal_tim.o
    0x0800862e   0x0800862e   0x00000014   Code   RO         1941    i.TIM_ETR_SetConfig  stm32f4xx_hal_tim.o
    0x08008642   0x08008642   0x00000010   Code   RO         1942    i.TIM_ITRx_SetConfig  stm32f4xx_hal_tim.o
    0x08008652   0x08008652   0x00000022   Code   RO         1948    i.TIM_TI1_ConfigInputStage  stm32f4xx_hal_tim.o
    0x08008674   0x08008674   0x00000024   Code   RO         1950    i.TIM_TI2_ConfigInputStage  stm32f4xx_hal_tim.o
    0x08008698   0x08008698   0x00000178   Code   RO         4782    i.TP_Adj_Info_Show  touch.o
    0x08008810   0x08008810   0x0000056c   Code   RO         4783    i.TP_Adjust         touch.o
    0x08008d7c   0x08008d7c   0x00000070   Code   RO         4785    i.TP_Drow_Touch_Point  touch.o
    0x08008dec   0x08008dec   0x0000008c   Code   RO         4786    i.TP_Get_Adjdata    touch.o
    0x08008e78   0x08008e78   0x0000014c   Code   RO         4787    i.TP_Init           touch.o
    0x08008fc4   0x08008fc4   0x0000008c   Code   RO         4788    i.TP_Read_AD        touch.o
    0x08009050   0x08009050   0x00000060   Code   RO         4789    i.TP_Read_XOY       touch.o
    0x080090b0   0x080090b0   0x00000028   Code   RO         4790    i.TP_Read_XY        touch.o
    0x080090d8   0x080090d8   0x0000007c   Code   RO         4791    i.TP_Read_XY2       touch.o
    0x08009154   0x08009154   0x00000078   Code   RO         4792    i.TP_Save_Adjdata   touch.o
    0x080091cc   0x080091cc   0x000000c0   Code   RO         4793    i.TP_Scan           touch.o
    0x0800928c   0x0800928c   0x00000048   Code   RO         4794    i.TP_Write_Byte     touch.o
    0x080092d4   0x080092d4   0x0000001e   Code   RO         1298    i.UART_DMAError     stm32f4xx_hal_uart.o
    0x080092f2   0x080092f2   0x00000034   Code   RO         1299    i.UART_DMAReceiveCplt  stm32f4xx_hal_uart.o
    0x08009326   0x08009326   0x0000000a   Code   RO         1300    i.UART_DMARxHalfCplt  stm32f4xx_hal_uart.o
    0x08009330   0x08009330   0x0000002e   Code   RO         1301    i.UART_DMATransmitCplt  stm32f4xx_hal_uart.o
    0x0800935e   0x0800935e   0x0000000a   Code   RO         1302    i.UART_DMATxHalfCplt  stm32f4xx_hal_uart.o
    0x08009368   0x08009368   0x000000a6   Code   RO         1303    i.UART_Receive_IT   stm32f4xx_hal_uart.o
    0x0800940e   0x0800940e   0x00000002   PAD
    0x08009410   0x08009410   0x00000174   Code   RO         1304    i.UART_SetConfig    stm32f4xx_hal_uart.o
    0x08009584   0x08009584   0x00000066   Code   RO         1305    i.UART_Transmit_IT  stm32f4xx_hal_uart.o
    0x080095ea   0x080095ea   0x00000092   Code   RO         1306    i.UART_WaitOnFlagUntilTimeout  stm32f4xx_hal_uart.o
    0x0800967c   0x0800967c   0x00000020   Code   RO          353    i.USART3_IRQHandler  stm32f4xx_it.o
    0x0800969c   0x0800969c   0x00000020   Code   RO         4928    i.UartRxData        uart_dma.o
    0x080096bc   0x080096bc   0x0000002c   Code   RO         4929    i.UartTxData        uart_dma.o
    0x080096e8   0x080096e8   0x00000002   Code   RO          354    i.UsageFault_Handler  stm32f4xx_it.o
    0x080096ea   0x080096ea   0x00000002   PAD
    0x080096ec   0x080096ec   0x00000020   Code   RO         5908    i.__0printf         mc_w.l(printfa.o)
    0x0800970c   0x0800970c   0x00000008   Code   RO         5981    i.__aeabi_errno_addr  mc_w.l(errno.o)
    0x08009714   0x08009714   0x0000007a   Code   RO         5652    i.__hardfp_sqrt     m_wm.l(sqrt.o)
    0x0800978e   0x0800978e   0x0000000e   Code   RO         6033    i.__scatterload_copy  mc_w.l(handlers.o)
    0x0800979c   0x0800979c   0x00000002   Code   RO         6034    i.__scatterload_null  mc_w.l(handlers.o)
    0x0800979e   0x0800979e   0x0000000e   Code   RO         6035    i.__scatterload_zeroinit  mc_w.l(handlers.o)
    0x080097ac   0x080097ac   0x0000000c   Code   RO         5983    i.__set_errno       mc_w.l(errno.o)
    0x080097b8   0x080097b8   0x00000184   Code   RO         5915    i._fp_digits        mc_w.l(printfa.o)
    0x0800993c   0x0800993c   0x000006dc   Code   RO         5916    i._printf_core      mc_w.l(printfa.o)
    0x0800a018   0x0800a018   0x00000024   Code   RO         5917    i._printf_post_padding  mc_w.l(printfa.o)
    0x0800a03c   0x0800a03c   0x0000002e   Code   RO         5918    i._printf_pre_padding  mc_w.l(printfa.o)
    0x0800a06a   0x0800a06a   0x00000002   PAD
    0x0800a06c   0x0800a06c   0x00000014   Code   RO         3882    i.delay_init        delay.o
    0x0800a080   0x0800a080   0x0000001a   Code   RO         3883    i.delay_ms          delay.o
    0x0800a09a   0x0800a09a   0x00000002   PAD
    0x0800a09c   0x0800a09c   0x00000034   Code   RO         3884    i.delay_us          delay.o
    0x0800a0d0   0x0800a0d0   0x0000001c   Code   RO         3952    i.fputc             usart.o
    0x0800a0ec   0x0800a0ec   0x000000e8   Code   RO            5    i.globalInit        main.o
    0x0800a1d4   0x0800a1d4   0x00000064   Code   RO            6    i.main              main.o
    0x0800a238   0x0800a238   0x000000d8   Code   RO         4886    i.str2double        numandstr.o
    0x0800a310   0x0800a310   0x00000044   Code   RO         4887    i.str2int           numandstr.o
    0x0800a354   0x0800a354   0x00000010   Data   RO         1142    .constdata          stm32f4xx_hal_rcc.o
    0x0800a364   0x0800a364   0x00000008   Data   RO         1735    .constdata          stm32f4xx_hal_dma.o
    0x0800a36c   0x0800a36c   0x00004740   Data   RO         4094    .constdata          lcd.o
    0x0800eaac   0x0800eaac   0x000000c2   Data   RO         4680    .constdata          gt9147.o
    0x0800eb6e   0x0800eb6e   0x0000000a   Data   RO         4735    .constdata          ott2001a.o
    0x0800eb78   0x0800eb78   0x00000004   Data   RO         4795    .constdata          touch.o
    0x0800eb7c   0x0800eb7c   0x00000014   Data   RO         5212    .constdata          ft5206.o
    0x0800eb90   0x0800eb90   0x00000081   Data   RO         6000    .constdata          mc_w.l(ctype_o.o)
    0x0800ec11   0x0800ec11   0x00000003   PAD
    0x0800ec14   0x0800ec14   0x00000004   Data   RO         6001    .constdata          mc_w.l(ctype_o.o)
    0x0800ec18   0x0800ec18   0x00000079   Data   RO         4796    .conststring        touch.o
    0x0800ec91   0x0800ec91   0x00000003   PAD
    0x0800ec94   0x0800ec94   0x00000020   Data   RO         6031    Region$$Table       anon$$obj.o


    Execution Region RW_IRAM1 (Exec base: 0x20000000, Load base: 0x0800ecb4, Size: 0x00000af0, Max: 0x00030000, ABSOLUTE)

    Exec Addr    Load Addr    Size         Type   Attr      Idx    E Section Name        Object

    0x20000000   0x0800ecb4   0x00000006   Data   RW            7    .data               main.o
    0x20000006   0x0800ecba   0x00000002   Data   RW            8    .data               main.o
    0x20000008   0x0800ecbc   0x00000014   Data   RW          448    .data               system_stm32f4xx.o
    0x2000001c   0x0800ecd0   0x00000004   Data   RW          612    .data               stm32f4xx_hal.o
    0x20000020   0x0800ecd4   0x00000004   Data   RW         3885    .data               delay.o
    0x20000024   0x0800ecd8   0x00000001   Data   RW         4032    .data               key.o
    0x20000025   0x0800ecd9   0x00000003   PAD
    0x20000028   0x0800ecdc   0x00000008   Data   RW         4095    .data               lcd.o
    0x20000030   0x0800ece4   0x00000008   Data   RW         4366    .data               ltdc.o
    0x20000038   0x0800ecec   0x00000001   Data   RW         4681    .data               gt9147.o
    0x20000039   0x0800eced   0x00000001   Data   RW         4736    .data               ott2001a.o
    0x2000003a   0x0800ecee   0x00000002   PAD
    0x2000003c   0x0800ecf0   0x0000004c   Data   RW         4797    .data               touch.o
    0x20000088   0x0800ed3c   0x00000028   Data   RW         4931    .data               uart_dma.o
    0x200000b0   0x0800ed64   0x00000007   Data   RW         5213    .data               ft5206.o
    0x200000b7   0x0800ed6b   0x00000001   PAD
    0x200000b8   0x0800ed6c   0x0000000c   Data   RW         5431    .data               screen_app.o
    0x200000c4   0x0800ed78   0x00000002   Data   RW         5601    .data               timer.o
    0x200000c6   0x0800ed7a   0x00000002   PAD
    0x200000c8   0x0800ed7c   0x00000004   Data   RW         5970    .data               mc_w.l(stdout.o)
    0x200000cc   0x0800ed80   0x00000004   Data   RW         5984    .data               mc_w.l(errno.o)
    0x200000d0        -       0x00000130   Zero   RW         3953    .bss                usart.o
    0x20000200        -       0x0000005e   Zero   RW         4093    .bss                lcd.o
    0x2000025e   0x0800ed84   0x00000002   PAD
    0x20000260        -       0x00000034   Zero   RW         4294    .bss                sdram.o
    0x20000294        -       0x000000c8   Zero   RW         4364    .bss                ltdc.o
    0x2000035c        -       0x00000100   Zero   RW         4930    .bss                uart_dma.o
    0x2000045c        -       0x00000294   Zero   RW         5272    .bss                tim.o
    0x200006f0        -       0x00000400   Zero   RW          579    STACK               startup_stm32f429xx.o



  Load Region LR$$.ARM.__AT_0xC0000000 (Base: 0xc0000000, Size: 0x00000000, Max: 0x001f4000, ABSOLUTE)

    Execution Region ER$$.ARM.__AT_0xC0000000 (Exec base: 0xc0000000, Load base: 0xc0000000, Size: 0x001f4000, Max: 0x001f4000, ABSOLUTE, UNINIT)

    Exec Addr    Load Addr    Size         Type   Attr      Idx    E Section Name        Object

    0xc0000000        -       0x001f4000   Zero   RW         4363    .ARM.__AT_0xC0000000  ltdc.o


==============================================================================

Image component sizes


      Code (inc. data)   RO Data    RW Data    ZI Data      Debug   Object Name

       216          0          0          0          0       3197   24cxx.o
        70         10          0          0          0       1308   beep.o
       712        118          0          0          0       5453   ctiic.o
        98          8          0          4          0       1939   delay.o
        60          4          0          0          0        806   dma.o
      1150        108         20          7          0       4525   ft5206.o
       216         14          0          0          0       1103   gpio.o
      1102        100        194          1          0       4890   gt9147.o
       304         28          0          1          0       1682   key.o
     11688        202      18240          8         94      24215   lcd.o
        68          8          0          0          0        863   led.o
      1394        118          0          8    2048200       9388   ltdc.o
       336         82          0          8          0     436717   main.o
       148         68          0          0          0        707   motor.o
       616         76          0          0          0       4966   myiic.o
       284         10          0          0          0       2255   numandstr.o
       784         88         10          1          0       4575   ott2001a.o
      2792        234          0         12          0       5783   screen_app.o
       448         46          0          0         52       3398   sdram.o
        36          8        428          0       1024        824   startup_stm32f429xx.o
       108         34          0          0          0       2587   status_transmit.o
       122         16          0          4          0       4124   stm32f4xx_hal.o
       218         14          0          0          0      30881   stm32f4xx_hal_cortex.o
       780         16          8          0          0       5311   stm32f4xx_hal_dma.o
       504         54          0          0          0       3908   stm32f4xx_hal_gpio.o
       856          4          0          0          0       4729   stm32f4xx_hal_ltdc.o
       136         14          0          0          0       1296   stm32f4xx_hal_pwr_ex.o
      1572         72         16          0          0       6339   stm32f4xx_hal_rcc.o
       680         36          0          0          0       1668   stm32f4xx_hal_rcc_ex.o
       146          0          0          0          0       2712   stm32f4xx_hal_sdram.o
        86          0          0          0          0       1212   stm32f4xx_hal_sram.o
      1204         44          0          0          0      12366   stm32f4xx_hal_tim.o
        84          0          0          0          0       2454   stm32f4xx_hal_tim_ex.o
      1908         34          0          0          0      15019   stm32f4xx_hal_uart.o
        88         22          0          0          0       5836   stm32f4xx_it.o
       560         20          0          0          0       5964   stm32f4xx_ll_fmc.o
       132         10          0          0          0       1135   sys.o
        84         18          0         20          0       1033   system_stm32f4xx.o
       980         90          0          0        660       5776   tim.o
       100         24          0          2          0       1205   timer.o
      3132        246        125         76          0      11357   touch.o
       366         66          0         40        256       6275   uart_dma.o
       392         48          0          0        304       3117   usart.o

    ----------------------------------------------------------------------
     36798       2212      19076        200    2050592     654898   Object Totals
         0          0         32          0          0          0   (incl. Generated)
        38          0          3          8          2          0   (incl. Padding)

    ----------------------------------------------------------------------

      Code (inc. data)   RO Data    RW Data    ZI Data      Debug   Library Member Name

       122          0          0          0          0        148   sqrt.o
        28          0          0          0          0         68   _chval.o
       158          0          0          0          0         92   _strtoul.o
        26          0          0          0          0         80   atoi.o
         8          4        133          0          0         68   ctype_o.o
         0          0          0          0          0          0   entry.o
         0          0          0          0          0          0   entry10a.o
         0          0          0          0          0          0   entry11a.o
         8          4          0          0          0          0   entry2.o
         4          0          0          0          0          0   entry5.o
         0          0          0          0          0          0   entry7b.o
         0          0          0          0          0          0   entry8b.o
         8          4          0          0          0          0   entry9a.o
        20         10          0          4          0        136   errno.o
        30          0          0          0          0          0   handlers.o
        36          8          0          0          0         68   init.o
         0          0          0          0          0          0   iusefp.o
        30          0          0          0          0         68   llshl.o
        36          0          0          0          0         68   llsshr.o
        32          0          0          0          0         68   llushr.o
        36          0          0          0          0         68   memcpya.o
        36          0          0          0          0        108   memseta.o
      2258         90          0          0          0        452   printfa.o
         0          0          0          4          0          0   stdout.o
        28          0          0          0          0         76   strcmp.o
       112          0          0          0          0         88   strtol.o
        44          0          0          0          0         80   uidiv.o
        98          0          0          0          0         92   uldiv.o
        48          0          0          0          0         68   cdcmple.o
        48          0          0          0          0         68   cdrcmple.o
       334          0          0          0          0        148   dadd.o
       222          0          0          0          0        100   ddiv.o
       186          0          0          0          0        176   depilogue.o
        50          0          0          0          0         76   dfixui.o
        48          0          0          0          0         68   dfixul.o
        34          0          0          0          0         76   dflti.o
        26          0          0          0          0         76   dfltui.o
       228          0          0          0          0         96   dmul.o
       162          0          0          0          0        100   dsqrt.o
        38          0          0          0          0         68   f2d.o

    ----------------------------------------------------------------------
      4586        120        136          8          0       2948   Library Totals
         4          0          3          0          0          0   (incl. Padding)

    ----------------------------------------------------------------------

      Code (inc. data)   RO Data    RW Data    ZI Data      Debug   Library Name

       122          0          0          0          0        148   m_wm.l
      3036        120        133          8          0       1680   mc_w.l
      1424          0          0          0          0       1120   mf_w.l

    ----------------------------------------------------------------------
      4586        120        136          8          0       2948   Library Totals

    ----------------------------------------------------------------------

==============================================================================


      Code (inc. data)   RO Data    RW Data    ZI Data      Debug   

     41384       2332      19212        208    2050592     634294   Grand Totals
     41384       2332      19212        208    2050592     634294   ELF Image Totals
     41384       2332      19212        208          0          0   ROM Totals

==============================================================================

    Total RO  Size (Code + RO Data)                60596 (  59.18kB)
    Total RW  Size (RW Data + ZI Data)           2050800 (2002.73kB)
    Total ROM Size (Code + RO Data + RW Data)      60804 (  59.38kB)

==============================================================================

