Component: ARM Compiler 5.06 update 6 (build 750) Tool: armlink [4d35ed]

==============================================================================

Section Cross References

    main.o(i.globalInit) refers to stm32f4xx_hal.o(i.HAL_Init) for HAL_Init
    main.o(i.globalInit) refers to sys.o(i.Stm32_Clock_Init) for Stm32_Clock_Init
    main.o(i.globalInit) refers to delay.o(i.delay_init) for delay_init
    main.o(i.globalInit) refers to gpio.o(i.MX_GPIO_Init) for MX_GPIO_Init
    main.o(i.globalInit) refers to dma.o(i.MX_DMA_Init) for MX_DMA_Init
    main.o(i.globalInit) refers to usart.o(i.MX_USART1_UART_Init) for MX_USART1_UART_Init
    main.o(i.globalInit) refers to usart.o(i.MX_USART3_UART_Init) for MX_USART3_UART_Init
    main.o(i.globalInit) refers to tim.o(i.MX_TIM5_Init) for MX_TIM5_Init
    main.o(i.globalInit) refers to uart_dma.o(i.StartUartRxDMA) for StartUartRxDMA
    main.o(i.globalInit) refers to stm32f4xx_hal_uart.o(i.HAL_UART_Receive_IT) for HAL_UART_Receive_IT
    main.o(i.globalInit) refers to led.o(i.LED_Init) for LED_Init
    main.o(i.globalInit) refers to key.o(i.KEY_Init) for KEY_Init
    main.o(i.globalInit) refers to stm32f4xx_hal_tim.o(i.HAL_TIM_Base_Start_IT) for HAL_TIM_Base_Start_IT
    main.o(i.globalInit) refers to beep.o(i.BEEP_Init) for BEEP_Init
    main.o(i.globalInit) refers to seekfree_ips114_spi.o(i.ips114_init) for ips114_init
    main.o(i.globalInit) refers to seekfree_ips114_spi.o(i.ips114_clear) for ips114_clear
    main.o(i.globalInit) refers to seekfree_ips114_spi.o(i.ips114_display_chinese) for ips114_display_chinese
    main.o(i.globalInit) refers to seekfree_ips114_spi.o(i.ips114_showuint16) for ips114_showuint16
    main.o(i.globalInit) refers to stm32f4xx_hal.o(i.HAL_Delay) for HAL_Delay
    main.o(i.globalInit) refers to screen_app.o(i.Draw_INIT_Screen) for Draw_INIT_Screen
    main.o(i.globalInit) refers to tim.o(i.MX_TIM12_Init) for MX_TIM12_Init
    main.o(i.globalInit) refers to tim.o(i.MX_TIM13_Init) for MX_TIM13_Init
    main.o(i.globalInit) refers to tim.o(i.MX_TIM14_Init) for MX_TIM14_Init
    main.o(i.globalInit) refers to stm32f4xx_hal_tim.o(i.HAL_TIM_PWM_Start) for HAL_TIM_PWM_Start
    main.o(i.globalInit) refers to tim.o(i.MX_TIM1_Init) for MX_TIM1_Init
    main.o(i.globalInit) refers to tim.o(i.MX_TIM2_Init) for MX_TIM2_Init
    main.o(i.globalInit) refers to tim.o(i.MX_TIM3_Init) for MX_TIM3_Init
    main.o(i.globalInit) refers to tim.o(i.MX_TIM4_Init) for MX_TIM4_Init
    main.o(i.globalInit) refers to stm32f4xx_hal_tim.o(i.HAL_TIM_Encoder_Start) for HAL_TIM_Encoder_Start
    main.o(i.globalInit) refers to printfa.o(i.__0printf) for __2printf
    main.o(i.globalInit) refers to beep.o(i.BEEP_ONCE) for BEEP_ONCE
    main.o(i.globalInit) refers to main.o(.data) for .data
    main.o(i.globalInit) refers to usart.o(.bss) for huart3
    main.o(i.globalInit) refers to tim.o(.bss) for htim5
    main.o(i.globalInit) refers to seekfree_font.o(.constdata) for chinese_test
    main.o(i.main) refers to main.o(i.globalInit) for globalInit
    main.o(i.main) refers to key.o(i.KEY_Scan) for KEY_Scan
    main.o(i.main) refers to screen_app.o(i.INIT_Action) for INIT_Action
    main.o(i.main) refers to screen_app.o(i.AUTO1_Action) for AUTO1_Action
    main.o(i.main) refers to screen_app.o(i.MANUAL_Action) for MANUAL_Action
    main.o(i.main) refers to stm32f4xx_hal_gpio.o(i.HAL_GPIO_TogglePin) for HAL_GPIO_TogglePin
    main.o(i.main) refers to main.o(.data) for .data
    stm32f4xx_it.o(i.DMA1_Stream1_IRQHandler) refers to stm32f4xx_hal_dma.o(i.HAL_DMA_IRQHandler) for HAL_DMA_IRQHandler
    stm32f4xx_it.o(i.DMA1_Stream1_IRQHandler) refers to usart.o(.bss) for hdma_usart3_rx
    stm32f4xx_it.o(i.DMA1_Stream3_IRQHandler) refers to stm32f4xx_hal_dma.o(i.HAL_DMA_IRQHandler) for HAL_DMA_IRQHandler
    stm32f4xx_it.o(i.DMA1_Stream3_IRQHandler) refers to usart.o(.bss) for hdma_usart3_tx
    stm32f4xx_it.o(i.SysTick_Handler) refers to stm32f4xx_hal.o(i.HAL_IncTick) for HAL_IncTick
    stm32f4xx_it.o(i.TIM5_IRQHandler) refers to stm32f4xx_hal_tim.o(i.HAL_TIM_IRQHandler) for HAL_TIM_IRQHandler
    stm32f4xx_it.o(i.TIM5_IRQHandler) refers to tim.o(.bss) for htim5
    stm32f4xx_it.o(i.USART3_IRQHandler) refers to uart_dma.o(i.HAL_UART_IdleCallback) for HAL_UART_IdleCallback
    stm32f4xx_it.o(i.USART3_IRQHandler) refers to stm32f4xx_hal_uart.o(i.HAL_UART_IRQHandler) for HAL_UART_IRQHandler
    stm32f4xx_it.o(i.USART3_IRQHandler) refers to usart.o(.bss) for huart3
    system_stm32f4xx.o(i.SystemCoreClockUpdate) refers to system_stm32f4xx.o(.data) for .data
    startup_stm32f429xx.o(RESET) refers to startup_stm32f429xx.o(STACK) for __initial_sp
    startup_stm32f429xx.o(RESET) refers to startup_stm32f429xx.o(.text) for Reset_Handler
    startup_stm32f429xx.o(RESET) refers to stm32f4xx_it.o(i.NMI_Handler) for NMI_Handler
    startup_stm32f429xx.o(RESET) refers to stm32f4xx_it.o(i.HardFault_Handler) for HardFault_Handler
[...]
    i.DMA1_Stream1_IRQHandler                0x0800098c   Section        0  stm32f4xx_it.o(i.DMA1_Stream1_IRQHandler)
    i.DMA1_Stream3_IRQHandler                0x08000998   Section        0  stm32f4xx_it.o(i.DMA1_Stream3_IRQHandler)
    i.DMA_CalcBaseAndBitshift                0x080009a4   Section        0  stm32f4xx_hal_dma.o(i.DMA_CalcBaseAndBitshift)
    DMA_CalcBaseAndBitshift                  0x080009a5   Thumb Code    34  stm32f4xx_hal_dma.o(i.DMA_CalcBaseAndBitshift)
    i.DMA_SetConfig                          0x080009cc   Section        0  stm32f4xx_hal_dma.o(i.DMA_SetConfig)
    DMA_SetConfig                            0x080009cd   Thumb Code    40  stm32f4xx_hal_dma.o(i.DMA_SetConfig)
    i.DataProcess                            0x080009f4   Section        0  uart_dma.o(i.DataProcess)
    i.DebugMon_Handler                       0x08000a54   Section        0  stm32f4xx_it.o(i.DebugMon_Handler)
    i.Draw_AUTO1_Screen                      0x08000a58   Section        0  screen_app.o(i.Draw_AUTO1_Screen)
    i.Draw_INIT_Screen                       0x08000a78   Section        0  screen_app.o(i.Draw_INIT_Screen)
    i.Draw_MAUAL_Screen                      0x08000adc   Section        0  screen_app.o(i.Draw_MAUAL_Screen)
    i.Error_Handler                          0x08000bd8   Section        0  main.o(i.Error_Handler)
    i.HAL_DMA_Abort                          0x08000bdc   Section        0  stm32f4xx_hal_dma.o(i.HAL_DMA_Abort)
    i.HAL_DMA_IRQHandler                     0x08000c30   Section        0  stm32f4xx_hal_dma.o(i.HAL_DMA_IRQHandler)
    i.HAL_DMA_Init                           0x08000dd4   Section        0  stm32f4xx_hal_dma.o(i.HAL_DMA_Init)
    i.HAL_DMA_Start_IT                       0x08000e4c   Section        0  stm32f4xx_hal_dma.o(i.HAL_DMA_Start_IT)
    i.HAL_Delay                              0x08000e9a   Section        0  stm32f4xx_hal.o(i.HAL_Delay)
    i.HAL_GPIO_Init                          0x08000eb0   Section        0  stm32f4xx_hal_gpio.o(i.HAL_GPIO_Init)
    i.HAL_GPIO_ReadPin                       0x0800108c   Section        0  stm32f4xx_hal_gpio.o(i.HAL_GPIO_ReadPin)
    i.HAL_GPIO_TogglePin                     0x08001096   Section        0  stm32f4xx_hal_gpio.o(i.HAL_GPIO_TogglePin)
    i.HAL_GPIO_WritePin                      0x0800109e   Section        0  stm32f4xx_hal_gpio.o(i.HAL_GPIO_WritePin)
    i.HAL_GetTick                            0x080010a8   Section        0  stm32f4xx_hal.o(i.HAL_GetTick)
    i.HAL_IncTick                            0x080010b4   Section        0  stm32f4xx_hal.o(i.HAL_IncTick)
    i.HAL_Init                               0x080010c4   Section        0  stm32f4xx_hal.o(i.HAL_Init)
    i.HAL_InitTick                           0x080010f8   Section        0  stm32f4xx_hal.o(i.HAL_InitTick)
    i.HAL_MspInit                            0x0800111a   Section        0  stm32f4xx_hal.o(i.HAL_MspInit)
    i.HAL_NVIC_EnableIRQ                     0x08001122   Section        0  stm32f4xx_hal_cortex.o(i.HAL_NVIC_EnableIRQ)
    i.HAL_NVIC_SetPriority                   0x08001138   Section        0  stm32f4xx_hal_cortex.o(i.HAL_NVIC_SetPriority)
    i.HAL_NVIC_SetPriorityGrouping           0x08001178   Section        0  stm32f4xx_hal_cortex.o(i.HAL_NVIC_SetPriorityGrouping)
    i.HAL_PWREx_EnableOverDrive              0x0800119c   Section        0  stm32f4xx_hal_pwr_ex.o(i.HAL_PWREx_EnableOverDrive)
    i.HAL_RCC_ClockConfig                    0x08001224   Section        0  stm32f4xx_hal_rcc.o(i.HAL_RCC_ClockConfig)
    i.HAL_RCC_GetHCLKFreq                    0x0800142c   Section        0  stm32f4xx_hal_rcc.o(i.HAL_RCC_GetHCLKFreq)
    i.HAL_RCC_GetPCLK1Freq                   0x08001460   Section        0  stm32f4xx_hal_rcc.o(i.HAL_RCC_GetPCLK1Freq)
    i.HAL_RCC_GetPCLK2Freq                   0x0800148c   Section        0  stm32f4xx_hal_rcc.o(i.HAL_RCC_GetPCLK2Freq)
    i.HAL_RCC_GetSysClockFreq                0x080014b8   Section        0  stm32f4xx_hal_rcc.o(i.HAL_RCC_GetSysClockFreq)
    i.HAL_RCC_OscConfig                      0x0800152c   Section        0  stm32f4xx_hal_rcc.o(i.HAL_RCC_OscConfig)
    i.HAL_SYSTICK_CLKSourceConfig            0x08001848   Section        0  stm32f4xx_hal_cortex.o(i.HAL_SYSTICK_CLKSourceConfig)
    i.HAL_SYSTICK_Config                     0x08001860   Section        0  stm32f4xx_hal_cortex.o(i.HAL_SYSTICK_Config)
    i.HAL_TIMEx_BreakCallback                0x08001888   Section        0  stm32f4xx_hal_tim_ex.o(i.HAL_TIMEx_BreakCallback)
    i.HAL_TIMEx_CommutationCallback          0x0800188a   Section        0  stm32f4xx_hal_tim_ex.o(i.HAL_TIMEx_CommutationCallback)
    i.HAL_TIMEx_MasterConfigSynchronization  0x0800188c   Section        0  stm32f4xx_hal_tim_ex.o(i.HAL_TIMEx_MasterConfigSynchronization)
    i.HAL_TIM_Base_Init                      0x080018dc   Section        0  stm32f4xx_hal_tim.o(i.HAL_TIM_Base_Init)
    i.HAL_TIM_Base_MspInit                   0x08001914   Section        0  tim.o(i.HAL_TIM_Base_MspInit)
    i.HAL_TIM_Base_Start_IT                  0x080019a0   Section        0  stm32f4xx_hal_tim.o(i.HAL_TIM_Base_Start_IT)
    i.HAL_TIM_ConfigClockSource              0x080019b8   Section        0  stm32f4xx_hal_tim.o(i.HAL_TIM_ConfigClockSource)
    i.HAL_TIM_Encoder_Init                   0x08001aa8   Section        0  stm32f4xx_hal_tim.o(i.HAL_TIM_Encoder_Init)
    i.HAL_TIM_Encoder_MspInit                0x08001b40   Section        0  tim.o(i.HAL_TIM_Encoder_MspInit)
    i.HAL_TIM_Encoder_Start                  0x08001c84   Section        0  stm32f4xx_hal_tim.o(i.HAL_TIM_Encoder_Start)
    i.HAL_TIM_IC_CaptureCallback             0x08001cb6   Section        0  stm32f4xx_hal_tim.o(i.HAL_TIM_IC_CaptureCallback)
    i.HAL_TIM_IRQHandler                     0x08001cb8   Section        0  stm32f4xx_hal_tim.o(i.HAL_TIM_IRQHandler)
    i.HAL_TIM_MspPostInit                    0x08001e20   Section        0  tim.o(i.HAL_TIM_MspPostInit)
    i.HAL_TIM_OC_DelayElapsedCallback        0x08001f6c   Section        0  stm32f4xx_hal_tim.o(i.HAL_TIM_OC_DelayElapsedCallback)
    i.HAL_TIM_PWM_ConfigChannel              0x08001f6e   Section        0  stm32f4xx_hal_tim.o(i.HAL_TIM_PWM_ConfigChannel)
    i.HAL_TIM_PWM_Init                       0x0800203e   Section        0  stm32f4xx_hal_tim.o(i.HAL_TIM_PWM_Init)
    i.HAL_TIM_PWM_MspInit                    0x08002074   Section        0  tim.o(i.HAL_TIM_PWM_MspInit)
    i.HAL_TIM_PWM_PulseFinishedCallback      0x080020d4   Section        0  stm32f4xx_hal_tim.o(i.HAL_TIM_PWM_PulseFinishedCallback)
    i.HAL_TIM_PWM_Start                      0x080020d8   Section        0  stm32f4xx_hal_tim.o(i.HAL_TIM_PWM_Start)
    i.HAL_TIM_PeriodElapsedCallback          0x08002110   Section        0  timer.o(i.HAL_TIM_PeriodElapsedCallback)
    i.HAL_TIM_TriggerCallback                0x08002174   Section        0  stm32f4xx_hal_tim.o(i.HAL_TIM_TriggerCallback)
    i.HAL_UART_DMAStop                       0x08002176   Section        0  stm32f4xx_hal_uart.o(i.HAL_UART_DMAStop)
    i.HAL_UART_ErrorCallback                 0x080021a8   Section        0  stm32f4xx_hal_uart.o(i.HAL_UART_ErrorCallback)
    i.HAL_UART_IRQHandler                    0x080021aa   Section        0  stm32f4xx_hal_uart.o(i.HAL_UART_IRQHandler)
    i.HAL_UART_IdleCallback                  0x0800229e   Section        0  uart_dma.o(i.HAL_UART_IdleCallback)
    i.HAL_UART_Init                          0x080022b8   Section        0  stm32f4xx_hal_uart.o(i.HAL_UART_Init)
    i.HAL_UART_MspInit                       0x08002318   Section        0  usart.o(i.HAL_UART_MspInit)
    i.HAL_UART_Receive_DMA                   0x08002434   Section        0  stm32f4xx_hal_uart.o(i.HAL_UART_Receive_DMA)
    i.HAL_UART_Receive_IT                    0x080024b8   Section        0  stm32f4xx_hal_uart.o(i.HAL_UART_Receive_IT)
    i.HAL_UART_RxCpltCallback                0x08002520   Section        0  uart_dma.o(i.HAL_UART_RxCpltCallback)
    i.HAL_UART_RxHalfCpltCallback            0x0800253c   Section        0  stm32f4xx_hal_uart.o(i.HAL_UART_RxHalfCpltCallback)
    i.HAL_UART_Transmit                      0x0800253e   Section        0  stm32f4xx_hal_uart.o(i.HAL_UART_Transmit)
    i.HAL_UART_Transmit_DMA                  0x08002608   Section        0  stm32f4xx_hal_uart.o(i.HAL_UART_Transmit_DMA)
    i.HAL_UART_TxCpltCallback                0x08002698   Section        0  uart_dma.o(i.HAL_UART_TxCpltCallback)
    i.HAL_UART_TxHalfCpltCallback            0x080026b0   Section        0  stm32f4xx_hal_uart.o(i.HAL_UART_TxHalfCpltCallback)
    i.HardFault_Handler                      0x080026b2   Section        0  stm32f4xx_it.o(i.HardFault_Handler)
    i.INIT_Action                            0x080026b4   Section        0  screen_app.o(i.INIT_Action)
    i.Init_To_Auto1                          0x08002784   Section        0  status_transmit.o(i.Init_To_Auto1)
    i.Init_To_Auto2                          0x080027a0   Section        0  status_transmit.o(i.Init_To_Auto2)
    i.Init_To_Manual                         0x080027ac   Section        0  status_transmit.o(i.Init_To_Manual)
    i.KEY_Init                               0x080027c8   Section        0  key.o(i.KEY_Init)
    i.KEY_Scan                               0x0800282c   Section        0  key.o(i.KEY_Scan)
    i.LED_Init                               0x080028f8   Section        0  led.o(i.LED_Init)
    i.MANUAL_Action                          0x0800293c   Section        0  screen_app.o(i.MANUAL_Action)
    i.MX_DMA_Init                            0x080029fc   Section        0  dma.o(i.MX_DMA_Init)
    i.MX_GPIO_Init                           0x08002a38   Section        0  gpio.o(i.MX_GPIO_Init)
    i.MX_TIM12_Init                          0x08002b10   Section        0  tim.o(i.MX_TIM12_Init)
    i.MX_TIM13_Init                          0x08002b7c   Section        0  tim.o(i.MX_TIM13_Init)
    i.MX_TIM14_Init                          0x08002be4   Section        0  tim.o(i.MX_TIM14_Init)
    i.MX_TIM1_Init                           0x08002c4c   Section        0  tim.o(i.MX_TIM1_Init)
    i.MX_TIM2_Init                           0x08002cb8   Section        0  tim.o(i.MX_TIM2_Init)
    i.MX_TIM3_Init                           0x08002d1c   Section        0  tim.o(i.MX_TIM3_Init)
    i.MX_TIM4_Init                           0x08002d84   Section        0  tim.o(i.MX_TIM4_Init)
    i.MX_TIM5_Init                           0x08002dec   Section        0  tim.o(i.MX_TIM5_Init)
    i.MX_USART1_UART_Init                    0x08002e50   Section        0  usart.o(i.MX_USART1_UART_Init)
    i.MX_USART3_UART_Init                    0x08002e78   Section        0  usart.o(i.MX_USART3_UART_Init)
    i.Manual_To_Init                         0x08002ea0   Section        0  status_transmit.o(i.Manual_To_Init)
    i.MemManage_Handler                      0x08002ebc   Section        0  stm32f4xx_it.o(i.MemManage_Handler)
    i.NMI_Handler                            0x08002ebe   Section        0  stm32f4xx_it.o(i.NMI_Handler)
    i.NVIC_SetPriority                       0x08002ec0   Section        0  stm32f4xx_hal_cortex.o(i.NVIC_SetPriority)
    NVIC_SetPriority                         0x08002ec1   Thumb Code    32  stm32f4xx_hal_cortex.o(i.NVIC_SetPriority)
    i.PendSV_Handler                         0x08002ee0   Section        0  stm32f4xx_it.o(i.PendSV_Handler)
    i.ProcessData                            0x08002ee4   Section        0  uart_dma.o(i.ProcessData)
    i.Read_Encoder                           0x08002f2c   Section        0  motor.o(i.Read_Encoder)
    i.SVC_Handler                            0x08002fc0   Section        0  stm32f4xx_it.o(i.SVC_Handler)
    i.StartUartRxDMA                         0x08002fc4   Section        0  uart_dma.o(i.StartUartRxDMA)
    i.StartUartTxDMA                         0x08002fd8   Section        0  uart_dma.o(i.StartUartTxDMA)
    i.Stm32_Clock_Init                       0x08002ff0   Section        0  sys.o(i.Stm32_Clock_Init)
    i.SysTick_Handler                        0x08003074   Section        0  stm32f4xx_it.o(i.SysTick_Handler)
    i.SystemInit                             0x08003078   Section        0  system_stm32f4xx.o(i.SystemInit)
    i.TIM5_IRQHandler                        0x080030cc   Section        0  stm32f4xx_it.o(i.TIM5_IRQHandler)
    i.TIM_Base_SetConfig                     0x080030d8   Section        0  stm32f4xx_hal_tim.o(i.TIM_Base_SetConfig)
    i.TIM_CCxChannelCmd                      0x08003198   Section        0  stm32f4xx_hal_tim.o(i.TIM_CCxChannelCmd)
    i.TIM_ETR_SetConfig                      0x080031ae   Section        0  stm32f4xx_hal_tim.o(i.TIM_ETR_SetConfig)
    TIM_ETR_SetConfig                        0x080031af   Thumb Code    20  stm32f4xx_hal_tim.o(i.TIM_ETR_SetConfig)
    i.TIM_ITRx_SetConfig                     0x080031c2   Section        0  stm32f4xx_hal_tim.o(i.TIM_ITRx_SetConfig)
    TIM_ITRx_SetConfig                       0x080031c3   Thumb Code    16  stm32f4xx_hal_tim.o(i.TIM_ITRx_SetConfig)
    i.TIM_OC1_SetConfig                      0x080031d4   Section        0  stm32f4xx_hal_tim.o(i.TIM_OC1_SetConfig)
    TIM_OC1_SetConfig                        0x080031d5   Thumb Code    80  stm32f4xx_hal_tim.o(i.TIM_OC1_SetConfig)
    i.TIM_OC2_SetConfig                      0x0800322c   Section        0  stm32f4xx_hal_tim.o(i.TIM_OC2_SetConfig)
    i.TIM_OC3_SetConfig                      0x08003290   Section        0  stm32f4xx_hal_tim.o(i.TIM_OC3_SetConfig)
    TIM_OC3_SetConfig                        0x08003291   Thumb Code    88  stm32f4xx_hal_tim.o(i.TIM_OC3_SetConfig)
    i.TIM_OC4_SetConfig                      0x080032f0   Section        0  stm32f4xx_hal_tim.o(i.TIM_OC4_SetConfig)
    TIM_OC4_SetConfig                        0x080032f1   Thumb Code    70  stm32f4xx_hal_tim.o(i.TIM_OC4_SetConfig)
    i.TIM_TI1_ConfigInputStage               0x08003340   Section        0  stm32f4xx_hal_tim.o(i.TIM_TI1_ConfigInputStage)
    TIM_TI1_ConfigInputStage                 0x08003341   Thumb Code    34  stm32f4xx_hal_tim.o(i.TIM_TI1_ConfigInputStage)
    i.TIM_TI2_ConfigInputStage               0x08003362   Section        0  stm32f4xx_hal_tim.o(i.TIM_TI2_ConfigInputStage)
    TIM_TI2_ConfigInputStage                 0x08003363   Thumb Code    36  stm32f4xx_hal_tim.o(i.TIM_TI2_ConfigInputStage)
    i.UART_DMAError                          0x08003386   Section        0  stm32f4xx_hal_uart.o(i.UART_DMAError)
    UART_DMAError                            0x08003387   Thumb Code    30  stm32f4xx_hal_uart.o(i.UART_DMAError)
    i.UART_DMAReceiveCplt                    0x080033a4   Section        0  stm32f4xx_hal_uart.o(i.UART_DMAReceiveCplt)
    UART_DMAReceiveCplt                      0x080033a5   Thumb Code    52  stm32f4xx_hal_uart.o(i.UART_DMAReceiveCplt)
    i.UART_DMARxHalfCplt                     0x080033d8   Section        0  stm32f4xx_hal_uart.o(i.UART_DMARxHalfCplt)
    UART_DMARxHalfCplt                       0x080033d9   Thumb Code    10  stm32f4xx_hal_uart.o(i.UART_DMARxHalfCplt)
    i.UART_DMATransmitCplt                   0x080033e2   Section        0  stm32f4xx_hal_uart.o(i.UART_DMATransmitCplt)
    UART_DMATransmitCplt                     0x080033e3   Thumb Code    46  stm32f4xx_hal_uart.o(i.UART_DMATransmitCplt)
    i.UART_DMATxHalfCplt                     0x08003410   Section        0  stm32f4xx_hal_uart.o(i.UART_DMATxHalfCplt)
    UART_DMATxHalfCplt                       0x08003411   Thumb Code    10  stm32f4xx_hal_uart.o(i.UART_DMATxHalfCplt)
    i.UART_Receive_IT                        0x0800341a   Section        0  stm32f4xx_hal_uart.o(i.UART_Receive_IT)
    UART_Receive_IT                          0x0800341b   Thumb Code   166  stm32f4xx_hal_uart.o(i.UART_Receive_IT)
    i.UART_SetConfig                         0x080034c0   Section        0  stm32f4xx_hal_uart.o(i.UART_SetConfig)
    UART_SetConfig                           0x080034c1   Thumb Code   364  stm32f4xx_hal_uart.o(i.UART_SetConfig)
    i.UART_Transmit_IT                       0x08003634   Section        0  stm32f4xx_hal_uart.o(i.UART_Transmit_IT)
    UART_Transmit_IT                         0x08003635   Thumb Code   102  stm32f4xx_hal_uart.o(i.UART_Transmit_IT)
    i.UART_WaitOnFlagUntilTimeout            0x0800369a   Section        0  stm32f4xx_hal_uart.o(i.UART_WaitOnFlagUntilTimeout)
    UART_WaitOnFlagUntilTimeout              0x0800369b   Thumb Code   146  stm32f4xx_hal_uart.o(i.UART_WaitOnFlagUntilTimeout)
    i.USART3_IRQHandler                      0x0800372c   Section        0  stm32f4xx_it.o(i.USART3_IRQHandler)
    i.UartRxData                             0x0800374c   Section        0  uart_dma.o(i.UartRxData)
    i.UartTxData                             0x0800376c   Section        0  uart_dma.o(i.UartTxData)
    i.UsageFault_Handler                     0x08003798   Section        0  stm32f4xx_it.o(i.UsageFault_Handler)
    i.__0printf                              0x0800379c   Section        0  printfa.o(i.__0printf)
    i.__aeabi_errno_addr                     0x080037bc   Section        0  errno.o(i.__aeabi_errno_addr)
    i.__scatterload_copy                     0x080037c4   Section       14  handlers.o(i.__scatterload_copy)
    i.__scatterload_null                     0x080037d2   Section        2  handlers.o(i.__scatterload_null)
    i.__scatterload_zeroinit                 0x080037d4   Section       14  handlers.o(i.__scatterload_zeroinit)
    i._fp_digits                             0x080037e4   Section        0  printfa.o(i._fp_digits)
    _fp_digits                               0x080037e5   Thumb Code   366  printfa.o(i._fp_digits)
    i._printf_core                           0x08003968   Section        0  printfa.o(i._printf_core)
    _printf_core                             0x08003969   Thumb Code  1744  printfa.o(i._printf_core)
    i._printf_post_padding                   0x08004044   Section        0  printfa.o(i._printf_post_padding)
    _printf_post_padding                     0x08004045   Thumb Code    36  printfa.o(i._printf_post_padding)
    i._printf_pre_padding                    0x08004068   Section        0  printfa.o(i._printf_pre_padding)
    _printf_pre_padding                      0x08004069   Thumb Code    46  printfa.o(i._printf_pre_padding)
    i.delay_init                             0x08004098   Section        0  delay.o(i.delay_init)
    i.delay_ms                               0x080040ac   Section        0  delay.o(i.delay_ms)
    i.delay_us                               0x080040c8   Section        0  delay.o(i.delay_us)
    i.fputc                                  0x080040fc   Section        0  usart.o(i.fputc)
    i.globalInit                             0x08004118   Section        0  main.o(i.globalInit)
    i.ips114_clear                           0x080042b4   Section        0  seekfree_ips114_spi.o(i.ips114_clear)
    i.ips114_display_chinese                 0x080042e0   Section        0  seekfree_ips114_spi.o(i.ips114_display_chinese)
    i.ips114_drawpoint                       0x0800435a   Section        0  seekfree_ips114_spi.o(i.ips114_drawpoint)
    i.ips114_init                            0x08004370   Section        0  seekfree_ips114_spi.o(i.ips114_init)
    i.ips114_set_region                      0x08004530   Section        0  seekfree_ips114_spi.o(i.ips114_set_region)
    i.ips114_showchar                        0x08004574   Section        0  seekfree_ips114_spi.o(i.ips114_showchar)
    i.ips114_showstr                         0x080045d4   Section        0  seekfree_ips114_spi.o(i.ips114_showstr)
    i.ips114_showuint16                      0x08004602   Section        0  seekfree_ips114_spi.o(i.ips114_showuint16)
    i.ips114_writeData                       0x08004684   Section        0  seekfree_ips114_spi.o(i.ips114_writeData)
    i.ips114_writeIndex                      0x08004704   Section        0  seekfree_ips114_spi.o(i.ips114_writeIndex)
    i.ips114_writedata_16bit                 0x08004784   Section        0  seekfree_ips114_spi.o(i.ips114_writedata_16bit)
    i.ipsDrawRectangle                       0x08004808   Section        0  screen_app.o(i.ipsDrawRectangle)
    i.main                                   0x08004884   Section        0  main.o(i.main)
    i.str2double                             0x080048c4   Section        0  numandstr.o(i.str2double)
    i.str2int                                0x0800499c   Section        0  numandstr.o(i.str2int)
    .constdata                               0x080049e0   Section       16  stm32f4xx_hal_rcc.o(.constdata)
    .constdata                               0x080049f0   Section        8  stm32f4xx_hal_dma.o(.constdata)
    flagBitshiftOffset                       0x080049f0   Data           8  stm32f4xx_hal_dma.o(.constdata)
    .constdata                               0x080049f8   Section     1520  seekfree_font.o(.constdata)
    .constdata                               0x08004fe8   Section      480  seekfree_font.o(.constdata)
    .constdata                               0x080051c8   Section      129  ctype_o.o(.constdata)
    .constdata                               0x0800524c   Section        4  ctype_o.o(.constdata)
    table                                    0x0800524c   Data           4  ctype_o.o(.constdata)
    .data                                    0x20000000   Section        3  main.o(.data)
    .data                                    0x20000004   Section        2  main.o(.data)
    .data                                    0x20000008   Section       20  system_stm32f4xx.o(.data)
    .data                                    0x2000001c   Section        4  stm32f4xx_hal.o(.data)
    uwTick                                   0x2000001c   Data           4  stm32f4xx_hal.o(.data)
    .data                                    0x20000020   Section        4  delay.o(.data)
    fac_us                                   0x20000020   Data           4  delay.o(.data)
    .data                                    0x20000024   Section        1  key.o(.data)
    key_up                                   0x20000024   Data           1  key.o(.data)
    .data                                    0x20000028   Section       40  uart_dma.o(.data)
    .data                                    0x20000050   Section       10  screen_app.o(.data)
    .data                                    0x2000005a   Section        2  timer.o(.data)
    .data                                    0x2000005c   Section        4  stdout.o(.data)
    .data                                    0x20000060   Section        4  errno.o(.data)
    _errno                                   0x20000060   Data           4  errno.o(.data)
    .bss                                     0x20000064   Section      304  usart.o(.bss)
    .bss                                     0x20000194   Section      256  uart_dma.o(.bss)
    .bss                                     0x20000294   Section      660  tim.o(.bss)
    STACK                                    0x20000528   Section     1024  startup_stm32f429xx.o(STACK)
    .ARM.__AT_0xC0000000                     0xc0000000   Section    2048000  ltdc.o(.ARM.__AT_0xC0000000)

    Global Symbols

    Symbol Name                              Value     Ov Type        Size  Object(Section)

    BuildAttributes$$THM_ISAv4$E$P$D$K$B$S$7EM$VFPi3$EXTD16$VFPS$VFMA$PE$A:L22UL41UL21$X:L11$S22US41US21$IEEE1$IW$USESV6$~STKCKD$USESV7$~SHL$OTIME$ROPI$IEEEJ$EBA8$MICROLIB$REQ8$PRES8$EABIv2 0x00000000   Number         0  anon$$obj.o ABSOLUTE
    __ARM_use_no_argv                        0x00000000   Number         0  main.o ABSOLUTE
    _printf_a                                0x00000000   Number         0  stubs.o ABSOLUTE
    _printf_c                                0x00000000   Number         0  stubs.o ABSOLUTE
    _printf_charcount                        0x00000000   Number         0  stubs.o ABSOLUTE
    _printf_d                                0x00000000   Number         0  stubs.o ABSOLUTE
    _printf_e                                0x00000000   Number         0  stubs.o ABSOLUTE
    _printf_f                                0x00000000   Number         0  stubs.o ABSOLUTE
    _printf_flags                            0x00000000   Number         0  stubs.o ABSOLUTE
    _printf_fp_dec                           0x00000000   Number         0  stubs.o ABSOLUTE
    _printf_fp_hex                           0x00000000   Number         0  stubs.o ABSOLUTE
    _printf_g                                0x00000000   Number         0  stubs.o ABSOLUTE
    _printf_i                                0x00000000   Number         0  stubs.o ABSOLUTE
    _printf_int_dec                          0x00000000   Number         0  stubs.o ABSOLUTE
    _printf_l                                0x00000000   Number         0  stubs.o ABSOLUTE
    _printf_lc                               0x00000000   Number         0  stubs.o ABSOLUTE
    _printf_ll                               0x00000000   Number         0  stubs.o ABSOLUTE
    _printf_lld                              0x00000000   Number         0  stubs.o ABSOLUTE
    _printf_lli                              0x00000000   Number         0  stubs.o ABSOLUTE
    _printf_llo                              0x00000000   Number         0  stubs.o ABSOLUTE
    _printf_llu                              0x00000000   Number         0  stubs.o ABSOLUTE
    _printf_llx                              0x00000000   Number         0  stubs.o ABSOLUTE
    _printf_longlong_dec                     0x00000000   Number         0  stubs.o ABSOLUTE
    _printf_longlong_hex                     0x00000000   Number         0  stubs.o ABSOLUTE
    _printf_longlong_oct                     0x00000000   Number         0  stubs.o ABSOLUTE
    _printf_ls                               0x00000000   Number         0  stubs.o ABSOLUTE
    _printf_mbtowc                           0x00000000   Number         0  stubs.o ABSOLUTE
    _printf_n                                0x00000000   Number         0  stubs.o ABSOLUTE
    _printf_o                                0x00000000   Number         0  stubs.o ABSOLUTE
    _printf_p                                0x00000000   Number         0  stubs.o ABSOLUTE
    _printf_percent                          0x00000000   Number         0  stubs.o ABSOLUTE
    _printf_pre_padding                      0x00000000   Number         0  stubs.o ABSOLUTE
    _printf_return_value                     0x00000000   Number         0  stubs.o ABSOLUTE
    _printf_s                                0x00000000   Number         0  stubs.o ABSOLUTE
    _printf_sizespec                         0x00000000   Number         0  stubs.o ABSOLUTE
    _printf_str                              0x00000000   Number         0  stubs.o ABSOLUTE
    _printf_truncate_signed                  0x00000000   Number         0  stubs.o ABSOLUTE
    _printf_truncate_unsigned                0x00000000   Number         0  stubs.o ABSOLUTE
    _printf_u                                0x00000000   Number         0  stubs.o ABSOLUTE
    _printf_wc                               0x00000000   Number         0  stubs.o ABSOLUTE
    _printf_wctomb                           0x00000000   Number         0  stubs.o ABSOLUTE
    _printf_widthprec                        0x00000000   Number         0  stubs.o ABSOLUTE
    _printf_x                                0x00000000   Number         0  stubs.o ABSOLUTE
    __cpp_initialize__aeabi_                  - Undefined Weak Reference
    __cxa_finalize                            - Undefined Weak Reference
    __decompress                              - Undefined Weak Reference
    _clock_init                               - Undefined Weak Reference
    _microlib_exit                            - Undefined Weak Reference
    __Vectors_Size                           0x000001ac   Number         0  startup_stm32f429xx.o ABSOLUTE
    __Vectors                                0x08000000   Data           4  startup_stm32f429xx.o(RESET)
    __Vectors_End                            0x080001ac   Data           0  startup_stm32f429xx.o(RESET)
    __main                                   0x080001ad   Thumb Code     0  entry.o(.ARM.Collect$$$$00000000)
    _main_stk                                0x080001ad   Thumb Code     0  entry2.o(.ARM.Collect$$$$00000001)
    _main_scatterload                        0x080001b1   Thumb Code     0  entry5.o(.ARM.Collect$$$$00000004)
    __main_after_scatterload                 0x080001b5   Thumb Code     0  entry5.o(.ARM.Collect$$$$00000004)
    _main_clock                              0x080001b5   Thumb Code     0  entry7b.o(.ARM.Collect$$$$00000008)
    _main_cpp_init                           0x080001b5   Thumb Code     0  entry8b.o(.ARM.Collect$$$$0000000A)
    _main_init                               0x080001b5   Thumb Code     0  entry9a.o(.ARM.Collect$$$$0000000B)
    __rt_final_cpp                           0x080001bd   Thumb Code     0  entry10a.o(.ARM.Collect$$$$0000000D)
    __rt_final_exit                          0x080001bd   Thumb Code     0  entry11a.o(.ARM.Collect$$$$0000000F)
    Reset_Handler                            0x080001c1   Thumb Code     8  startup_stm32f429xx.o(.text)
    ADC_IRQHandler                           0x080001db   Thumb Code     0  startup_stm32f429xx.o(.text)
    CAN1_RX0_IRQHandler                      0x080001db   Thumb Code     0  startup_stm32f429xx.o(.text)
    CAN1_RX1_IRQHandler                      0x080001db   Thumb Code     0  startup_stm32f429xx.o(.text)
    CAN1_SCE_IRQHandler                      0x080001db   Thumb Code     0  startup_stm32f429xx.o(.text)
    CAN1_TX_IRQHandler                       0x080001db   Thumb Code     0  startup_stm32f429xx.o(.text)
    CAN2_RX0_IRQHandler                      0x080001db   Thumb Code     0  startup_stm32f429xx.o(.text)
    CAN2_RX1_IRQHandler                      0x080001db   Thumb Code     0  startup_stm32f429xx.o(.text)
    CAN2_SCE_IRQHandler                      0x080001db   Thumb Code     0  startup_stm32f429xx.o(.text)
    CAN2_TX_IRQHandler                       0x080001db   Thumb Code     0  startup_stm32f429xx.o(.text)
    DCMI_IRQHandler                          0x080001db   Thumb Code     0  startup_stm32f429xx.o(.text)
    DMA1_Stream0_IRQHandler                  0x080001db   Thumb Code     0  startup_stm32f429xx.o(.text)
    DMA1_Stream2_IRQHandler                  0x080001db   Thumb Code     0  startup_stm32f429xx.o(.text)
    DMA1_Stream4_IRQHandler                  0x080001db   Thumb Code     0  startup_stm32f429xx.o(.text)
    DMA1_Stream5_IRQHandler                  0x080001db   Thumb Code     0  startup_stm32f429xx.o(.text)
    DMA1_Stream6_IRQHandler                  0x080001db   Thumb Code     0  startup_stm32f429xx.o(.text)
    DMA1_Stream7_IRQHandler                  0x080001db   Thumb Code     0  startup_stm32f429xx.o(.text)
    DMA2D_IRQHandler                         0x080001db   Thumb Code     0  startup_stm32f429xx.o(.text)
    DMA2_Stream0_IRQHandler                  0x080001db   Thumb Code     0  startup_stm32f429xx.o(.text)
    DMA2_Stream1_IRQHandler                  0x080001db   Thumb Code     0  startup_stm32f429xx.o(.text)
    DMA2_Stream2_IRQHandler                  0x080001db   Thumb Code     0  startup_stm32f429xx.o(.text)
    DMA2_Stream3_IRQHandler                  0x080001db   Thumb Code     0  startup_stm32f429xx.o(.text)
    DMA2_Stream4_IRQHandler                  0x080001db   Thumb Code     0  startup_stm32f429xx.o(.text)
    DMA2_Stream5_IRQHandler                  0x080001db   Thumb Code     0  startup_stm32f429xx.o(.text)
    DMA2_Stream6_IRQHandler                  0x080001db   Thumb Code     0  startup_stm32f429xx.o(.text)
    DMA2_Stream7_IRQHandler                  0x080001db   Thumb Code     0  startup_stm32f429xx.o(.text)
    ETH_IRQHandler                           0x080001db   Thumb Code     0  startup_stm32f429xx.o(.text)
    ETH_WKUP_IRQHandler                      0x080001db   Thumb Code     0  startup_stm32f429xx.o(.text)
    EXTI0_IRQHandler                         0x080001db   Thumb Code     0  startup_stm32f429xx.o(.text)
    EXTI15_10_IRQHandler                     0x080001db   Thumb Code     0  startup_stm32f429xx.o(.text)
    EXTI1_IRQHandler                         0x080001db   Thumb Code     0  startup_stm32f429xx.o(.text)
    EXTI2_IRQHandler                         0x080001db   Thumb Code     0  startup_stm32f429xx.o(.text)
    EXTI3_IRQHandler                         0x080001db   Thumb Code     0  startup_stm32f429xx.o(.text)
    EXTI4_IRQHandler                         0x080001db   Thumb Code     0  startup_stm32f429xx.o(.text)
    EXTI9_5_IRQHandler                       0x080001db   Thumb Code     0  startup_stm32f429xx.o(.text)
    FLASH_IRQHandler                         0x080001db   Thumb Code     0  startup_stm32f429xx.o(.text)
    FMC_IRQHandler                           0x080001db   Thumb Code     0  startup_stm32f429xx.o(.text)
    FPU_IRQHandler                           0x080001db   Thumb Code     0  startup_stm32f429xx.o(.text)
    HASH_RNG_IRQHandler                      0x080001db   Thumb Code     0  startup_stm32f429xx.o(.text)
    I2C1_ER_IRQHandler                       0x080001db   Thumb Code     0  startup_stm32f429xx.o(.text)
    I2C1_EV_IRQHandler                       0x080001db   Thumb Code     0  startup_stm32f429xx.o(.text)
    I2C2_ER_IRQHandler                       0x080001db   Thumb Code     0  startup_stm32f429xx.o(.text)
    I2C2_EV_IRQHandler                       0x080001db   Thumb Code     0  startup_stm32f429xx.o(.text)
    I2C3_ER_IRQHandler                       0x080001db   Thumb Code     0  startup_stm32f429xx.o(.text)
    I2C3_EV_IRQHandler                       0x080001db   Thumb Code     0  startup_stm32f429xx.o(.text)
    LTDC_ER_IRQHandler                       0x080001db   Thumb Code     0  startup_stm32f429xx.o(.text)
    LTDC_IRQHandler                          0x080001db   Thumb Code     0  startup_stm32f429xx.o(.text)
    OTG_FS_IRQHandler                        0x080001db   Thumb Code     0  startup_stm32f429xx.o(.text)
    OTG_FS_WKUP_IRQHandler                   0x080001db   Thumb Code     0  startup_stm32f429xx.o(.text)
    OTG_HS_EP1_IN_IRQHandler                 0x080001db   Thumb Code     0  startup_stm32f429xx.o(.text)
    OTG_HS_EP1_OUT_IRQHandler                0x080001db   Thumb Code     0  startup_stm32f429xx.o(.text)
    OTG_HS_IRQHandler                        0x080001db   Thumb Code     0  startup_stm32f429xx.o(.text)
    OTG_HS_WKUP_IRQHandler                   0x080001db   Thumb Code     0  startup_stm32f429xx.o(.text)
    PVD_IRQHandler                           0x080001db   Thumb Code     0  startup_stm32f429xx.o(.text)
    RCC_IRQHandler                           0x080001db   Thumb Code     0  startup_stm32f429xx.o(.text)
    RTC_Alarm_IRQHandler                     0x080001db   Thumb Code     0  startup_stm32f429xx.o(.text)
    RTC_WKUP_IRQHandler                      0x080001db   Thumb Code     0  startup_stm32f429xx.o(.text)
    SAI1_IRQHandler                          0x080001db   Thumb Code     0  startup_stm32f429xx.o(.text)
    SDIO_IRQHandler                          0x080001db   Thumb Code     0  startup_stm32f429xx.o(.text)
    SPI1_IRQHandler                          0x080001db   Thumb Code     0  startup_stm32f429xx.o(.text)
    SPI2_IRQHandler                          0x080001db   Thumb Code     0  startup_stm32f429xx.o(.text)
    SPI3_IRQHandler                          0x080001db   Thumb Code     0  startup_stm32f429xx.o(.text)
    SPI4_IRQHandler                          0x080001db   Thumb Code     0  startup_stm32f429xx.o(.text)
    SPI5_IRQHandler                          0x080001db   Thumb Code     0  startup_stm32f429xx.o(.text)
    SPI6_IRQHandler                          0x080001db   Thumb Code     0  startup_stm32f429xx.o(.text)
    TAMP_STAMP_IRQHandler                    0x080001db   Thumb Code     0  startup_stm32f429xx.o(.text)
    TIM1_BRK_TIM9_IRQHandler                 0x080001db   Thumb Code     0  startup_stm32f429xx.o(.text)
    TIM1_CC_IRQHandler                       0x080001db   Thumb Code     0  startup_stm32f429xx.o(.text)
    TIM1_TRG_COM_TIM11_IRQHandler            0x080001db   Thumb Code     0  startup_stm32f429xx.o(.text)
    TIM1_UP_TIM10_IRQHandler                 0x080001db   Thumb Code     0  startup_stm32f429xx.o(.text)
    TIM2_IRQHandler                          0x080001db   Thumb Code     0  startup_stm32f429xx.o(.text)
    TIM3_IRQHandler                          0x080001db   Thumb Code     0  startup_stm32f429xx.o(.text)
    TIM4_IRQHandler                          0x080001db   Thumb Code     0  startup_stm32f429xx.o(.text)
    TIM6_DAC_IRQHandler                      0x080001db   Thumb Code     0  startup_stm32f429xx.o(.text)
    TIM7_IRQHandler                          0x080001db   Thumb Code     0  startup_stm32f429xx.o(.text)
    TIM8_BRK_TIM12_IRQHandler                0x080001db   Thumb Code     0  startup_stm32f429xx.o(.text)
    TIM8_CC_IRQHandler                       0x080001db   Thumb Code     0  startup_stm32f429xx.o(.text)
    TIM8_TRG_COM_TIM14_IRQHandler            0x080001db   Thumb Code     0  startup_stm32f429xx.o(.text)
    TIM8_UP_TIM13_IRQHandler                 0x080001db   Thumb Code     0  startup_stm32f429xx.o(.text)
    UART4_IRQHandler                         0x080001db   Thumb Code     0  startup_stm32f429xx.o(.text)
    UART5_IRQHandler                         0x080001db   Thumb Code     0  startup_stm32f429xx.o(.text)
    UART7_IRQHandler                         0x080001db   Thumb Code     0  startup_stm32f429xx.o(.text)
    UART8_IRQHandler                         0x080001db   Thumb Code     0  startup_stm32f429xx.o(.text)
    USART1_IRQHandler                        0x080001db   Thumb Code     0  startup_stm32f429xx.o(.text)
    USART2_IRQHandler                        0x080001db   Thumb Code     0  startup_stm32f429xx.o(.text)
    USART6_IRQHandler                        0x080001db   Thumb Code     0  startup_stm32f429xx.o(.text)
    WWDG_IRQHandler                          0x080001db   Thumb Code     0  startup_stm32f429xx.o(.text)
    __aeabi_memcpy                           0x080001e5   Thumb Code    36  memcpya.o(.text)
    __aeabi_memcpy4                          0x080001e5   Thumb Code     0  memcpya.o(.text)
    __aeabi_memcpy8                          0x080001e5   Thumb Code     0  memcpya.o(.text)
    __aeabi_memset                           0x08000209   Thumb Code    14  memseta.o(.text)
    __aeabi_memset4                          0x08000209   Thumb Code     0  memseta.o(.text)
    __aeabi_memset8                          0x08000209   Thumb Code     0  memseta.o(.text)
    __aeabi_memclr                           0x08000217   Thumb Code     4  memseta.o(.text)
    __aeabi_memclr4                          0x08000217   Thumb Code     0  memseta.o(.text)
    __aeabi_memclr8                          0x08000217   Thumb Code     0  memseta.o(.text)
    _memset$wrapper                          0x0800021b   Thumb Code    18  memseta.o(.text)
    atoi                                     0x0800022d   Thumb Code    26  atoi.o(.text)
    __aeabi_dadd                             0x08000247   Thumb Code   322  dadd.o(.text)
    __aeabi_dsub                             0x08000389   Thumb Code     6  dadd.o(.text)
    __aeabi_drsub                            0x0800038f   Thumb Code     6  dadd.o(.text)
    __aeabi_dmul                             0x08000395   Thumb Code   228  dmul.o(.text)
    __aeabi_ddiv                             0x08000479   Thumb Code   222  ddiv.o(.text)
    __aeabi_i2d                              0x08000557   Thumb Code    34  dflti.o(.text)
    __aeabi_cdrcmple                         0x08000579   Thumb Code    48  cdrcmple.o(.text)
    __aeabi_uidiv                            0x080005a9   Thumb Code     0  uidiv.o(.text)
    __aeabi_uidivmod                         0x080005a9   Thumb Code    44  uidiv.o(.text)
    __aeabi_uldivmod                         0x080005d5   Thumb Code    98  uldiv.o(.text)
    __aeabi_llsl                             0x08000637   Thumb Code    30  llshl.o(.text)
    _ll_shift_l                              0x08000637   Thumb Code     0  llshl.o(.text)
    __aeabi_llsr                             0x08000655   Thumb Code    32  llushr.o(.text)
    _ll_ushift_r                             0x08000655   Thumb Code     0  llushr.o(.text)
    __aeabi_lasr                             0x08000675   Thumb Code    36  llsshr.o(.text)
    _ll_sshift_r                             0x08000675   Thumb Code     0  llsshr.o(.text)
    strtol                                   0x08000699   Thumb Code   112  strtol.o(.text)
    __I$use$fp                               0x08000709   Thumb Code     0  iusefp.o(.text)
    _double_round                            0x08000709   Thumb Code    30  depilogue.o(.text)
    _double_epilogue                         0x08000727   Thumb Code   156  depilogue.o(.text)
    __aeabi_d2ulz                            0x080007c3   Thumb Code    48  dfixul.o(.text)
    __scatterload                            0x080007f5   Thumb Code    28  init.o(.text)
    __scatterload_rt2                        0x080007f5   Thumb Code     0  init.o(.text)
    __rt_ctype_table                         0x08000819   Thumb Code     4  ctype_o.o(.text)
    _strtoul                                 0x08000821   Thumb Code   158  _strtoul.o(.text)
    _chval                                   0x080008bf   Thumb Code    28  _chval.o(.text)
    AUTO1_Action                             0x080008dd   Thumb Code    28  screen_app.o(i.AUTO1_Action)
    Auto1_To_Init                            0x08000901   Thumb Code    20  status_transmit.o(i.Auto1_To_Init)
    BEEP_Init                                0x0800091d   Thumb Code    58  beep.o(i.BEEP_Init)
    BEEP_ONCE                                0x08000961   Thumb Code    34  beep.o(i.BEEP_ONCE)
    BusFault_Handler                         0x08000989   Thumb Code     2  stm32f4xx_it.o(i.BusFault_Handler)
    DMA1_Stream1_IRQHandler                  0x0800098d   Thumb Code     6  stm32f4xx_it.o(i.DMA1_Stream1_IRQHandler)
    DMA1_Stream3_IRQHandler                  0x08000999   Thumb Code     6  stm32f4xx_it.o(i.DMA1_Stream3_IRQHandler)
    DataProcess                              0x080009f5   Thumb Code    86  uart_dma.o(i.DataProcess)
    DebugMon_Handler                         0x08000a55   Thumb Code     2  stm32f4xx_it.o(i.DebugMon_Handler)
    Draw_AUTO1_Screen                        0x08000a59   Thumb Code    24  screen_app.o(i.Draw_AUTO1_Screen)
    Draw_INIT_Screen                         0x08000a79   Thumb Code    72  screen_app.o(i.Draw_INIT_Screen)
    Draw_MAUAL_Screen                        0x08000add   Thumb Code   194  screen_app.o(i.Draw_MAUAL_Screen)
    Error_Handler                            0x08000bd9   Thumb Code     4  main.o(i.Error_Handler)
    HAL_DMA_Abort                            0x08000bdd   Thumb Code    82  stm32f4xx_hal_dma.o(i.HAL_DMA_Abort)
    HAL_DMA_IRQHandler                       0x08000c31   Thumb Code   414  stm32f4xx_hal_dma.o(i.HAL_DMA_IRQHandler)
    HAL_DMA_Init                             0x08000dd5   Thumb Code   116  stm32f4xx_hal_dma.o(i.HAL_DMA_Init)
    HAL_DMA_Start_IT                         0x08000e4d   Thumb Code    78  stm32f4xx_hal_dma.o(i.HAL_DMA_Start_IT)
    HAL_Delay                                0x08000e9b   Thumb Code    22  stm32f4xx_hal.o(i.HAL_Delay)
    HAL_GPIO_Init                            0x08000eb1   Thumb Code   422  stm32f4xx_hal_gpio.o(i.HAL_GPIO_Init)
    HAL_GPIO_ReadPin                         0x0800108d   Thumb Code    10  stm32f4xx_hal_gpio.o(i.HAL_GPIO_ReadPin)
    HAL_GPIO_TogglePin                       0x08001097   Thumb Code     8  stm32f4xx_hal_gpio.o(i.HAL_GPIO_TogglePin)
    HAL_GPIO_WritePin                        0x0800109f   Thumb Code    10  stm32f4xx_hal_gpio.o(i.HAL_GPIO_WritePin)
    HAL_GetTick                              0x080010a9   Thumb Code     6  stm32f4xx_hal.o(i.HAL_GetTick)
    HAL_IncTick                              0x080010b5   Thumb Code    10  stm32f4xx_hal.o(i.HAL_IncTick)
    HAL_Init                                 0x080010c5   Thumb Code    48  stm32f4xx_hal.o(i.HAL_Init)
    HAL_InitTick                             0x080010f9   Thumb Code    34  stm32f4xx_hal.o(i.HAL_InitTick)
    HAL_MspInit                              0x0800111b   Thumb Code     8  stm32f4xx_hal.o(i.HAL_MspInit)
    HAL_NVIC_EnableIRQ                       0x08001123   Thumb Code    22  stm32f4xx_hal_cortex.o(i.HAL_NVIC_EnableIRQ)
    HAL_NVIC_SetPriority                     0x08001139   Thumb Code    60  stm32f4xx_hal_cortex.o(i.HAL_NVIC_SetPriority)
    HAL_NVIC_SetPriorityGrouping             0x08001179   Thumb Code    26  stm32f4xx_hal_cortex.o(i.HAL_NVIC_SetPriorityGrouping)
    HAL_PWREx_EnableOverDrive                0x0800119d   Thumb Code   122  stm32f4xx_hal_pwr_ex.o(i.HAL_PWREx_EnableOverDrive)
    HAL_RCC_ClockConfig                      0x08001225   Thumb Code   512  stm32f4xx_hal_rcc.o(i.HAL_RCC_ClockConfig)
    HAL_RCC_GetHCLKFreq                      0x0800142d   Thumb Code    38  stm32f4xx_hal_rcc.o(i.HAL_RCC_GetHCLKFreq)
    HAL_RCC_GetPCLK1Freq                     0x08001461   Thumb Code    36  stm32f4xx_hal_rcc.o(i.HAL_RCC_GetPCLK1Freq)
    HAL_RCC_GetPCLK2Freq                     0x0800148d   Thumb Code    36  stm32f4xx_hal_rcc.o(i.HAL_RCC_GetPCLK2Freq)
    HAL_RCC_GetSysClockFreq                  0x080014b9   Thumb Code   104  stm32f4xx_hal_rcc.o(i.HAL_RCC_GetSysClockFreq)
    HAL_RCC_OscConfig                        0x0800152d   Thumb Code   774  stm32f4xx_hal_rcc.o(i.HAL_RCC_OscConfig)
    HAL_SYSTICK_CLKSourceConfig              0x08001849   Thumb Code    24  stm32f4xx_hal_cortex.o(i.HAL_SYSTICK_CLKSourceConfig)
    HAL_SYSTICK_Config                       0x08001861   Thumb Code    40  stm32f4xx_hal_cortex.o(i.HAL_SYSTICK_Config)
    HAL_TIMEx_BreakCallback                  0x08001889   Thumb Code     2  stm32f4xx_hal_tim_ex.o(i.HAL_TIMEx_BreakCallback)
    HAL_TIMEx_CommutationCallback            0x0800188b   Thumb Code     2  stm32f4xx_hal_tim_ex.o(i.HAL_TIMEx_CommutationCallback)
    HAL_TIMEx_MasterConfigSynchronization    0x0800188d   Thumb Code    80  stm32f4xx_hal_tim_ex.o(i.HAL_TIMEx_MasterConfigSynchronization)
    HAL_TIM_Base_Init                        0x080018dd   Thumb Code    54  stm32f4xx_hal_tim.o(i.HAL_TIM_Base_Init)
    HAL_TIM_Base_MspInit                     0x08001915   Thumb Code   120  tim.o(i.HAL_TIM_Base_MspInit)
    HAL_TIM_Base_Start_IT                    0x080019a1   Thumb Code    24  stm32f4xx_hal_tim.o(i.HAL_TIM_Base_Start_IT)
    HAL_TIM_ConfigClockSource                0x080019b9   Thumb Code   240  stm32f4xx_hal_tim.o(i.HAL_TIM_ConfigClockSource)
    HAL_TIM_Encoder_Init                     0x08001aa9   Thumb Code   150  stm32f4xx_hal_tim.o(i.HAL_TIM_Encoder_Init)
    HAL_TIM_Encoder_MspInit                  0x08001b41   Thumb Code   292  tim.o(i.HAL_TIM_Encoder_MspInit)
    HAL_TIM_Encoder_Start                    0x08001c85   Thumb Code    50  stm32f4xx_hal_tim.o(i.HAL_TIM_Encoder_Start)
    HAL_TIM_IC_CaptureCallback               0x08001cb7   Thumb Code     2  stm32f4xx_hal_tim.o(i.HAL_TIM_IC_CaptureCallback)
    HAL_TIM_IRQHandler                       0x08001cb9   Thumb Code   358  stm32f4xx_hal_tim.o(i.HAL_TIM_IRQHandler)
    HAL_TIM_MspPostInit                      0x08001e21   Thumb Code   284  tim.o(i.HAL_TIM_MspPostInit)
    HAL_TIM_OC_DelayElapsedCallback          0x08001f6d   Thumb Code     2  stm32f4xx_hal_tim.o(i.HAL_TIM_OC_DelayElapsedCallback)
    HAL_TIM_PWM_ConfigChannel                0x08001f6f   Thumb Code   208  stm32f4xx_hal_tim.o(i.HAL_TIM_PWM_ConfigChannel)
    HAL_TIM_PWM_Init                         0x0800203f   Thumb Code    54  stm32f4xx_hal_tim.o(i.HAL_TIM_PWM_Init)
    HAL_TIM_PWM_MspInit                      0x08002075   Thumb Code    78  tim.o(i.HAL_TIM_PWM_MspInit)
    HAL_TIM_PWM_PulseFinishedCallback        0x080020d5   Thumb Code     2  stm32f4xx_hal_tim.o(i.HAL_TIM_PWM_PulseFinishedCallback)
    HAL_TIM_PWM_Start                        0x080020d9   Thumb Code    48  stm32f4xx_hal_tim.o(i.HAL_TIM_PWM_Start)
    HAL_TIM_PeriodElapsedCallback            0x08002111   Thumb Code    76  timer.o(i.HAL_TIM_PeriodElapsedCallback)
    HAL_TIM_TriggerCallback                  0x08002175   Thumb Code     2  stm32f4xx_hal_tim.o(i.HAL_TIM_TriggerCallback)
    HAL_UART_DMAStop                         0x08002177   Thumb Code    50  stm32f4xx_hal_uart.o(i.HAL_UART_DMAStop)
    HAL_UART_ErrorCallback                   0x080021a9   Thumb Code     2  stm32f4xx_hal_uart.o(i.HAL_UART_ErrorCallback)
    HAL_UART_IRQHandler                      0x080021ab   Thumb Code   244  stm32f4xx_hal_uart.o(i.HAL_UART_IRQHandler)
    HAL_UART_IdleCallback                    0x0800229f   Thumb Code    26  uart_dma.o(i.HAL_UART_IdleCallback)
    HAL_UART_Init                            0x080022b9   Thumb Code    94  stm32f4xx_hal_uart.o(i.HAL_UART_Init)
    HAL_UART_MspInit                         0x08002319   Thumb Code   256  usart.o(i.HAL_UART_MspInit)
    HAL_UART_Receive_DMA                     0x08002435   Thumb Code   118  stm32f4xx_hal_uart.o(i.HAL_UART_Receive_DMA)
    HAL_UART_Receive_IT                      0x080024b9   Thumb Code   104  stm32f4xx_hal_uart.o(i.HAL_UART_Receive_IT)
    HAL_UART_RxCpltCallback                  0x08002521   Thumb Code    22  uart_dma.o(i.HAL_UART_RxCpltCallback)
    HAL_UART_RxHalfCpltCallback              0x0800253d   Thumb Code     2  stm32f4xx_hal_uart.o(i.HAL_UART_RxHalfCpltCallback)
    HAL_UART_Transmit                        0x0800253f   Thumb Code   200  stm32f4xx_hal_uart.o(i.HAL_UART_Transmit)
    HAL_UART_Transmit_DMA                    0x08002609   Thumb Code   132  stm32f4xx_hal_uart.o(i.HAL_UART_Transmit_DMA)
    HAL_UART_TxCpltCallback                  0x08002699   Thumb Code    14  uart_dma.o(i.HAL_UART_TxCpltCallback)
    HAL_UART_TxHalfCpltCallback              0x080026b1   Thumb Code     2  stm32f4xx_hal_uart.o(i.HAL_UART_TxHalfCpltCallback)
    HardFault_Handler                        0x080026b3   Thumb Code     2  stm32f4xx_it.o(i.HardFault_Handler)
    INIT_Action                              0x080026b5   Thumb Code   192  screen_app.o(i.INIT_Action)
    Init_To_Auto1                            0x08002785   Thumb Code    20  status_transmit.o(i.Init_To_Auto1)
    Init_To_Auto2                            0x080027a1   Thumb Code     8  status_transmit.o(i.Init_To_Auto2)
    Init_To_Manual                           0x080027ad   Thumb Code    18  status_transmit.o(i.Init_To_Manual)
    KEY_Init                                 0x080027c9   Thumb Code    86  key.o(i.KEY_Init)
    KEY_Scan                                 0x0800282d   Thumb Code   190  key.o(i.KEY_Scan)
    LED_Init                                 0x080028f9   Thumb Code    60  led.o(i.LED_Init)
    MANUAL_Action                            0x0800293d   Thumb Code   174  screen_app.o(i.MANUAL_Action)
    MX_DMA_Init                              0x080029fd   Thumb Code    56  dma.o(i.MX_DMA_Init)
    MX_GPIO_Init                             0x08002a39   Thumb Code   202  gpio.o(i.MX_GPIO_Init)
    MX_TIM12_Init                            0x08002b11   Thumb Code    98  tim.o(i.MX_TIM12_Init)
    MX_TIM13_Init                            0x08002b7d   Thumb Code    94  tim.o(i.MX_TIM13_Init)
    MX_TIM14_Init                            0x08002be5   Thumb Code    94  tim.o(i.MX_TIM14_Init)
    MX_TIM1_Init                             0x08002c4d   Thumb Code    98  tim.o(i.MX_TIM1_Init)
    MX_TIM2_Init                             0x08002cb9   Thumb Code    96  tim.o(i.MX_TIM2_Init)
    MX_TIM3_Init                             0x08002d1d   Thumb Code    96  tim.o(i.MX_TIM3_Init)
    MX_TIM4_Init                             0x08002d85   Thumb Code    96  tim.o(i.MX_TIM4_Init)
    MX_TIM5_Init                             0x08002ded   Thumb Code    92  tim.o(i.MX_TIM5_Init)
    MX_USART1_UART_Init                      0x08002e51   Thumb Code    32  usart.o(i.MX_USART1_UART_Init)
    MX_USART3_UART_Init                      0x08002e79   Thumb Code    32  usart.o(i.MX_USART3_UART_Init)
    Manual_To_Init                           0x08002ea1   Thumb Code    20  status_transmit.o(i.Manual_To_Init)
    MemManage_Handler                        0x08002ebd   Thumb Code     2  stm32f4xx_it.o(i.MemManage_Handler)
    NMI_Handler                              0x08002ebf   Thumb Code     2  stm32f4xx_it.o(i.NMI_Handler)
    PendSV_Handler                           0x08002ee1   Thumb Code     2  stm32f4xx_it.o(i.PendSV_Handler)
    ProcessData                              0x08002ee5   Thumb Code    60  uart_dma.o(i.ProcessData)
    Read_Encoder                             0x08002f2d   Thumb Code    96  motor.o(i.Read_Encoder)
    SVC_Handler                              0x08002fc1   Thumb Code     2  stm32f4xx_it.o(i.SVC_Handler)
    StartUartRxDMA                           0x08002fc5   Thumb Code    10  uart_dma.o(i.StartUartRxDMA)
    StartUartTxDMA                           0x08002fd9   Thumb Code    12  uart_dma.o(i.StartUartTxDMA)
    Stm32_Clock_Init                         0x08002ff1   Thumb Code   122  sys.o(i.Stm32_Clock_Init)
    SysTick_Handler                          0x08003075   Thumb Code     4  stm32f4xx_it.o(i.SysTick_Handler)
    SystemInit                               0x08003079   Thumb Code    66  system_stm32f4xx.o(i.SystemInit)
    TIM5_IRQHandler                          0x080030cd   Thumb Code     6  stm32f4xx_it.o(i.TIM5_IRQHandler)
    TIM_Base_SetConfig                       0x080030d9   Thumb Code   148  stm32f4xx_hal_tim.o(i.TIM_Base_SetConfig)
    TIM_CCxChannelCmd                        0x08003199   Thumb Code    22  stm32f4xx_hal_tim.o(i.TIM_CCxChannelCmd)
    TIM_OC2_SetConfig                        0x0800322d   Thumb Code    90  stm32f4xx_hal_tim.o(i.TIM_OC2_SetConfig)
    USART3_IRQHandler                        0x0800372d   Thumb Code    28  stm32f4xx_it.o(i.USART3_IRQHandler)
    UartRxData                               0x0800374d   Thumb Code    32  uart_dma.o(i.UartRxData)
    UartTxData                               0x0800376d   Thumb Code    38  uart_dma.o(i.UartTxData)
    UsageFault_Handler                       0x08003799   Thumb Code     2  stm32f4xx_it.o(i.UsageFault_Handler)
    __0printf                                0x0800379d   Thumb Code    22  printfa.o(i.__0printf)
    __1printf                                0x0800379d   Thumb Code     0  printfa.o(i.__0printf)
    __2printf                                0x0800379d   Thumb Code     0  printfa.o(i.__0printf)
    __c89printf                              0x0800379d   Thumb Code     0  printfa.o(i.__0printf)
    printf                                   0x0800379d   Thumb Code     0  printfa.o(i.__0printf)
    __aeabi_errno_addr                       0x080037bd   Thumb Code     4  errno.o(i.__aeabi_errno_addr)
    __rt_errno_addr                          0x080037bd   Thumb Code     0  errno.o(i.__aeabi_errno_addr)
    __scatterload_copy                       0x080037c5   Thumb Code    14  handlers.o(i.__scatterload_copy)
    __scatterload_null                       0x080037d3   Thumb Code     2  handlers.o(i.__scatterload_null)
    __scatterload_zeroinit                   0x080037d5   Thumb Code    14  handlers.o(i.__scatterload_zeroinit)
    delay_init                               0x08004099   Thumb Code    16  delay.o(i.delay_init)
    delay_ms                                 0x080040ad   Thumb Code    26  delay.o(i.delay_ms)
    delay_us                                 0x080040c9   Thumb Code    48  delay.o(i.delay_us)
    fputc                                    0x080040fd   Thumb Code    24  usart.o(i.fputc)
    globalInit                               0x08004119   Thumb Code   330  main.o(i.globalInit)
    ips114_clear                             0x080042b5   Thumb Code    44  seekfree_ips114_spi.o(i.ips114_clear)
    ips114_display_chinese                   0x080042e1   Thumb Code   122  seekfree_ips114_spi.o(i.ips114_display_chinese)
    ips114_drawpoint                         0x0800435b   Thumb Code    22  seekfree_ips114_spi.o(i.ips114_drawpoint)
    ips114_init                              0x08004371   Thumb Code   438  seekfree_ips114_spi.o(i.ips114_init)
    ips114_set_region                        0x08004531   Thumb Code    66  seekfree_ips114_spi.o(i.ips114_set_region)
    ips114_showchar                          0x08004575   Thumb Code    92  seekfree_ips114_spi.o(i.ips114_showchar)
    ips114_showstr                           0x080045d5   Thumb Code    46  seekfree_ips114_spi.o(i.ips114_showstr)
    ips114_showuint16                        0x08004603   Thumb Code   128  seekfree_ips114_spi.o(i.ips114_showuint16)
    ips114_writeData                         0x08004685   Thumb Code   120  seekfree_ips114_spi.o(i.ips114_writeData)
    ips114_writeIndex                        0x08004705   Thumb Code   120  seekfree_ips114_spi.o(i.ips114_writeIndex)
    ips114_writedata_16bit                   0x08004785   Thumb Code   124  seekfree_ips114_spi.o(i.ips114_writedata_16bit)
    ipsDrawRectangle                         0x08004809   Thumb Code   124  screen_app.o(i.ipsDrawRectangle)
    main                                     0x08004885   Thumb Code    54  main.o(i.main)
    str2double                               0x080048c5   Thumb Code   206  numandstr.o(i.str2double)
    str2int                                  0x0800499d   Thumb Code    68  numandstr.o(i.str2int)
    APBAHBPrescTable                         0x080049e0   Data          16  stm32f4xx_hal_rcc.o(.constdata)
    tft_ascii                                0x080049f8   Data        1520  seekfree_font.o(.constdata)
    chinese_test                             0x08004fe8   Data         480  seekfree_font.o(.constdata)
    __ctype_table                            0x080051c8   Data         129  ctype_o.o(.constdata)
    Region$$Table$$Base                      0x08005250   Number         0  anon$$obj.o(Region$$Table)
    Region$$Table$$Limit                     0x08005270   Number         0  anon$$obj.o(Region$$Table)
    staSystem                                0x20000000   Data           1  main.o(.data)
    keyValue                                 0x20000001   Data           1  main.o(.data)
    temp_usart3                              0x20000002   Data           1  main.o(.data)
    ipsPointerPosition                       0x20000004   Data           2  main.o(.data)
    SystemCoreClock                          0x20000008   Data           4  system_stm32f4xx.o(.data)
    AHBPrescTable                            0x2000000c   Data          16  system_stm32f4xx.o(.data)
    sendCompleteSign                         0x20000028   Data           1  uart_dma.o(.data)
    TxLen                                    0x20000029   Data           1  uart_dma.o(.data)
    a                                        0x2000002c   Data           4  uart_dma.o(.data)
    b                                        0x20000030   Data           4  uart_dma.o(.data)
    c                                        0x20000034   Data           4  uart_dma.o(.data)
    d                                        0x20000038   Data           8  uart_dma.o(.data)
    e                                        0x20000040   Data           8  uart_dma.o(.data)
    f                                        0x20000048   Data           8  uart_dma.o(.data)
    t                                        0x20000050   Data           1  screen_app.o(.data)
    pointer_x1                               0x20000052   Data           2  screen_app.o(.data)
    pointer_y1                               0x20000054   Data           2  screen_app.o(.data)
    pointer_x2                               0x20000056   Data           2  screen_app.o(.data)
    pointer_y2                               0x20000058   Data           2  screen_app.o(.data)
    tim_cnt_10                               0x2000005a   Data           2  timer.o(.data)
    __stdout                                 0x2000005c   Data           4  stdout.o(.data)
    huart1                                   0x20000064   Data          64  usart.o(.bss)
    huart3                                   0x200000a4   Data          64  usart.o(.bss)
    hdma_usart3_rx                           0x200000e4   Data          88  usart.o(.bss)
    hdma_usart3_tx                           0x2000013c   Data          88  usart.o(.bss)
    RxBuffer                                 0x20000194   Data         128  uart_dma.o(.bss)
    TxBuffer                                 0x20000214   Data         128  uart_dma.o(.bss)
    htim1                                    0x20000294   Data          60  tim.o(.bss)
    htim2                                    0x200002d0   Data          60  tim.o(.bss)
    htim3                                    0x2000030c   Data          60  tim.o(.bss)
    htim4                                    0x20000348   Data          60  tim.o(.bss)
    htim5                                    0x20000384   Data          60  tim.o(.bss)
    htim8                                    0x200003c0   Data          60  tim.o(.bss)
    htim9                                    0x200003fc   Data          60  tim.o(.bss)
    htim11                                   0x20000438   Data          60  tim.o(.bss)
    htim12                                   0x20000474   Data          60  tim.o(.bss)
    htim13                                   0x200004b0   Data          60  tim.o(.bss)
    htim14                                   0x200004ec   Data          60  tim.o(.bss)
    __initial_sp                             0x20000928   Data           0  startup_stm32f429xx.o(STACK)
    ltdc_lcd_framebuf                        0xc0000000   Data       2048000  ltdc.o(.ARM.__AT_0xC0000000)



==============================================================================

Memory Map of the image

  Image Entry point : 0x080001ad

  Load Region LR_IROM1 (Base: 0x08000000, Size: 0x000052d4, Max: 0x00100000, ABSOLUTE)

    Execution Region ER_IROM1 (Exec base: 0x08000000, Load base: 0x08000000, Size: 0x00005270, Max: 0x00100000, ABSOLUTE)

    Exec Addr    Load Addr    Size         Type   Attr      Idx    E Section Name        Object

    0x08000000   0x08000000   0x000001ac   Data   RO          582    RESET               startup_stm32f429xx.o
    0x080001ac   0x080001ac   0x00000000   Code   RO         5660  * .ARM.Collect$$$$00000000  mc_w.l(entry.o)
    0x080001ac   0x080001ac   0x00000004   Code   RO         5952    .ARM.Collect$$$$00000001  mc_w.l(entry2.o)
    0x080001b0   0x080001b0   0x00000004   Code   RO         5955    .ARM.Collect$$$$00000004  mc_w.l(entry5.o)
    0x080001b4   0x080001b4   0x00000000   Code   RO         5957    .ARM.Collect$$$$00000008  mc_w.l(entry7b.o)
    0x080001b4   0x080001b4   0x00000000   Code   RO         5959    .ARM.Collect$$$$0000000A  mc_w.l(entry8b.o)
    0x080001b4   0x080001b4   0x00000008   Code   RO         5960    .ARM.Collect$$$$0000000B  mc_w.l(entry9a.o)
    0x080001bc   0x080001bc   0x00000000   Code   RO         5962    .ARM.Collect$$$$0000000D  mc_w.l(entry10a.o)
    0x080001bc   0x080001bc   0x00000000   Code   RO         5964    .ARM.Collect$$$$0000000F  mc_w.l(entry11a.o)
    0x080001bc   0x080001bc   0x00000004   Code   RO         5953    .ARM.Collect$$$$00002712  mc_w.l(entry2.o)
    0x080001c0   0x080001c0   0x00000024   Code   RO          583    .text               startup_stm32f429xx.o
    0x080001e4   0x080001e4   0x00000024   Code   RO         5663    .text               mc_w.l(memcpya.o)
    0x08000208   0x08000208   0x00000024   Code   RO         5665    .text               mc_w.l(memseta.o)
    0x0800022c   0x0800022c   0x0000001a   Code   RO         5932    .text               mc_w.l(atoi.o)
    0x08000246   0x08000246   0x0000014e   Code   RO         5934    .text               mf_w.l(dadd.o)
    0x08000394   0x08000394   0x000000e4   Code   RO         5936    .text               mf_w.l(dmul.o)
    0x08000478   0x08000478   0x000000de   Code   RO         5938    .text               mf_w.l(ddiv.o)
    0x08000556   0x08000556   0x00000022   Code   RO         5940    .text               mf_w.l(dflti.o)
    0x08000578   0x08000578   0x00000030   Code   RO         5950    .text               mf_w.l(cdrcmple.o)
    0x080005a8   0x080005a8   0x0000002c   Code   RO         5967    .text               mc_w.l(uidiv.o)
    0x080005d4   0x080005d4   0x00000062   Code   RO         5969    .text               mc_w.l(uldiv.o)
    0x08000636   0x08000636   0x0000001e   Code   RO         5971    .text               mc_w.l(llshl.o)
    0x08000654   0x08000654   0x00000020   Code   RO         5973    .text               mc_w.l(llushr.o)
    0x08000674   0x08000674   0x00000024   Code   RO         5975    .text               mc_w.l(llsshr.o)
    0x08000698   0x08000698   0x00000070   Code   RO         5984    .text               mc_w.l(strtol.o)
    0x08000708   0x08000708   0x00000000   Code   RO         5986    .text               mc_w.l(iusefp.o)
    0x08000708   0x08000708   0x000000ba   Code   RO         5987    .text               mf_w.l(depilogue.o)
    0x080007c2   0x080007c2   0x00000030   Code   RO         5991    .text               mf_w.l(dfixul.o)
    0x080007f2   0x080007f2   0x00000002   PAD
    0x080007f4   0x080007f4   0x00000024   Code   RO         5993    .text               mc_w.l(init.o)
    0x08000818   0x08000818   0x00000008   Code   RO         5995    .text               mc_w.l(ctype_o.o)
    0x08000820   0x08000820   0x0000009e   Code   RO         6023    .text               mc_w.l(_strtoul.o)
    0x080008be   0x080008be   0x0000001c   Code   RO         6025    .text               mc_w.l(_chval.o)
    0x080008da   0x080008da   0x00000002   PAD
    0x080008dc   0x080008dc   0x00000024   Code   RO         5417    i.AUTO1_Action      screen_app.o
    0x08000900   0x08000900   0x0000001c   Code   RO         5528    i.Auto1_To_Init     status_transmit.o
    0x0800091c   0x0800091c   0x00000044   Code   RO         5387    i.BEEP_Init         beep.o
    0x08000960   0x08000960   0x00000028   Code   RO         5388    i.BEEP_ONCE         beep.o
    0x08000988   0x08000988   0x00000002   Code   RO          343    i.BusFault_Handler  stm32f4xx_it.o
    0x0800098a   0x0800098a   0x00000002   PAD
    0x0800098c   0x0800098c   0x0000000c   Code   RO          344    i.DMA1_Stream1_IRQHandler  stm32f4xx_it.o
    0x08000998   0x08000998   0x0000000c   Code   RO          345    i.DMA1_Stream3_IRQHandler  stm32f4xx_it.o
    0x080009a4   0x080009a4   0x00000028   Code   RO         1725    i.DMA_CalcBaseAndBitshift  stm32f4xx_hal_dma.o
    0x080009cc   0x080009cc   0x00000028   Code   RO         1726    i.DMA_SetConfig     stm32f4xx_hal_dma.o
    0x080009f4   0x080009f4   0x00000060   Code   RO         4920    i.DataProcess       uart_dma.o
    0x08000a54   0x08000a54   0x00000002   Code   RO          346    i.DebugMon_Handler  stm32f4xx_it.o
    0x08000a56   0x08000a56   0x00000002   PAD
    0x08000a58   0x08000a58   0x00000020   Code   RO         5419    i.Draw_AUTO1_Screen  screen_app.o
    0x08000a78   0x08000a78   0x00000064   Code   RO         5422    i.Draw_INIT_Screen  screen_app.o
    0x08000adc   0x08000adc   0x000000fc   Code   RO         5423    i.Draw_MAUAL_Screen  screen_app.o
    0x08000bd8   0x08000bd8   0x00000004   Code   RO            4    i.Error_Handler     main.o
    0x08000bdc   0x08000bdc   0x00000052   Code   RO         1727    i.HAL_DMA_Abort     stm32f4xx_hal_dma.o
    0x08000c2e   0x08000c2e   0x00000002   PAD
    0x08000c30   0x08000c30   0x000001a4   Code   RO         1731    i.HAL_DMA_IRQHandler  stm32f4xx_hal_dma.o
    0x08000dd4   0x08000dd4   0x00000078   Code   RO         1732    i.HAL_DMA_Init      stm32f4xx_hal_dma.o
    0x08000e4c   0x08000e4c   0x0000004e   Code   RO         1735    i.HAL_DMA_Start_IT  stm32f4xx_hal_dma.o
    0x08000e9a   0x08000e9a   0x00000016   Code   RO          597    i.HAL_Delay         stm32f4xx_hal.o
    0x08000eb0   0x08000eb0   0x000001dc   Code   RO          874    i.HAL_GPIO_Init     stm32f4xx_hal_gpio.o
    0x0800108c   0x0800108c   0x0000000a   Code   RO          876    i.HAL_GPIO_ReadPin  stm32f4xx_hal_gpio.o
    0x08001096   0x08001096   0x00000008   Code   RO          877    i.HAL_GPIO_TogglePin  stm32f4xx_hal_gpio.o
    0x0800109e   0x0800109e   0x0000000a   Code   RO          878    i.HAL_GPIO_WritePin  stm32f4xx_hal_gpio.o
    0x080010a8   0x080010a8   0x0000000c   Code   RO          605    i.HAL_GetTick       stm32f4xx_hal.o
    0x080010b4   0x080010b4   0x00000010   Code   RO          606    i.HAL_IncTick       stm32f4xx_hal.o
    0x080010c4   0x080010c4   0x00000034   Code   RO          607    i.HAL_Init          stm32f4xx_hal.o
    0x080010f8   0x080010f8   0x00000022   Code   RO          608    i.HAL_InitTick      stm32f4xx_hal.o
    0x0800111a   0x0800111a   0x00000008   Code   RO          610    i.HAL_MspInit       stm32f4xx_hal.o
    0x08001122   0x08001122   0x00000016   Code   RO          751    i.HAL_NVIC_EnableIRQ  stm32f4xx_hal_cortex.o
    0x08001138   0x08001138   0x00000040   Code   RO          757    i.HAL_NVIC_SetPriority  stm32f4xx_hal_cortex.o
    0x08001178   0x08001178   0x00000024   Code   RO          758    i.HAL_NVIC_SetPriorityGrouping  stm32f4xx_hal_cortex.o
    0x0800119c   0x0800119c   0x00000088   Code   RO         1063    i.HAL_PWREx_EnableOverDrive  stm32f4xx_hal_pwr_ex.o
    0x08001224   0x08001224   0x00000208   Code   RO         1130    i.HAL_RCC_ClockConfig  stm32f4xx_hal_rcc.o
    0x0800142c   0x0800142c   0x00000034   Code   RO         1135    i.HAL_RCC_GetHCLKFreq  stm32f4xx_hal_rcc.o
    0x08001460   0x08001460   0x0000002c   Code   RO         1137    i.HAL_RCC_GetPCLK1Freq  stm32f4xx_hal_rcc.o
    0x0800148c   0x0800148c   0x0000002c   Code   RO         1138    i.HAL_RCC_GetPCLK2Freq  stm32f4xx_hal_rcc.o
    0x080014b8   0x080014b8   0x00000074   Code   RO         1139    i.HAL_RCC_GetSysClockFreq  stm32f4xx_hal_rcc.o
    0x0800152c   0x0800152c   0x0000031c   Code   RO         1142    i.HAL_RCC_OscConfig  stm32f4xx_hal_rcc.o
    0x08001848   0x08001848   0x00000018   Code   RO          760    i.HAL_SYSTICK_CLKSourceConfig  stm32f4xx_hal_cortex.o
    0x08001860   0x08001860   0x00000028   Code   RO          762    i.HAL_SYSTICK_Config  stm32f4xx_hal_cortex.o
    0x08001888   0x08001888   0x00000002   Code   RO         2480    i.HAL_TIMEx_BreakCallback  stm32f4xx_hal_tim_ex.o
    0x0800188a   0x0800188a   0x00000002   Code   RO         2481    i.HAL_TIMEx_CommutationCallback  stm32f4xx_hal_tim_ex.o
    0x0800188c   0x0800188c   0x00000050   Code   RO         2497    i.HAL_TIMEx_MasterConfigSynchronization  stm32f4xx_hal_tim_ex.o
    0x080018dc   0x080018dc   0x00000036   Code   RO         1851    i.HAL_TIM_Base_Init  stm32f4xx_hal_tim.o
    0x08001912   0x08001912   0x00000002   PAD
    0x08001914   0x08001914   0x0000008c   Code   RO         5256    i.HAL_TIM_Base_MspInit  tim.o
    0x080019a0   0x080019a0   0x00000018   Code   RO         1856    i.HAL_TIM_Base_Start_IT  stm32f4xx_hal_tim.o
    0x080019b8   0x080019b8   0x000000f0   Code   RO         1860    i.HAL_TIM_ConfigClockSource  stm32f4xx_hal_tim.o
    0x08001aa8   0x08001aa8   0x00000096   Code   RO         1869    i.HAL_TIM_Encoder_Init  stm32f4xx_hal_tim.o
    0x08001b3e   0x08001b3e   0x00000002   PAD
    0x08001b40   0x08001b40   0x00000144   Code   RO         5258    i.HAL_TIM_Encoder_MspInit  tim.o
    0x08001c84   0x08001c84   0x00000032   Code   RO         1872    i.HAL_TIM_Encoder_Start  stm32f4xx_hal_tim.o
    0x08001cb6   0x08001cb6   0x00000002   Code   RO         1880    i.HAL_TIM_IC_CaptureCallback  stm32f4xx_hal_tim.o
    0x08001cb8   0x08001cb8   0x00000166   Code   RO         1893    i.HAL_TIM_IRQHandler  stm32f4xx_hal_tim.o
    0x08001e1e   0x08001e1e   0x00000002   PAD
    0x08001e20   0x08001e20   0x0000014c   Code   RO         5259    i.HAL_TIM_MspPostInit  tim.o
    0x08001f6c   0x08001f6c   0x00000002   Code   RO         1896    i.HAL_TIM_OC_DelayElapsedCallback  stm32f4xx_hal_tim.o
    0x08001f6e   0x08001f6e   0x000000d0   Code   RO         1917    i.HAL_TIM_PWM_ConfigChannel  stm32f4xx_hal_tim.o
    0x0800203e   0x0800203e   0x00000036   Code   RO         1920    i.HAL_TIM_PWM_Init  stm32f4xx_hal_tim.o
    0x08002074   0x08002074   0x00000060   Code   RO         5261    i.HAL_TIM_PWM_MspInit  tim.o
    0x080020d4   0x080020d4   0x00000002   Code   RO         1923    i.HAL_TIM_PWM_PulseFinishedCallback  stm32f4xx_hal_tim.o
    0x080020d6   0x080020d6   0x00000002   PAD
    0x080020d8   0x080020d8   0x00000038   Code   RO         1924    i.HAL_TIM_PWM_Start  stm32f4xx_hal_tim.o
    0x08002110   0x08002110   0x00000064   Code   RO         5594    i.HAL_TIM_PeriodElapsedCallback  timer.o
    0x08002174   0x08002174   0x00000002   Code   RO         1934    i.HAL_TIM_TriggerCallback  stm32f4xx_hal_tim.o
    0x08002176   0x08002176   0x00000032   Code   RO         1280    i.HAL_UART_DMAStop  stm32f4xx_hal_uart.o
    0x080021a8   0x080021a8   0x00000002   Code   RO         1282    i.HAL_UART_ErrorCallback  stm32f4xx_hal_uart.o
    0x080021aa   0x080021aa   0x000000f4   Code   RO         1285    i.HAL_UART_IRQHandler  stm32f4xx_hal_uart.o
    0x0800229e   0x0800229e   0x0000001a   Code   RO         4921    i.HAL_UART_IdleCallback  uart_dma.o
    0x080022b8   0x080022b8   0x0000005e   Code   RO         1286    i.HAL_UART_Init     stm32f4xx_hal_uart.o
    0x08002316   0x08002316   0x00000002   PAD
    0x08002318   0x08002318   0x0000011c   Code   RO         3950    i.HAL_UART_MspInit  usart.o
    0x08002434   0x08002434   0x00000084   Code   RO         1290    i.HAL_UART_Receive_DMA  stm32f4xx_hal_uart.o
    0x080024b8   0x080024b8   0x00000068   Code   RO         1291    i.HAL_UART_Receive_IT  stm32f4xx_hal_uart.o
    0x08002520   0x08002520   0x0000001c   Code   RO         4922    i.HAL_UART_RxCpltCallback  uart_dma.o
    0x0800253c   0x0800253c   0x00000002   Code   RO         1293    i.HAL_UART_RxHalfCpltCallback  stm32f4xx_hal_uart.o
    0x0800253e   0x0800253e   0x000000c8   Code   RO         1294    i.HAL_UART_Transmit  stm32f4xx_hal_uart.o
    0x08002606   0x08002606   0x00000002   PAD
    0x08002608   0x08002608   0x00000090   Code   RO         1295    i.HAL_UART_Transmit_DMA  stm32f4xx_hal_uart.o
    0x08002698   0x08002698   0x00000018   Code   RO         4923    i.HAL_UART_TxCpltCallback  uart_dma.o
    0x080026b0   0x080026b0   0x00000002   Code   RO         1298    i.HAL_UART_TxHalfCpltCallback  stm32f4xx_hal_uart.o
    0x080026b2   0x080026b2   0x00000002   Code   RO          347    i.HardFault_Handler  stm32f4xx_it.o
    0x080026b4   0x080026b4   0x000000d0   Code   RO         5424    i.INIT_Action       screen_app.o
    0x08002784   0x08002784   0x0000001c   Code   RO         5531    i.Init_To_Auto1     status_transmit.o
    0x080027a0   0x080027a0   0x0000000c   Code   RO         5532    i.Init_To_Auto2     status_transmit.o
    0x080027ac   0x080027ac   0x0000001c   Code   RO         5534    i.Init_To_Manual    status_transmit.o
    0x080027c8   0x080027c8   0x00000064   Code   RO         4031    i.KEY_Init          key.o
    0x0800282c   0x0800282c   0x000000cc   Code   RO         4032    i.KEY_Scan          key.o
    0x080028f8   0x080028f8   0x00000044   Code   RO         4007    i.LED_Init          led.o
    0x0800293c   0x0800293c   0x000000c0   Code   RO         5425    i.MANUAL_Action     screen_app.o
    0x080029fc   0x080029fc   0x0000003c   Code   RO         5016    i.MX_DMA_Init       dma.o
    0x08002a38   0x08002a38   0x000000d8   Code   RO         5040    i.MX_GPIO_Init      gpio.o
    0x08002b10   0x08002b10   0x0000006c   Code   RO         5263    i.MX_TIM12_Init     tim.o
    0x08002b7c   0x08002b7c   0x00000068   Code   RO         5264    i.MX_TIM13_Init     tim.o
    0x08002be4   0x08002be4   0x00000068   Code   RO         5265    i.MX_TIM14_Init     tim.o
    0x08002c4c   0x08002c4c   0x0000006c   Code   RO         5266    i.MX_TIM1_Init      tim.o
    0x08002cb8   0x08002cb8   0x00000064   Code   RO         5267    i.MX_TIM2_Init      tim.o
    0x08002d1c   0x08002d1c   0x00000068   Code   RO         5268    i.MX_TIM3_Init      tim.o
    0x08002d84   0x08002d84   0x00000068   Code   RO         5269    i.MX_TIM4_Init      tim.o
    0x08002dec   0x08002dec   0x00000064   Code   RO         5270    i.MX_TIM5_Init      tim.o
    0x08002e50   0x08002e50   0x00000028   Code   RO         3951    i.MX_USART1_UART_Init  usart.o
    0x08002e78   0x08002e78   0x00000028   Code   RO         3952    i.MX_USART3_UART_Init  usart.o
    0x08002ea0   0x08002ea0   0x0000001c   Code   RO         5535    i.Manual_To_Init    status_transmit.o
    0x08002ebc   0x08002ebc   0x00000002   Code   RO          348    i.MemManage_Handler  stm32f4xx_it.o
    0x08002ebe   0x08002ebe   0x00000002   Code   RO          349    i.NMI_Handler       stm32f4xx_it.o
    0x08002ec0   0x08002ec0   0x00000020   Code   RO          764    i.NVIC_SetPriority  stm32f4xx_hal_cortex.o
    0x08002ee0   0x08002ee0   0x00000002   Code   RO          350    i.PendSV_Handler    stm32f4xx_it.o
    0x08002ee2   0x08002ee2   0x00000002   PAD
    0x08002ee4   0x08002ee4   0x00000048   Code   RO         4924    i.ProcessData       uart_dma.o
    0x08002f2c   0x08002f2c   0x00000094   Code   RO         5627    i.Read_Encoder      motor.o
    0x08002fc0   0x08002fc0   0x00000002   Code   RO          351    i.SVC_Handler       stm32f4xx_it.o
    0x08002fc2   0x08002fc2   0x00000002   PAD
    0x08002fc4   0x08002fc4   0x00000014   Code   RO         4925    i.StartUartRxDMA    uart_dma.o
    0x08002fd8   0x08002fd8   0x00000018   Code   RO         4926    i.StartUartTxDMA    uart_dma.o
    0x08002ff0   0x08002ff0   0x00000084   Code   RO         3922    i.Stm32_Clock_Init  sys.o
    0x08003074   0x08003074   0x00000004   Code   RO          352    i.SysTick_Handler   stm32f4xx_it.o
    0x08003078   0x08003078   0x00000054   Code   RO          448    i.SystemInit        system_stm32f4xx.o
    0x080030cc   0x080030cc   0x0000000c   Code   RO          353    i.TIM5_IRQHandler   stm32f4xx_it.o
    0x080030d8   0x080030d8   0x000000c0   Code   RO         1935    i.TIM_Base_SetConfig  stm32f4xx_hal_tim.o
    0x08003198   0x08003198   0x00000016   Code   RO         1936    i.TIM_CCxChannelCmd  stm32f4xx_hal_tim.o
    0x080031ae   0x080031ae   0x00000014   Code   RO         1942    i.TIM_ETR_SetConfig  stm32f4xx_hal_tim.o
    0x080031c2   0x080031c2   0x00000010   Code   RO         1943    i.TIM_ITRx_SetConfig  stm32f4xx_hal_tim.o
    0x080031d2   0x080031d2   0x00000002   PAD
    0x080031d4   0x080031d4   0x00000058   Code   RO         1944    i.TIM_OC1_SetConfig  stm32f4xx_hal_tim.o
    0x0800322c   0x0800322c   0x00000064   Code   RO         1945    i.TIM_OC2_SetConfig  stm32f4xx_hal_tim.o
    0x08003290   0x08003290   0x00000060   Code   RO         1946    i.TIM_OC3_SetConfig  stm32f4xx_hal_tim.o
    0x080032f0   0x080032f0   0x00000050   Code   RO         1947    i.TIM_OC4_SetConfig  stm32f4xx_hal_tim.o
    0x08003340   0x08003340   0x00000022   Code   RO         1949    i.TIM_TI1_ConfigInputStage  stm32f4xx_hal_tim.o
    0x08003362   0x08003362   0x00000024   Code   RO         1951    i.TIM_TI2_ConfigInputStage  stm32f4xx_hal_tim.o
    0x08003386   0x08003386   0x0000001e   Code   RO         1299    i.UART_DMAError     stm32f4xx_hal_uart.o
    0x080033a4   0x080033a4   0x00000034   Code   RO         1300    i.UART_DMAReceiveCplt  stm32f4xx_hal_uart.o
    0x080033d8   0x080033d8   0x0000000a   Code   RO         1301    i.UART_DMARxHalfCplt  stm32f4xx_hal_uart.o
    0x080033e2   0x080033e2   0x0000002e   Code   RO         1302    i.UART_DMATransmitCplt  stm32f4xx_hal_uart.o
    0x08003410   0x08003410   0x0000000a   Code   RO         1303    i.UART_DMATxHalfCplt  stm32f4xx_hal_uart.o
    0x0800341a   0x0800341a   0x000000a6   Code   RO         1304    i.UART_Receive_IT   stm32f4xx_hal_uart.o
    0x080034c0   0x080034c0   0x00000174   Code   RO         1305    i.UART_SetConfig    stm32f4xx_hal_uart.o
    0x08003634   0x08003634   0x00000066   Code   RO         1306    i.UART_Transmit_IT  stm32f4xx_hal_uart.o
    0x0800369a   0x0800369a   0x00000092   Code   RO         1307    i.UART_WaitOnFlagUntilTimeout  stm32f4xx_hal_uart.o
    0x0800372c   0x0800372c   0x00000020   Code   RO          354    i.USART3_IRQHandler  stm32f4xx_it.o
    0x0800374c   0x0800374c   0x00000020   Code   RO         4929    i.UartRxData        uart_dma.o
    0x0800376c   0x0800376c   0x0000002c   Code   RO         4930    i.UartTxData        uart_dma.o
    0x08003798   0x08003798   0x00000002   Code   RO          355    i.UsageFault_Handler  stm32f4xx_it.o
    0x0800379a   0x0800379a   0x00000002   PAD
    0x0800379c   0x0800379c   0x00000020   Code   RO         5904    i.__0printf         mc_w.l(printfa.o)
    0x080037bc   0x080037bc   0x00000008   Code   RO         5977    i.__aeabi_errno_addr  mc_w.l(errno.o)
    0x080037c4   0x080037c4   0x0000000e   Code   RO         6029    i.__scatterload_copy  mc_w.l(handlers.o)
    0x080037d2   0x080037d2   0x00000002   Code   RO         6030    i.__scatterload_null  mc_w.l(handlers.o)
    0x080037d4   0x080037d4   0x0000000e   Code   RO         6031    i.__scatterload_zeroinit  mc_w.l(handlers.o)
    0x080037e2   0x080037e2   0x00000002   PAD
    0x080037e4   0x080037e4   0x00000184   Code   RO         5911    i._fp_digits        mc_w.l(printfa.o)
    0x08003968   0x08003968   0x000006dc   Code   RO         5912    i._printf_core      mc_w.l(printfa.o)
    0x08004044   0x08004044   0x00000024   Code   RO         5913    i._printf_post_padding  mc_w.l(printfa.o)
    0x08004068   0x08004068   0x0000002e   Code   RO         5914    i._printf_pre_padding  mc_w.l(printfa.o)
    0x08004096   0x08004096   0x00000002   PAD
    0x08004098   0x08004098   0x00000014   Code   RO         3883    i.delay_init        delay.o
    0x080040ac   0x080040ac   0x0000001a   Code   RO         3884    i.delay_ms          delay.o
    0x080040c6   0x080040c6   0x00000002   PAD
    0x080040c8   0x080040c8   0x00000034   Code   RO         3885    i.delay_us          delay.o
    0x080040fc   0x080040fc   0x0000001c   Code   RO         3953    i.fputc             usart.o
    0x08004118   0x08004118   0x0000019c   Code   RO            5    i.globalInit        main.o
    0x080042b4   0x080042b4   0x0000002c   Code   RO         5089    i.ips114_clear      seekfree_ips114_spi.o
    0x080042e0   0x080042e0   0x0000007a   Code   RO         5090    i.ips114_display_chinese  seekfree_ips114_spi.o
    0x0800435a   0x0800435a   0x00000016   Code   RO         5094    i.ips114_drawpoint  seekfree_ips114_spi.o
    0x08004370   0x08004370   0x000001c0   Code   RO         5095    i.ips114_init       seekfree_ips114_spi.o
    0x08004530   0x08004530   0x00000042   Code   RO         5096    i.ips114_set_region  seekfree_ips114_spi.o
    0x08004572   0x08004572   0x00000002   PAD
    0x08004574   0x08004574   0x00000060   Code   RO         5097    i.ips114_showchar   seekfree_ips114_spi.o
    0x080045d4   0x080045d4   0x0000002e   Code   RO         5100    i.ips114_showstr    seekfree_ips114_spi.o
    0x08004602   0x08004602   0x00000080   Code   RO         5101    i.ips114_showuint16  seekfree_ips114_spi.o
    0x08004682   0x08004682   0x00000002   PAD
    0x08004684   0x08004684   0x00000080   Code   RO         5103    i.ips114_writeData  seekfree_ips114_spi.o
    0x08004704   0x08004704   0x00000080   Code   RO         5104    i.ips114_writeIndex  seekfree_ips114_spi.o
    0x08004784   0x08004784   0x00000084   Code   RO         5105    i.ips114_writedata_16bit  seekfree_ips114_spi.o
    0x08004808   0x08004808   0x0000007c   Code   RO         5428    i.ipsDrawRectangle  screen_app.o
    0x08004884   0x08004884   0x00000040   Code   RO            6    i.main              main.o
    0x080048c4   0x080048c4   0x000000d8   Code   RO         4887    i.str2double        numandstr.o
    0x0800499c   0x0800499c   0x00000044   Code   RO         4888    i.str2int           numandstr.o
    0x080049e0   0x080049e0   0x00000010   Data   RO         1143    .constdata          stm32f4xx_hal_rcc.o
    0x080049f0   0x080049f0   0x00000008   Data   RO         1736    .constdata          stm32f4xx_hal_dma.o
    0x080049f8   0x080049f8   0x000005f0   Data   RO         5064    .constdata          seekfree_font.o
    0x08004fe8   0x08004fe8   0x000001e0   Data   RO         5065    .constdata          seekfree_font.o
    0x080051c8   0x080051c8   0x00000081   Data   RO         5996    .constdata          mc_w.l(ctype_o.o)
    0x08005249   0x08005249   0x00000003   PAD
    0x0800524c   0x0800524c   0x00000004   Data   RO         5997    .constdata          mc_w.l(ctype_o.o)
    0x08005250   0x08005250   0x00000020   Data   RO         6027    Region$$Table       anon$$obj.o


    Execution Region RW_IRAM1 (Exec base: 0x20000000, Load base: 0x08005270, Size: 0x00000928, Max: 0x00030000, ABSOLUTE)

    Exec Addr    Load Addr    Size         Type   Attr      Idx    E Section Name        Object

    0x20000000   0x08005270   0x00000003   Data   RW            7    .data               main.o
    0x20000003   0x08005273   0x00000001   PAD
    0x20000004   0x08005274   0x00000002   Data   RW            9    .data               main.o
    0x20000006   0x08005276   0x00000002   PAD
    0x20000008   0x08005278   0x00000014   Data   RW          449    .data               system_stm32f4xx.o
    0x2000001c   0x0800528c   0x00000004   Data   RW          613    .data               stm32f4xx_hal.o
    0x20000020   0x08005290   0x00000004   Data   RW         3886    .data               delay.o
    0x20000024   0x08005294   0x00000001   Data   RW         4033    .data               key.o
    0x20000025   0x08005295   0x00000003   PAD
    0x20000028   0x08005298   0x00000028   Data   RW         4932    .data               uart_dma.o
    0x20000050   0x080052c0   0x0000000a   Data   RW         5432    .data               screen_app.o
    0x2000005a   0x080052ca   0x00000002   Data   RW         5597    .data               timer.o
    0x2000005c   0x080052cc   0x00000004   Data   RW         5966    .data               mc_w.l(stdout.o)
    0x20000060   0x080052d0   0x00000004   Data   RW         5980    .data               mc_w.l(errno.o)
    0x20000064        -       0x00000130   Zero   RW         3954    .bss                usart.o
    0x20000194        -       0x00000100   Zero   RW         4931    .bss                uart_dma.o
    0x20000294        -       0x00000294   Zero   RW         5273    .bss                tim.o
    0x20000528        -       0x00000400   Zero   RW          580    STACK               startup_stm32f429xx.o



  Load Region LR$$.ARM.__AT_0xC0000000 (Base: 0xc0000000, Size: 0x00000000, Max: 0x001f4000, ABSOLUTE)

    Execution Region ER$$.ARM.__AT_0xC0000000 (Exec base: 0xc0000000, Load base: 0xc0000000, Size: 0x001f4000, Max: 0x001f4000, ABSOLUTE, UNINIT)

    Exec Addr    Load Addr    Size         Type   Attr      Idx    E Section Name        Object

    0xc0000000        -       0x001f4000   Zero   RW         4364    .ARM.__AT_0xC0000000  ltdc.o


==============================================================================

Image component sizes


      Code (inc. data)   RO Data    RW Data    ZI Data      Debug   Object Name

       108         16          0          0          0       1360   beep.o
        98          8          0          4          0       1939   delay.o
        60          4          0          0          0        806   dma.o
       216         14          0          0          0       1103   gpio.o
       304         28          0          1          0       1682   key.o
        68          8          0          0          0        863   led.o
         0          0          0          0    2048000       1950   ltdc.o
       480         92          0          5          0     418377   main.o
       148         68          0          0          0        707   motor.o
       284         10          0          0          0       2255   numandstr.o
       944        136          0         10          0       5341   screen_app.o
         0          0       2000          0          0        613   seekfree_font.o
      1360         38          0          0          0       8696   seekfree_ips114_spi.o
        36          8        428          0       1024        824   startup_stm32f429xx.o
       124         38          0          0          0       2618   status_transmit.o
       144         16          0          4          0       4700   stm32f4xx_hal.o
       218         14          0          0          0      30881   stm32f4xx_hal_cortex.o
       780         16          8          0          0       5311   stm32f4xx_hal_dma.o
       504         54          0          0          0       3908   stm32f4xx_hal_gpio.o
       136         14          0          0          0       1296   stm32f4xx_hal_pwr_ex.o
      1572         72         16          0          0       6339   stm32f4xx_hal_rcc.o
      1886         88          0          0          0      17921   stm32f4xx_hal_tim.o
        84          0          0          0          0       2454   stm32f4xx_hal_tim_ex.o
      1908         34          0          0          0      15019   stm32f4xx_hal_uart.o
        88         22          0          0          0       5836   stm32f4xx_it.o
       132         10          0          0          0       1135   sys.o
        84         18          0         20          0       1033   system_stm32f4xx.o
      1724        186          0          0        660       9316   tim.o
       100         24          0          2          0       1205   timer.o
       366         66          0         40        256       6275   uart_dma.o
       392         48          0          0        304       3117   usart.o

    ----------------------------------------------------------------------
     14380       1150       2484         92    2050244     564880   Object Totals
         0          0         32          0          0          0   (incl. Generated)
        32          0          0          6          0          0   (incl. Padding)

    ----------------------------------------------------------------------

      Code (inc. data)   RO Data    RW Data    ZI Data      Debug   Library Member Name

        28          0          0          0          0         68   _chval.o
       158          0          0          0          0         92   _strtoul.o
        26          0          0          0          0         80   atoi.o
         8          4        133          0          0         68   ctype_o.o
         0          0          0          0          0          0   entry.o
         0          0          0          0          0          0   entry10a.o
         0          0          0          0          0          0   entry11a.o
         8          4          0          0          0          0   entry2.o
         4          0          0          0          0          0   entry5.o
         0          0          0          0          0          0   entry7b.o
         0          0          0          0          0          0   entry8b.o
         8          4          0          0          0          0   entry9a.o
         8          4          0          4          0         68   errno.o
        30          0          0          0          0          0   handlers.o
        36          8          0          0          0         68   init.o
         0          0          0          0          0          0   iusefp.o
        30          0          0          0          0         68   llshl.o
        36          0          0          0          0         68   llsshr.o
        32          0          0          0          0         68   llushr.o
        36          0          0          0          0         68   memcpya.o
        36          0          0          0          0        108   memseta.o
      2258         90          0          0          0        452   printfa.o
         0          0          0          4          0          0   stdout.o
       112          0          0          0          0         88   strtol.o
        44          0          0          0          0         80   uidiv.o
        98          0          0          0          0         92   uldiv.o
        48          0          0          0          0         68   cdrcmple.o
       334          0          0          0          0        148   dadd.o
       222          0          0          0          0        100   ddiv.o
       186          0          0          0          0        176   depilogue.o
        48          0          0          0          0         68   dfixul.o
        34          0          0          0          0         76   dflti.o
       228          0          0          0          0         96   dmul.o

    ----------------------------------------------------------------------
      4104        114        136          8          0       2268   Library Totals
         8          0          3          0          0          0   (incl. Padding)

    ----------------------------------------------------------------------

      Code (inc. data)   RO Data    RW Data    ZI Data      Debug   Library Name

      2996        114        133          8          0       1536   mc_w.l
      1100          0          0          0          0        732   mf_w.l

    ----------------------------------------------------------------------
      4104        114        136          8          0       2268   Library Totals

    ----------------------------------------------------------------------

==============================================================================


      Code (inc. data)   RO Data    RW Data    ZI Data      Debug   

     18484       1264       2620        100    2050244     551408   Grand Totals
     18484       1264       2620        100    2050244     551408   ELF Image Totals
     18484       1264       2620        100          0          0   ROM Totals

==============================================================================

    Total RO  Size (Code + RO Data)                21104 (  20.61kB)
    Total RW  Size (RW Data + ZI Data)           2050344 (2002.29kB)
    Total ROM Size (Code + RO Data + RW Data)      21204 (  20.71kB)

==============================================================================

